###############################################################################
#
# IAR ELF Linker V7.80.1.11864/W32 for ARM                10/Jul/2019  16:37:30
# Copyright 2007-2016 IAR Systems AB.
#
#    Output file  =  
#        C:\Users\klsw7\Documents\SHACS_F446RE\EWARM\SHACS_F446RE\Exe\SHACS_F446RE.out
#    Map file     =  
#        C:\Users\klsw7\Documents\SHACS_F446RE\EWARM\SHACS_F446RE\List\SHACS_F446RE.map
#    Command line =  
#        C:\Users\klsw7\Documents\SHACS_F446RE\EWARM\SHACS_F446RE\Obj\cmsis_os.o
#        C:\Users\klsw7\Documents\SHACS_F446RE\EWARM\SHACS_F446RE\Obj\croutine.o
#        C:\Users\klsw7\Documents\SHACS_F446RE\EWARM\SHACS_F446RE\Obj\event_groups.o
#        C:\Users\klsw7\Documents\SHACS_F446RE\EWARM\SHACS_F446RE\Obj\freertos.o
#        C:\Users\klsw7\Documents\SHACS_F446RE\EWARM\SHACS_F446RE\Obj\heap_4.o
#        C:\Users\klsw7\Documents\SHACS_F446RE\EWARM\SHACS_F446RE\Obj\list.o
#        C:\Users\klsw7\Documents\SHACS_F446RE\EWARM\SHACS_F446RE\Obj\main.o
#        C:\Users\klsw7\Documents\SHACS_F446RE\EWARM\SHACS_F446RE\Obj\port.o
#        C:\Users\klsw7\Documents\SHACS_F446RE\EWARM\SHACS_F446RE\Obj\portasm.o
#        C:\Users\klsw7\Documents\SHACS_F446RE\EWARM\SHACS_F446RE\Obj\queue.o
#        C:\Users\klsw7\Documents\SHACS_F446RE\EWARM\SHACS_F446RE\Obj\startup_stm32f446xx.o
#        C:\Users\klsw7\Documents\SHACS_F446RE\EWARM\SHACS_F446RE\Obj\stm32f4xx_hal.o
#        C:\Users\klsw7\Documents\SHACS_F446RE\EWARM\SHACS_F446RE\Obj\stm32f4xx_hal_cortex.o
#        C:\Users\klsw7\Documents\SHACS_F446RE\EWARM\SHACS_F446RE\Obj\stm32f4xx_hal_dma.o
#        C:\Users\klsw7\Documents\SHACS_F446RE\EWARM\SHACS_F446RE\Obj\stm32f4xx_hal_dma_ex.o
#        C:\Users\klsw7\Documents\SHACS_F446RE\EWARM\SHACS_F446RE\Obj\stm32f4xx_hal_exti.o
#        C:\Users\klsw7\Documents\SHACS_F446RE\EWARM\SHACS_F446RE\Obj\stm32f4xx_hal_flash.o
#        C:\Users\klsw7\Documents\SHACS_F446RE\EWARM\SHACS_F446RE\Obj\stm32f4xx_hal_flash_ex.o
#        C:\Users\klsw7\Documents\SHACS_F446RE\EWARM\SHACS_F446RE\Obj\stm32f4xx_hal_flash_ramfunc.o
#        C:\Users\klsw7\Documents\SHACS_F446RE\EWARM\SHACS_F446RE\Obj\stm32f4xx_hal_gpio.o
#        C:\Users\klsw7\Documents\SHACS_F446RE\EWARM\SHACS_F446RE\Obj\stm32f4xx_hal_msp.o
#        C:\Users\klsw7\Documents\SHACS_F446RE\EWARM\SHACS_F446RE\Obj\stm32f4xx_hal_pwr.o
#        C:\Users\klsw7\Documents\SHACS_F446RE\EWARM\SHACS_F446RE\Obj\stm32f4xx_hal_pwr_ex.o
#        C:\Users\klsw7\Documents\SHACS_F446RE\EWARM\SHACS_F446RE\Obj\stm32f4xx_hal_rcc.o
#        C:\Users\klsw7\Documents\SHACS_F446RE\EWARM\SHACS_F446RE\Obj\stm32f4xx_hal_rcc_ex.o
#        C:\Users\klsw7\Documents\SHACS_F446RE\EWARM\SHACS_F446RE\Obj\stm32f4xx_hal_tim.o
#        C:\Users\klsw7\Documents\SHACS_F446RE\EWARM\SHACS_F446RE\Obj\stm32f4xx_hal_tim_ex.o
#        C:\Users\klsw7\Documents\SHACS_F446RE\EWARM\SHACS_F446RE\Obj\stm32f4xx_hal_timebase_tim.o
#        C:\Users\klsw7\Documents\SHACS_F446RE\EWARM\SHACS_F446RE\Obj\stm32f4xx_hal_uart.o
#        C:\Users\klsw7\Documents\SHACS_F446RE\EWARM\SHACS_F446RE\Obj\stm32f4xx_it.o
#        C:\Users\klsw7\Documents\SHACS_F446RE\EWARM\SHACS_F446RE\Obj\stream_buffer.o
#        C:\Users\klsw7\Documents\SHACS_F446RE\EWARM\SHACS_F446RE\Obj\system_stm32f4xx.o
#        C:\Users\klsw7\Documents\SHACS_F446RE\EWARM\SHACS_F446RE\Obj\tasks.o
#        C:\Users\klsw7\Documents\SHACS_F446RE\EWARM\SHACS_F446RE\Obj\timers.o
#        --redirect _Printf=_PrintfSmallNoMb --redirect _Scanf=_ScanfLargeNoMb
#        -o
#        C:\Users\klsw7\Documents\SHACS_F446RE\EWARM\SHACS_F446RE\Exe\SHACS_F446RE.out
#        --map
#        C:\Users\klsw7\Documents\SHACS_F446RE\EWARM\SHACS_F446RE\List\SHACS_F446RE.map
#        --config
#        C:\Users\klsw7\Documents\SHACS_F446RE\EWARM/stm32f446xx_flash.icf
#        --semihosting --entry __iar_program_start --vfe
#
###############################################################################

*******************************************************************************
*** RUNTIME MODEL ATTRIBUTES
***

CppFlavor       = *
__SystemLibrary = DLib


*******************************************************************************
*** PLACEMENT SUMMARY
***

"A0":  place at 0x08000000 { ro section .intvec };
"P1":  place in [from 0x08000000 to 0x0807ffff] { ro };
"P2":  place in [from 0x20000000 to 0x2001ffff] { rw, block CSTACK, block HEAP };
initialize by copy { rw };

  Section            Kind        Address    Size  Object
  -------            ----        -------    ----  ------
"A0":                                      0x1c4
  .intvec            ro code  0x08000000   0x1c4  startup_stm32f446xx.o [1]
                            - 0x080001c4   0x1c4

"P1":                                     0x2408
  .text              ro code  0x080001c4   0x524  tasks.o [1]
  .text              ro code  0x080006e8   0x1a8  heap_4.o [1]
  .text              ro code  0x08000890    0x90  list.o [1]
  .text              ro code  0x08000920   0x1bc  port.o [1]
  CODE               ro code  0x08000adc    0xb0  portasm.o [1]
  .text              ro code  0x08000b8c   0x364  stm32f4xx_hal_rcc_ex.o [1]
  .text              ro code  0x08000ef0    0xee  I64DivMod.o [5]
  .text              ro code  0x08000fe0     0xc  stm32f4xx_hal.o [1]
  .text              ro code  0x08000fec     0x2  I64DivZer.o [5]
  .text              ro code  0x08000ff0   0x2dc  stm32f4xx_hal_dma.o [1]
  .text              ro code  0x080012cc   0x2bc  main.o [1]
  .text              ro code  0x08001588    0x34  stm32f4xx_hal.o [1]
  .text              ro code  0x080015bc     0x6  ABImemclr4.o [5]
  .text              ro code  0x080015c4   0x1cc  stm32f4xx_hal_gpio.o [1]
  .text              ro code  0x08001790    0x98  stm32f4xx_hal_cortex.o [1]
  .text              ro code  0x08001828   0x1ee  stm32f4xx_hal_uart.o [1]
  .text              ro code  0x08001a18    0x56  ABImemcpy_unaligned.o [5]
  .text              ro code  0x08001a70    0x52  cmsis_os.o [1]
  .text              ro code  0x08001ac4    0x74  stm32f4xx_hal_pwr_ex.o [1]
  .text              ro code  0x08001b38   0x178  stm32f4xx_hal_rcc.o [1]
  .text              ro code  0x08001cb0    0x10  stm32f4xx_hal.o [1]
  .text              ro code  0x08001cc0    0x7c  stm32f4xx_hal_timebase_tim.o [1]
  .text              ro code  0x08001d3c   0x2ac  stm32f4xx_hal_msp.o [1]
  .text              ro code  0x08001fe8    0x32  ABImemset48.o [5]
  .text              ro code  0x0800201c   0x266  stm32f4xx_hal_tim.o [1]
  .text              ro code  0x08002282     0x2  stm32f4xx_hal_tim.o [1]
  .text              ro code  0x08002284     0x2  stm32f4xx_hal_tim.o [1]
  .text              ro code  0x08002286     0x2  stm32f4xx_hal_tim_ex.o [1]
  .text              ro code  0x08002288     0x2  stm32f4xx_hal_tim.o [1]
  .text              ro code  0x0800228a     0x2  stm32f4xx_hal_tim_ex.o [1]
  .text              ro code  0x0800228c     0x2  stm32f4xx_hal_tim.o [1]
  .text              ro code  0x08002290    0x60  system_stm32f4xx.o [1]
  .text              ro code  0x080022f0    0x40  zero_init3.o [5]
  .text              ro code  0x08002330    0x2c  copy_init3.o [5]
  .text              ro code  0x0800235c    0x28  data_init.o [5]
  .text              ro code  0x08002384    0x22  fpinit_M.o [4]
  .iar.init_table    const    0x080023a8    0x24  - Linker created -
  .text              ro code  0x080023cc    0x20  stm32f4xx_it.o [1]
  Initializer bytes  const    0x080023ec    0x1c  <for P2-1>
  .text              ro code  0x08002408    0x1a  cmain.o [5]
  .text              ro code  0x08002422     0x4  low_level_init.o [3]
  .text              ro code  0x08002426     0x4  exit.o [3]
  .text              ro code  0x0800242c     0xa  cexit.o [5]
  .text              ro code  0x08002438    0x14  exit.o [6]
  .text              ro code  0x0800244c    0x10  startup_stm32f446xx.o [1]
  .rodata            const    0x0800245c     0xc  main.o [1]
  .text              ro code  0x08002468     0xc  cstartup_M.o [5]
  .rodata            const    0x08002474     0x8  system_stm32f4xx.o [1]
  .text              ro code  0x0800247c     0x4  startup_stm32f446xx.o [1]
  .text              ro code  0x08002480     0x4  startup_stm32f446xx.o [1]
  .text              ro code  0x08002484     0x4  startup_stm32f446xx.o [1]
  .text              ro code  0x08002488     0x4  startup_stm32f446xx.o [1]
  .text              ro code  0x0800248c     0x4  startup_stm32f446xx.o [1]
  .text              ro code  0x08002490     0x4  startup_stm32f446xx.o [1]
  .text              ro code  0x08002494     0x4  startup_stm32f446xx.o [1]
  .text              ro code  0x08002498     0x4  startup_stm32f446xx.o [1]
  .text              ro code  0x0800249c     0x4  startup_stm32f446xx.o [1]
  .text              ro code  0x080024a0     0x4  startup_stm32f446xx.o [1]
  .text              ro code  0x080024a4     0x4  startup_stm32f446xx.o [1]
  .text              ro code  0x080024a8     0x4  startup_stm32f446xx.o [1]
  .text              ro code  0x080024ac     0x4  startup_stm32f446xx.o [1]
  .text              ro code  0x080024b0     0x4  startup_stm32f446xx.o [1]
  .text              ro code  0x080024b4     0x4  startup_stm32f446xx.o [1]
  .text              ro code  0x080024b8     0x4  startup_stm32f446xx.o [1]
  .text              ro code  0x080024bc     0x4  startup_stm32f446xx.o [1]
  .text              ro code  0x080024c0     0x4  startup_stm32f446xx.o [1]
  .text              ro code  0x080024c4     0x4  startup_stm32f446xx.o [1]
  .text              ro code  0x080024c8     0x4  startup_stm32f446xx.o [1]
  .text              ro code  0x080024cc     0x4  startup_stm32f446xx.o [1]
  .text              ro code  0x080024d0     0x4  startup_stm32f446xx.o [1]
  .text              ro code  0x080024d4     0x4  startup_stm32f446xx.o [1]
  .text              ro code  0x080024d8     0x4  startup_stm32f446xx.o [1]
  .text              ro code  0x080024dc     0x4  startup_stm32f446xx.o [1]
  .text              ro code  0x080024e0     0x4  startup_stm32f446xx.o [1]
  .text              ro code  0x080024e4     0x4  startup_stm32f446xx.o [1]
  .text              ro code  0x080024e8     0x4  startup_stm32f446xx.o [1]
  .text              ro code  0x080024ec     0x4  startup_stm32f446xx.o [1]
  .text              ro code  0x080024f0     0x4  startup_stm32f446xx.o [1]
  .text              ro code  0x080024f4     0x4  startup_stm32f446xx.o [1]
  .text              ro code  0x080024f8     0x4  startup_stm32f446xx.o [1]
  .text              ro code  0x080024fc     0x4  startup_stm32f446xx.o [1]
  .text              ro code  0x08002500     0x4  startup_stm32f446xx.o [1]
  .text              ro code  0x08002504     0x4  startup_stm32f446xx.o [1]
  .text              ro code  0x08002508     0x4  startup_stm32f446xx.o [1]
  .text              ro code  0x0800250c     0x4  startup_stm32f446xx.o [1]
  .text              ro code  0x08002510     0x4  startup_stm32f446xx.o [1]
  .text              ro code  0x08002514     0x4  startup_stm32f446xx.o [1]
  .text              ro code  0x08002518     0x4  startup_stm32f446xx.o [1]
  .text              ro code  0x0800251c     0x4  startup_stm32f446xx.o [1]
  .text              ro code  0x08002520     0x4  startup_stm32f446xx.o [1]
  .text              ro code  0x08002524     0x4  startup_stm32f446xx.o [1]
  .text              ro code  0x08002528     0x4  startup_stm32f446xx.o [1]
  .text              ro code  0x0800252c     0x4  startup_stm32f446xx.o [1]
  .text              ro code  0x08002530     0x4  startup_stm32f446xx.o [1]
  .text              ro code  0x08002534     0x4  startup_stm32f446xx.o [1]
  .text              ro code  0x08002538     0x4  startup_stm32f446xx.o [1]
  .text              ro code  0x0800253c     0x4  startup_stm32f446xx.o [1]
  .text              ro code  0x08002540     0x4  startup_stm32f446xx.o [1]
  .text              ro code  0x08002544     0x4  startup_stm32f446xx.o [1]
  .text              ro code  0x08002548     0x4  startup_stm32f446xx.o [1]
  .text              ro code  0x0800254c     0x4  startup_stm32f446xx.o [1]
  .text              ro code  0x08002550     0x4  startup_stm32f446xx.o [1]
  .text              ro code  0x08002554     0x4  startup_stm32f446xx.o [1]
  .text              ro code  0x08002558     0x4  startup_stm32f446xx.o [1]
  .text              ro code  0x0800255c     0x4  startup_stm32f446xx.o [1]
  .text              ro code  0x08002560     0x4  startup_stm32f446xx.o [1]
  .text              ro code  0x08002564     0x4  startup_stm32f446xx.o [1]
  .text              ro code  0x08002568     0x4  startup_stm32f446xx.o [1]
  .text              ro code  0x0800256c     0x4  startup_stm32f446xx.o [1]
  .text              ro code  0x08002570     0x4  startup_stm32f446xx.o [1]
  .text              ro code  0x08002574     0x4  startup_stm32f446xx.o [1]
  .text              ro code  0x08002578     0x4  startup_stm32f446xx.o [1]
  .text              ro code  0x0800257c     0x4  startup_stm32f446xx.o [1]
  .text              ro code  0x08002580     0x4  startup_stm32f446xx.o [1]
  .text              ro code  0x08002584     0x4  startup_stm32f446xx.o [1]
  .text              ro code  0x08002588     0x4  startup_stm32f446xx.o [1]
  .text              ro code  0x0800258c     0x4  startup_stm32f446xx.o [1]
  .text              ro code  0x08002590     0x4  startup_stm32f446xx.o [1]
  .text              ro code  0x08002594     0x4  startup_stm32f446xx.o [1]
  .text              ro code  0x08002598     0x4  startup_stm32f446xx.o [1]
  .text              ro code  0x0800259c     0x4  startup_stm32f446xx.o [1]
  .text              ro code  0x080025a0     0x4  startup_stm32f446xx.o [1]
  .text              ro code  0x080025a4     0x4  startup_stm32f446xx.o [1]
  .text              ro code  0x080025a8     0x4  startup_stm32f446xx.o [1]
  .text              ro code  0x080025ac     0x4  startup_stm32f446xx.o [1]
  .text              ro code  0x080025b0     0x4  startup_stm32f446xx.o [1]
  .text              ro code  0x080025b4     0x4  startup_stm32f446xx.o [1]
  .text              ro code  0x080025b8     0x4  startup_stm32f446xx.o [1]
  .text              ro code  0x080025bc     0x4  startup_stm32f446xx.o [1]
  .text              ro code  0x080025c0     0x4  startup_stm32f446xx.o [1]
  .text              ro code  0x080025c4     0x4  startup_stm32f446xx.o [1]
  .text              ro code  0x080025c8     0x4  startup_stm32f446xx.o [1]
  .rodata            const    0x080025cc     0x0  zero_init3.o [5]
  .rodata            const    0x080025cc     0x0  copy_init3.o [5]
                            - 0x080025cc  0x2408

"P2", part 1 of 3:                          0x1c
  P2-1                        0x20000000    0x1c  <Init block>
    .data            inited   0x20000000     0xc  port.o [1]
    .data            inited   0x2000000c     0xc  stm32f4xx_hal.o [1]
    .data            inited   0x20000018     0x4  system_stm32f4xx.o [1]
                            - 0x2000001c    0x1c

"P2", part 2 of 3:                         0x400
  CSTACK                      0x20000020   0x400  <Block>
    CSTACK           uninit   0x20000020   0x400  <Block tail>
                            - 0x20000420   0x400

"P2", part 3 of 3:                        0x3f68
  .bss               zero     0x20000420  0x3c18  heap_4.o [1]
  .bss               zero     0x20004038   0x184  main.o [1]
  .bss               zero     0x200041bc    0xa0  tasks.o [1]
  .bss               zero     0x2000425c    0x8c  tasks.o [1]
  .bss               zero     0x200042e8    0x60  main.o [1]
  .bss               zero     0x20004348    0x40  stm32f4xx_hal_timebase_tim.o [1]
                            - 0x20004388  0x3f68


*******************************************************************************
*** INIT TABLE
***

          Address     Size
          -------     ----
Zero (__iar_zero_init3)
    1 destination range, total size 0x3f68:
          0x20000420  0x3f68

Copy (__iar_copy_init3)
    1 source range, total size 0x1c:
          0x080023ec    0x1c
    1 destination range, total size 0x1c:
          0x20000000    0x1c



*******************************************************************************
*** MODULE SUMMARY
***

    Module                        ro code  ro data  rw data
    ------                        -------  -------  -------
C:\Users\klsw7\Documents\SHACS_F446RE\EWARM\SHACS_F446RE\Obj: [1]
    cmsis_os.o                         82
    heap_4.o                          424            15 384
    list.o                            144
    main.o                            700       12      484
    port.o                            444       12       12
    portasm.o                         176
    startup_stm32f446xx.o             804
    stm32f4xx_hal.o                    80       12       12
    stm32f4xx_hal_cortex.o            152
    stm32f4xx_hal_dma.o               732
    stm32f4xx_hal_gpio.o              460
    stm32f4xx_hal_msp.o               684
    stm32f4xx_hal_pwr_ex.o            116
    stm32f4xx_hal_rcc.o               376
    stm32f4xx_hal_rcc_ex.o            868
    stm32f4xx_hal_tim.o               622
    stm32f4xx_hal_tim_ex.o              4
    stm32f4xx_hal_timebase_tim.o      124                64
    stm32f4xx_hal_uart.o              494
    stm32f4xx_it.o                     32
    system_stm32f4xx.o                 96       12        4
    tasks.o                         1 316               300
    -------------------------------------------------------
    Total:                          8 930       48   16 260

command line: [2]
    -------------------------------------------------------
    Total:

dl7M_tlf.a: [3]
    exit.o                              4
    low_level_init.o                    4
    -------------------------------------------------------
    Total:                              8

m7M_tls.a: [4]
    fpinit_M.o                         34
    -------------------------------------------------------
    Total:                             34

rt7M_tl.a: [5]
    ABImemclr4.o                        6
    ABImemcpy_unaligned.o              86
    ABImemset48.o                      50
    I64DivMod.o                       238
    I64DivZer.o                         2
    cexit.o                            10
    cmain.o                            26
    copy_init3.o                       44
    cstartup_M.o                       12
    data_init.o                        40
    zero_init3.o                       64
    -------------------------------------------------------
    Total:                            578

shb_l.a: [6]
    exit.o                             20
    -------------------------------------------------------
    Total:                             20

    Gaps                               20        2
    Linker created                              36    1 024
-----------------------------------------------------------
    Grand Total:                    9 590       86   17 284


*******************************************************************************
*** ENTRY LIST
***

Entry                      Address    Size  Type      Object
-----                      -------    ----  ----      ------
.iar.init_table$$Base   0x080023a8           --   Gb  - Linker created -
.iar.init_table$$Limit  0x080023cc           --   Gb  - Linker created -
?main                   0x08002409          Code  Gb  cmain.o [5]
AHBPrescTable           0x080022e0    0x10  Data  Gb  system_stm32f4xx.o [1]
APBPrescTable           0x08002474     0x8  Data  Gb  system_stm32f4xx.o [1]
BusFault_Handler        0x080023d3     0x2  Code  Gb  stm32f4xx_it.o [1]
CSTACK$$Base            0x20000020           --   Gb  - Linker created -
CSTACK$$Limit           0x20000420           --   Gb  - Linker created -
DMA2_Stream2_IRQHandler
                        0x080023df     0x6  Code  Gb  stm32f4xx_it.o [1]
DMA_CalcBaseAndBitshift
                        0x0800129d    0x26  Code  Lc  stm32f4xx_hal_dma.o [1]
DMA_CalcBaseAndBitshift::flagBitshiftOffset
                        0x080012c4     0x8  Data  Lc  stm32f4xx_hal_dma.o [1]
DebugMon_Handler        0x080023d7     0x2  Code  Gb  stm32f4xx_it.o [1]
Error_Handler           0x08001571     0x2  Code  Gb  main.o [1]
HAL_DMA_IRQHandler      0x080010e3   0x192  Code  Gb  stm32f4xx_hal_dma.o [1]
HAL_DMA_Init            0x08000ff1    0xe6  Code  Gb  stm32f4xx_hal_dma.o [1]
HAL_GPIO_Init           0x080015c5   0x19a  Code  Gb  stm32f4xx_hal_gpio.o [1]
HAL_GPIO_WritePin       0x0800175f     0x8  Code  Gb  stm32f4xx_hal_gpio.o [1]
HAL_GetTick             0x08000fe1     0xc  Code  Wk  stm32f4xx_hal.o [1]
HAL_IncTick             0x08001cb1    0x10  Code  Wk  stm32f4xx_hal.o [1]
HAL_Init                0x08001589    0x30  Code  Gb  stm32f4xx_hal.o [1]
HAL_InitTick            0x08001cc1    0x6c  Code  Gb  stm32f4xx_hal_timebase_tim.o [1]
HAL_MspInit             0x08001d3d    0x3e  Code  Gb  stm32f4xx_hal_msp.o [1]
HAL_NVIC_EnableIRQ      0x080017ff    0x16  Code  Gb  stm32f4xx_hal_cortex.o [1]
HAL_NVIC_SetPriority    0x080017c5    0x3a  Code  Gb  stm32f4xx_hal_cortex.o [1]
HAL_NVIC_SetPriorityGrouping
                        0x080017ab    0x1a  Code  Gb  stm32f4xx_hal_cortex.o [1]
HAL_PWREx_EnableOverDrive
                        0x08001ac5    0x44  Code  Gb  stm32f4xx_hal_pwr_ex.o [1]
HAL_RCC_ClockConfig     0x08001b39    0xfa  Code  Gb  stm32f4xx_hal_rcc.o [1]
HAL_RCC_GetClockConfig  0x08001c63    0x34  Code  Gb  stm32f4xx_hal_rcc.o [1]
HAL_RCC_GetPCLK1Freq    0x08001c3f    0x10  Code  Gb  stm32f4xx_hal_rcc.o [1]
HAL_RCC_GetPCLK2Freq    0x08001c4f     0xe  Code  Gb  stm32f4xx_hal_rcc.o [1]
HAL_RCC_GetSysClockFreq
                        0x08000b8d    0x4a  Code  Gb  stm32f4xx_hal_rcc_ex.o [1]
HAL_RCC_OscConfig       0x08000c03   0x2b6  Code  Gb  stm32f4xx_hal_rcc_ex.o [1]
HAL_TIMEx_BreakCallback
                        0x08002287     0x2  Code  Wk  stm32f4xx_hal_tim_ex.o [1]
HAL_TIMEx_CommutCallback
                        0x0800228b     0x2  Code  Wk  stm32f4xx_hal_tim_ex.o [1]
HAL_TIM_Base_Init       0x0800201d    0x1a  Code  Gb  stm32f4xx_hal_tim.o [1]
HAL_TIM_Base_MspInit    0x08002281     0x2  Code  Wk  stm32f4xx_hal_tim.o [1]
HAL_TIM_Base_Start_IT   0x08002037    0x20  Code  Gb  stm32f4xx_hal_tim.o [1]
HAL_TIM_IC_CaptureCallback
                        0x08002283     0x2  Code  Wk  stm32f4xx_hal_tim.o [1]
HAL_TIM_IRQHandler      0x08002073   0x142  Code  Gb  stm32f4xx_hal_tim.o [1]
HAL_TIM_OC_DelayElapsedCallback
                        0x08002285     0x2  Code  Wk  stm32f4xx_hal_tim.o [1]
HAL_TIM_PWM_PulseFinishedCallback
                        0x0800228d     0x2  Code  Wk  stm32f4xx_hal_tim.o [1]
HAL_TIM_PeriodElapsedCallback
                        0x08001529     0xe  Code  Gb  main.o [1]
HAL_TIM_TriggerCallback
                        0x08002289     0x2  Code  Wk  stm32f4xx_hal_tim.o [1]
HAL_UART_Init           0x08001829    0x28  Code  Gb  stm32f4xx_hal_uart.o [1]
HAL_UART_MspInit        0x08001d7b   0x1b8  Code  Gb  stm32f4xx_hal_msp.o [1]
HardFault_Handler       0x080023cf     0x2  Code  Gb  stm32f4xx_it.o [1]
MemManage_Handler       0x080023d1     0x2  Code  Gb  stm32f4xx_it.o [1]
NMI_Handler             0x080023cd     0x2  Code  Gb  stm32f4xx_it.o [1]
PendSV_Handler          0x08000add          Code  Gb  portasm.o [1]
Region$$Table$$Base     0x080023a8           --   Gb  - Linker created -
Region$$Table$$Limit    0x080023cc           --   Gb  - Linker created -
SVC_Handler             0x08000b35          Code  Gb  portasm.o [1]
StartDefaultTask        0x0800151f     0xa  Code  Gb  main.o [1]
SysTick_Handler         0x08000a6d    0x1e  Code  Gb  port.o [1]
SystemClock_Config      0x08001487    0x98  Code  Gb  main.o [1]
SystemCoreClock         0x20000018     0x4  Data  Gb  system_stm32f4xx.o [1]
SystemInit              0x08002291    0x3a  Code  Gb  system_stm32f4xx.o [1]
TIM1_UP_TIM10_IRQHandler
                        0x080023d9     0x6  Code  Gb  stm32f4xx_it.o [1]
TIM_Base_SetConfig      0x080021bb    0x98  Code  Gb  stm32f4xx_hal_tim.o [1]
UART_SetConfig          0x08001897   0x13a  Code  Lc  stm32f4xx_hal_uart.o [1]
UsageFault_Handler      0x080023d5     0x2  Code  Gb  stm32f4xx_it.o [1]
__NVIC_SetPriority      0x08001791    0x1a  Code  Lc  stm32f4xx_hal_cortex.o [1]
__aeabi_ldiv0           0x08000fed          Code  Gb  I64DivZer.o [5]
__aeabi_memclr4         0x080015bd          Code  Gb  ABImemclr4.o [5]
__aeabi_uldivmod        0x08000ef1          Code  Gb  I64DivMod.o [5]
__cmain                 0x08002409          Code  Gb  cmain.o [5]
__exit                  0x08002439    0x14  Code  Gb  exit.o [6]
__iar_Memset4_word      0x08001fe9          Code  Gb  ABImemset48.o [5]
__iar_Memset8_word      0x08001fe9          Code  Gb  ABImemset48.o [5]
__iar_copy_init3        0x08002331    0x2c  Code  Gb  copy_init3.o [5]
__iar_data_init3        0x0800235d    0x28  Code  Gb  data_init.o [5]
__iar_init_vfp          0x08002385          Code  Gb  fpinit_M.o [4]
__iar_program_start     0x08002469          Code  Gb  cstartup_M.o [5]
__iar_unaligned___aeabi_memcpy4
                        0x08001a19          Code  Gb  ABImemcpy_unaligned.o [5]
__iar_unaligned___aeabi_memcpy8
                        0x08001a19          Code  Gb  ABImemcpy_unaligned.o [5]
__iar_zero_init3        0x080022f1    0x40  Code  Gb  zero_init3.o [5]
__low_level_init        0x08002423     0x4  Code  Gb  low_level_init.o [3]
__vector_table          0x08000000          Data  Gb  startup_stm32f446xx.o [1]
_call_main              0x08002415          Code  Gb  cmain.o [5]
_exit                   0x0800242d          Code  Gb  cexit.o [5]
_main                   0x0800241f          Code  Gb  cmain.o [5]
defaultTaskHandle       0x200041b8     0x4  Data  Gb  main.o [1]
exit                    0x08002427     0x4  Code  Gb  exit.o [3]
hdma_usart1_rx          0x200042e8    0x60  Data  Gb  main.o [1]
htim1                   0x20004348    0x40  Data  Gb  stm32f4xx_hal_timebase_tim.o [1]
huart1                  0x200040b8    0x40  Data  Gb  main.o [1]
huart2                  0x200040f8    0x40  Data  Gb  main.o [1]
huart3                  0x20004138    0x40  Data  Gb  main.o [1]
huart4                  0x20004038    0x40  Data  Gb  main.o [1]
huart5                  0x20004078    0x40  Data  Gb  main.o [1]
huart6                  0x20004178    0x40  Data  Gb  main.o [1]
main                    0x080012cd   0x18a  Code  Gb  main.o [1]
makeFreeRtosPriority    0x08001a71     0xc  Code  Lc  cmsis_os.o [1]
osDelay                 0x08001ab5     0xe  Code  Gb  cmsis_os.o [1]
osKernelStart           0x08001a7d     0xa  Code  Gb  cmsis_os.o [1]
osThreadCreate          0x08001a87    0x2e  Code  Gb  cmsis_os.o [1]
prvAddCurrentTaskToDelayedList
                        0x08000671    0x5a  Code  Lc  tasks.o [1]
prvAddNewTaskToReadyList
                        0x08000295    0x9a  Code  Lc  tasks.o [1]
prvDeleteTCB            0x080005f5    0x14  Code  Lc  tasks.o [1]
prvIdleTask             0x080005a1    0x40  Code  Lc  tasks.o [1]
prvInitialiseNewTask    0x0800021d    0x78  Code  Lc  tasks.o [1]
prvInsertBlockIntoFreeList
                        0x08000845    0x46  Code  Lc  heap_4.o [1]
prvResetNextTaskUnblockTime
                        0x08000609    0x1c  Code  Lc  tasks.o [1]
prvTaskExitError        0x08000949    0x28  Code  Lc  port.o [1]
pvPortMalloc            0x080006e9    0xf8  Code  Gb  heap_4.o [1]
pxCurrentTCB            0x200041e4     0x4  Data  Gb  tasks.o [1]
pxDelayedTaskList       0x200041e8     0x4  Data  Lc  tasks.o [1]
pxEnd                   0x20000428     0x4  Data  Lc  heap_4.o [1]
pxOverflowDelayedTaskList
                        0x200041ec     0x4  Data  Lc  tasks.o [1]
pxPortInitialiseStack   0x08000921    0x26  Code  Gb  port.o [1]
pxReadyTasksLists       0x2000425c    0x8c  Data  Lc  tasks.o [1]
ucHeap                  0x20000438  0x3c00  Data  Lc  heap_4.o [1]
ucMaxSysCallPriority    0x20000000     0x1  Data  Lc  port.o [1]
ulMaxPRIGROUPValue      0x20000008     0x4  Data  Lc  port.o [1]
uwTick                  0x20000010     0x4  Data  Gb  stm32f4xx_hal.o [1]
uwTickFreq              0x2000000c     0x1  Data  Gb  stm32f4xx_hal.o [1]
uwTickPrio              0x20000014     0x4  Data  Gb  stm32f4xx_hal.o [1]
uxCriticalNesting       0x20000004     0x4  Data  Lc  port.o [1]
uxCurrentNumberOfTasks  0x20004208     0x4  Data  Lc  tasks.o [1]
uxDeletedTasksWaitingCleanUp
                        0x200041f0     0x4  Data  Lc  tasks.o [1]
uxListRemove            0x080008fb    0x26  Code  Gb  list.o [1]
uxPendedTicks           0x20004218     0x4  Data  Lc  tasks.o [1]
uxSchedulerSuspended    0x2000422c     0x4  Data  Lc  tasks.o [1]
uxTaskNumber            0x20004224     0x4  Data  Lc  tasks.o [1]
uxTopReadyPriority      0x20004210     0x4  Data  Lc  tasks.o [1]
vListInitialise         0x08000891    0x1a  Code  Gb  list.o [1]
vListInitialiseItem     0x080008ab     0x6  Code  Gb  list.o [1]
vListInsert             0x080008c9    0x32  Code  Gb  list.o [1]
vListInsertEnd          0x080008b1    0x18  Code  Gb  list.o [1]
vPortEnableVFP          0x08000b71          Code  Gb  portasm.o [1]
vPortEnterCritical      0x08000a17    0x32  Code  Gb  port.o [1]
vPortExitCritical       0x08000a49    0x24  Code  Gb  port.o [1]
vPortFree               0x080007f3    0x44  Code  Gb  heap_4.o [1]
vPortSetupTimerInterrupt
                        0x08000ab5    0x28  Code  Wk  port.o [1]
vPortStartFirstTask     0x08000b51          Code  Gb  portasm.o [1]
vTaskDelay              0x08000351    0x28  Code  Gb  tasks.o [1]
vTaskStartScheduler     0x08000379    0x56  Code  Gb  tasks.o [1]
vTaskSuspendAll         0x080003cf     0xc  Code  Gb  tasks.o [1]
vTaskSwitchContext      0x08000547    0x52  Code  Gb  tasks.o [1]
xBlockAllocatedBit      0x20000434     0x4  Data  Lc  heap_4.o [1]
xDelayedTaskList1       0x20004230    0x14  Data  Lc  tasks.o [1]
xDelayedTaskList2       0x20004244    0x14  Data  Lc  tasks.o [1]
xFreeBytesRemaining     0x2000042c     0x4  Data  Lc  heap_4.o [1]
xIdleTaskHandle         0x20004258     0x4  Data  Lc  tasks.o [1]
xMinimumEverFreeBytesRemaining
                        0x20000430     0x4  Data  Lc  heap_4.o [1]
xNextTaskUnblockTime    0x20004228     0x4  Data  Lc  tasks.o [1]
xNumOfOverflows         0x20004220     0x4  Data  Lc  tasks.o [1]
xPendingReadyList       0x200041bc    0x14  Data  Lc  tasks.o [1]
xPortStartScheduler     0x08000971    0xa6  Code  Gb  port.o [1]
xSchedulerRunning       0x20004214     0x4  Data  Lc  tasks.o [1]
xStart                  0x20000420     0x8  Data  Lc  heap_4.o [1]
xSuspendedTaskList      0x200041f4    0x14  Data  Lc  tasks.o [1]
xTaskCreate             0x080001c5    0x58  Code  Gb  tasks.o [1]
xTaskIncrementTick      0x08000483    0xaa  Code  Gb  tasks.o [1]
xTaskResumeAll          0x080003db    0x8c  Code  Gb  tasks.o [1]
xTasksWaitingTermination
                        0x200041d0    0x14  Data  Lc  tasks.o [1]
xTickCount              0x2000420c     0x4  Data  Lc  tasks.o [1]
xYieldPending           0x2000421c     0x4  Data  Lc  tasks.o [1]


[1] = C:\Users\klsw7\Documents\SHACS_F446RE\EWARM\SHACS_F446RE\Obj
[2] = command line
[3] = dl7M_tlf.a
[4] = m7M_tls.a
[5] = rt7M_tl.a
[6] = shb_l.a

   9 590 bytes of readonly  code memory
      86 bytes of readonly  data memory
  17 284 bytes of readwrite data memory

Errors: none
Warnings: none
