###############################################################################
#
# IAR ELF Linker V7.80.1.11864/W32 for ARM                16/Jul/2019  22:59:02
# Copyright 2007-2016 IAR Systems AB.
#
#    Output file  =  
#        C:\Users\klsw7\Documents\SHACS_F446RE\EWARM\SHACS_F446RE\Exe\SHACS_F446RE.out
#    Map file     =  
#        C:\Users\klsw7\Documents\SHACS_F446RE\EWARM\SHACS_F446RE\List\SHACS_F446RE.map
#    Command line =  
#        C:\Users\klsw7\Documents\SHACS_F446RE\EWARM\SHACS_F446RE\Obj\BtSerialAPI.o
#        C:\Users\klsw7\Documents\SHACS_F446RE\EWARM\SHACS_F446RE\Obj\cmsis_os.o
#        C:\Users\klsw7\Documents\SHACS_F446RE\EWARM\SHACS_F446RE\Obj\croutine.o
#        C:\Users\klsw7\Documents\SHACS_F446RE\EWARM\SHACS_F446RE\Obj\event_groups.o
#        C:\Users\klsw7\Documents\SHACS_F446RE\EWARM\SHACS_F446RE\Obj\freertos.o
#        C:\Users\klsw7\Documents\SHACS_F446RE\EWARM\SHACS_F446RE\Obj\heap_4.o
#        C:\Users\klsw7\Documents\SHACS_F446RE\EWARM\SHACS_F446RE\Obj\list.o
#        C:\Users\klsw7\Documents\SHACS_F446RE\EWARM\SHACS_F446RE\Obj\main.o
#        C:\Users\klsw7\Documents\SHACS_F446RE\EWARM\SHACS_F446RE\Obj\networkManagement.o
#        C:\Users\klsw7\Documents\SHACS_F446RE\EWARM\SHACS_F446RE\Obj\port.o
#        C:\Users\klsw7\Documents\SHACS_F446RE\EWARM\SHACS_F446RE\Obj\portasm.o
#        C:\Users\klsw7\Documents\SHACS_F446RE\EWARM\SHACS_F446RE\Obj\queue.o
#        C:\Users\klsw7\Documents\SHACS_F446RE\EWARM\SHACS_F446RE\Obj\startup_stm32f446xx.o
#        C:\Users\klsw7\Documents\SHACS_F446RE\EWARM\SHACS_F446RE\Obj\stm32f4xx_hal.o
#        C:\Users\klsw7\Documents\SHACS_F446RE\EWARM\SHACS_F446RE\Obj\stm32f4xx_hal_cortex.o
#        C:\Users\klsw7\Documents\SHACS_F446RE\EWARM\SHACS_F446RE\Obj\stm32f4xx_hal_dma.o
#        C:\Users\klsw7\Documents\SHACS_F446RE\EWARM\SHACS_F446RE\Obj\stm32f4xx_hal_dma_ex.o
#        C:\Users\klsw7\Documents\SHACS_F446RE\EWARM\SHACS_F446RE\Obj\stm32f4xx_hal_exti.o
#        C:\Users\klsw7\Documents\SHACS_F446RE\EWARM\SHACS_F446RE\Obj\stm32f4xx_hal_flash.o
#        C:\Users\klsw7\Documents\SHACS_F446RE\EWARM\SHACS_F446RE\Obj\stm32f4xx_hal_flash_ex.o
#        C:\Users\klsw7\Documents\SHACS_F446RE\EWARM\SHACS_F446RE\Obj\stm32f4xx_hal_flash_ramfunc.o
#        C:\Users\klsw7\Documents\SHACS_F446RE\EWARM\SHACS_F446RE\Obj\stm32f4xx_hal_gpio.o
#        C:\Users\klsw7\Documents\SHACS_F446RE\EWARM\SHACS_F446RE\Obj\stm32f4xx_hal_msp.o
#        C:\Users\klsw7\Documents\SHACS_F446RE\EWARM\SHACS_F446RE\Obj\stm32f4xx_hal_pwr.o
#        C:\Users\klsw7\Documents\SHACS_F446RE\EWARM\SHACS_F446RE\Obj\stm32f4xx_hal_pwr_ex.o
#        C:\Users\klsw7\Documents\SHACS_F446RE\EWARM\SHACS_F446RE\Obj\stm32f4xx_hal_rcc.o
#        C:\Users\klsw7\Documents\SHACS_F446RE\EWARM\SHACS_F446RE\Obj\stm32f4xx_hal_rcc_ex.o
#        C:\Users\klsw7\Documents\SHACS_F446RE\EWARM\SHACS_F446RE\Obj\stm32f4xx_hal_tim.o
#        C:\Users\klsw7\Documents\SHACS_F446RE\EWARM\SHACS_F446RE\Obj\stm32f4xx_hal_tim_ex.o
#        C:\Users\klsw7\Documents\SHACS_F446RE\EWARM\SHACS_F446RE\Obj\stm32f4xx_hal_timebase_tim.o
#        C:\Users\klsw7\Documents\SHACS_F446RE\EWARM\SHACS_F446RE\Obj\stm32f4xx_hal_uart.o
#        C:\Users\klsw7\Documents\SHACS_F446RE\EWARM\SHACS_F446RE\Obj\stm32f4xx_it.o
#        C:\Users\klsw7\Documents\SHACS_F446RE\EWARM\SHACS_F446RE\Obj\stream_buffer.o
#        C:\Users\klsw7\Documents\SHACS_F446RE\EWARM\SHACS_F446RE\Obj\system_stm32f4xx.o
#        C:\Users\klsw7\Documents\SHACS_F446RE\EWARM\SHACS_F446RE\Obj\tasks.o
#        C:\Users\klsw7\Documents\SHACS_F446RE\EWARM\SHACS_F446RE\Obj\timers.o
#        C:\Users\klsw7\Documents\SHACS_F446RE\EWARM\SHACS_F446RE\Obj\timing.o
#        C:\Users\klsw7\Documents\SHACS_F446RE\EWARM\SHACS_F446RE\Obj\UsbSerialAPI.o
#        C:\Users\klsw7\Documents\SHACS_F446RE\EWARM\SHACS_F446RE\Obj\WifiSerialAPI.o
#        C:\Users\klsw7\Documents\SHACS_F446RE\EWARM\SHACS_F446RE\Obj\ZWhostApp.o
#        C:\Users\klsw7\Documents\SHACS_F446RE\EWARM\SHACS_F446RE\Obj\ZwSerial.o
#        C:\Users\klsw7\Documents\SHACS_F446RE\EWARM\SHACS_F446RE\Obj\ZwSerialAPI.o
#        --redirect _Printf=_PrintfSmallNoMb --redirect _Scanf=_ScanfLargeNoMb
#        -o
#        C:\Users\klsw7\Documents\SHACS_F446RE\EWARM\SHACS_F446RE\Exe\SHACS_F446RE.out
#        --map
#        C:\Users\klsw7\Documents\SHACS_F446RE\EWARM\SHACS_F446RE\List\SHACS_F446RE.map
#        --config
#        C:\Users\klsw7\Documents\SHACS_F446RE\EWARM/stm32f446xx_flash.icf
#        --semihosting --entry __iar_program_start --vfe
#
###############################################################################

*******************************************************************************
*** RUNTIME MODEL ATTRIBUTES
***

CppFlavor                     = *
__CPP_Exceptions              = Disabled
__CPP_Language                = C++
__Heap_Handler                = DLMalloc
__SystemLibrary               = DLib
__dlib_dynamic_initialization = normal
__dlib_has_iterator_debugging = 0


*******************************************************************************
*** PLACEMENT SUMMARY
***

"A0":  place at 0x08000000 { ro section .intvec };
"P1":  place in [from 0x08000000 to 0x0807ffff] { ro };
"P2":  place in [from 0x20000000 to 0x2001ffff] { rw, block CSTACK, block HEAP };
initialize by copy { rw };

  Section             Kind        Address    Size  Object
  -------             ----        -------    ----  ------
"A0":                                       0x1c4
  .intvec             ro code  0x08000000   0x1c4  startup_stm32f446xx.o [1]
                             - 0x080001c4   0x1c4

"P1":                                      0xb960
  .text               ro code  0x080001c4  0x43f4  ZWhostApp.o [1]
  .text               ro code  0x080045b8  0x1224  ZwSerialAPI.o [1]
  .text               ro code  0x080057dc   0x398  BtSerialAPI.o [1]
  .text               ro code  0x08005b74   0x3d4  UsbSerialAPI.o [1]
  .text               ro code  0x08005f48    0x24  printf.o [3]
  .text               ro code  0x08005f6c     0x6  ABImemclr4.o [6]
  .text               ro code  0x08005f72    0x1a  xsnprout.o [3]
  .text               ro code  0x08005f8c    0x76  ABImemcpy_unaligned.o [6]
  .text               ro code  0x08006002    0x12  timing.o [1]
  .text               ro code  0x08006014    0x36  strlen.o [6]
  .rodata             const    0x0800604a     0x1  unwind_debug.o [7]
  .text               ro code  0x0800604c    0x44  snprintf.o [3]
  .text               ro code  0x08006090   0x510  networkManagement.o [1]
  .text               ro code  0x080065a0   0x154  cmsis_os.o [1]
  .text               ro code  0x080066f4   0x198  xstoul.o [3]
  .text               ro code  0x0800688c    0x42  strcmp_unaligned.o [6]
  .text               ro code  0x080068d0   0x1d8  stm32f4xx_hal_gpio.o [1]
  .text               ro code  0x08006aa8    0x9c  WifiSerialAPI.o [1]
  .text               ro code  0x08006b44   0x556  stm32f4xx_hal_uart.o [1]
  .text               ro code  0x0800709a     0x8  newaop_0.o [4]
  .text               ro code  0x080070a2     0xa  delop_0.o [4]
  .text               ro code  0x080070ac    0x24  ZwSerial.o [1]
  .text               ro code  0x080070d0    0x62  memcmp_unaligned.o [6]
  .text               ro code  0x08007134   0x788  main.o [1]
  .text               ro code  0x080078bc   0x4d8  xprintfsmall_nomb.o [3]
  .text               ro code  0x08007d94    0x32  ABImemset48.o [6]
  .text               ro code  0x08007dc8    0x4c  DblToI32.o [5]
  .text               ro code  0x08007e14   0x7f8  tasks.o [1]
  .text               ro code  0x0800860c   0x5a4  queue.o [1]
  .text               ro code  0x08008bb0    0x14  isxxx.o [3]
  .text               ro code  0x08008bc4    0x14  tolower.o [3]
  .text               ro code  0x08008bd8    0x58  memchr.o [6]
  .text               ro code  0x08008c30     0xc  errno.o [3]
  .text               ro code  0x08008c3c   0x2ac  stm32f4xx_hal_msp.o [1]
  .text               ro code  0x08008ee8     0xc  stm32f4xx_hal.o [1]
  .text               ro code  0x08008ef4   0x36c  stm32f4xx_hal_dma.o [1]
  .text               ro code  0x08009260     0x2  stm32f4xx_hal_uart.o [1]
  .text               ro code  0x08009264   0x178  stm32f4xx_hal_rcc.o [1]
  .text               ro code  0x080093dc    0x24  newop_0.o [4]
  .text               ro code  0x08009400  0x14f4  dlmalloc.o [3]
  .text               ro code  0x0800a8f4    0x34  stm32f4xx_hal.o [1]
  .text               ro code  0x0800a928    0x98  stm32f4xx_hal_cortex.o [1]
  .text               ro code  0x0800a9c0   0x364  stm32f4xx_hal_rcc_ex.o [1]
  .text               ro code  0x0800ad24    0x74  stm32f4xx_hal_pwr_ex.o [1]
  .text               ro code  0x0800ad98    0x10  stm32f4xx_hal.o [1]
  .text               ro code  0x0800ada8    0x16  strchr.o [6]
  .text               ro code  0x0800adc0   0x1a8  heap_4.o [1]
  .text               ro code  0x0800af68    0x90  list.o [1]
  .text               ro code  0x0800aff8   0x208  port.o [1]
  .text               ro code  0x0800b200    0x18  setlocale.o [3]
  .text               ro code  0x0800b218    0x14  xlocale_c.o [3]
  .text               ro code  0x0800b22c     0xc  xlocale_c.o [3]
  .text               ro code  0x0800b238     0x2  xtls.o [3]
  .text               ro code  0x0800b23c    0x7c  stm32f4xx_hal_timebase_tim.o [1]
  .text               ro code  0x0800b2b8     0x4  nomemory.o [4]
  .text               ro code  0x0800b2bc     0x6  abort.o [3]
  .text               ro code  0x0800b2c4    0x2c  xgetmemchunk.o [3]
  .text               ro code  0x0800b2f0    0xee  I64DivMod.o [6]
  CODE                ro code  0x0800b3e0    0xb0  portasm.o [1]
  .text               ro code  0x0800b490   0x266  stm32f4xx_hal_tim.o [1]
  .text               ro code  0x0800b6f8    0x14  exit.o [7]
  .text               ro code  0x0800b70c     0x2  I64DivZer.o [6]
  .text               ro code  0x0800b70e     0x2  stm32f4xx_hal_tim.o [1]
  .text               ro code  0x0800b710     0x2  stm32f4xx_hal_tim.o [1]
  .text               ro code  0x0800b712     0x2  stm32f4xx_hal_tim_ex.o [1]
  .text               ro code  0x0800b714     0x2  stm32f4xx_hal_tim.o [1]
  .text               ro code  0x0800b716     0x2  stm32f4xx_hal_tim_ex.o [1]
  .text               ro code  0x0800b718     0x2  stm32f4xx_hal_tim.o [1]
  .text               ro code  0x0800b71c    0x60  system_stm32f4xx.o [1]
  .text               ro code  0x0800b77c    0x40  zero_init3.o [6]
  .rodata             const    0x0800b7bc    0x38  main.o [1]
  .text               ro code  0x0800b7f4    0x38  packbits_init_single.o [6]
  .text               ro code  0x0800b82c    0x28  data_init.o [6]
  .text               ro code  0x0800b854    0x22  fpinit_M.o [5]
  .iar.init_table     const    0x0800b878    0x24  - Linker created -
  .text               ro code  0x0800b89c    0x20  stm32f4xx_it.o [1]
  .text               ro code  0x0800b8bc    0x20  cmain_call_ctors.o [6]
  .text               ro code  0x0800b8dc    0x18  cppinit.o [3]
  .text               ro code  0x0800b8f4    0x1a  cmain.o [6]
  .text               ro code  0x0800b90e     0x4  low_level_init.o [3]
  .text               ro code  0x0800b912     0x4  exit.o [3]
  .text               ro code  0x0800b918     0xa  cexit.o [6]
  .text               ro code  0x0800b922    0x16  xprout.o [3]
  .text               ro code  0x0800b938     0xc  putchar.o [3]
  .rodata             const    0x0800b944    0x10  ZwSerialAPI.o [1]
  .text               ro code  0x0800b954    0x10  startup_stm32f446xx.o [1]
  .text               ro code  0x0800b964     0xc  cstartup_M.o [6]
  .rodata             const    0x0800b970     0x8  system_stm32f4xx.o [1]
  .text               ro code  0x0800b978     0x4  startup_stm32f446xx.o [1]
  .text               ro code  0x0800b97c     0x4  startup_stm32f446xx.o [1]
  .text               ro code  0x0800b980     0x4  startup_stm32f446xx.o [1]
  .text               ro code  0x0800b984     0x4  startup_stm32f446xx.o [1]
  .text               ro code  0x0800b988     0x4  startup_stm32f446xx.o [1]
  .text               ro code  0x0800b98c     0x4  startup_stm32f446xx.o [1]
  .text               ro code  0x0800b990     0x4  startup_stm32f446xx.o [1]
  .text               ro code  0x0800b994     0x4  startup_stm32f446xx.o [1]
  .text               ro code  0x0800b998     0x4  startup_stm32f446xx.o [1]
  .text               ro code  0x0800b99c     0x4  startup_stm32f446xx.o [1]
  .text               ro code  0x0800b9a0     0x4  startup_stm32f446xx.o [1]
  .text               ro code  0x0800b9a4     0x4  startup_stm32f446xx.o [1]
  .text               ro code  0x0800b9a8     0x4  startup_stm32f446xx.o [1]
  .text               ro code  0x0800b9ac     0x4  startup_stm32f446xx.o [1]
  .text               ro code  0x0800b9b0     0x4  startup_stm32f446xx.o [1]
  .text               ro code  0x0800b9b4     0x4  startup_stm32f446xx.o [1]
  .text               ro code  0x0800b9b8     0x4  startup_stm32f446xx.o [1]
  .text               ro code  0x0800b9bc     0x4  startup_stm32f446xx.o [1]
  .text               ro code  0x0800b9c0     0x4  startup_stm32f446xx.o [1]
  .text               ro code  0x0800b9c4     0x4  startup_stm32f446xx.o [1]
  .text               ro code  0x0800b9c8     0x4  startup_stm32f446xx.o [1]
  .text               ro code  0x0800b9cc     0x4  startup_stm32f446xx.o [1]
  .text               ro code  0x0800b9d0     0x4  startup_stm32f446xx.o [1]
  .text               ro code  0x0800b9d4     0x4  startup_stm32f446xx.o [1]
  .text               ro code  0x0800b9d8     0x4  startup_stm32f446xx.o [1]
  .text               ro code  0x0800b9dc     0x4  startup_stm32f446xx.o [1]
  .text               ro code  0x0800b9e0     0x4  startup_stm32f446xx.o [1]
  .text               ro code  0x0800b9e4     0x4  startup_stm32f446xx.o [1]
  .text               ro code  0x0800b9e8     0x4  startup_stm32f446xx.o [1]
  .text               ro code  0x0800b9ec     0x4  startup_stm32f446xx.o [1]
  .text               ro code  0x0800b9f0     0x4  startup_stm32f446xx.o [1]
  .text               ro code  0x0800b9f4     0x4  startup_stm32f446xx.o [1]
  .text               ro code  0x0800b9f8     0x4  startup_stm32f446xx.o [1]
  .text               ro code  0x0800b9fc     0x4  startup_stm32f446xx.o [1]
  .text               ro code  0x0800ba00     0x4  startup_stm32f446xx.o [1]
  .text               ro code  0x0800ba04     0x4  startup_stm32f446xx.o [1]
  .text               ro code  0x0800ba08     0x4  startup_stm32f446xx.o [1]
  .text               ro code  0x0800ba0c     0x4  startup_stm32f446xx.o [1]
  .text               ro code  0x0800ba10     0x4  startup_stm32f446xx.o [1]
  .text               ro code  0x0800ba14     0x4  startup_stm32f446xx.o [1]
  .text               ro code  0x0800ba18     0x4  startup_stm32f446xx.o [1]
  .text               ro code  0x0800ba1c     0x4  startup_stm32f446xx.o [1]
  .text               ro code  0x0800ba20     0x4  startup_stm32f446xx.o [1]
  .text               ro code  0x0800ba24     0x4  startup_stm32f446xx.o [1]
  .text               ro code  0x0800ba28     0x4  startup_stm32f446xx.o [1]
  .text               ro code  0x0800ba2c     0x4  startup_stm32f446xx.o [1]
  .text               ro code  0x0800ba30     0x4  startup_stm32f446xx.o [1]
  .text               ro code  0x0800ba34     0x4  startup_stm32f446xx.o [1]
  .text               ro code  0x0800ba38     0x4  startup_stm32f446xx.o [1]
  .text               ro code  0x0800ba3c     0x4  startup_stm32f446xx.o [1]
  .text               ro code  0x0800ba40     0x4  startup_stm32f446xx.o [1]
  .text               ro code  0x0800ba44     0x4  startup_stm32f446xx.o [1]
  .text               ro code  0x0800ba48     0x4  startup_stm32f446xx.o [1]
  .text               ro code  0x0800ba4c     0x4  startup_stm32f446xx.o [1]
  .text               ro code  0x0800ba50     0x4  startup_stm32f446xx.o [1]
  .text               ro code  0x0800ba54     0x4  startup_stm32f446xx.o [1]
  .text               ro code  0x0800ba58     0x4  startup_stm32f446xx.o [1]
  .text               ro code  0x0800ba5c     0x4  startup_stm32f446xx.o [1]
  .text               ro code  0x0800ba60     0x4  startup_stm32f446xx.o [1]
  .text               ro code  0x0800ba64     0x4  startup_stm32f446xx.o [1]
  .text               ro code  0x0800ba68     0x4  startup_stm32f446xx.o [1]
  .text               ro code  0x0800ba6c     0x4  startup_stm32f446xx.o [1]
  .text               ro code  0x0800ba70     0x4  startup_stm32f446xx.o [1]
  .text               ro code  0x0800ba74     0x4  startup_stm32f446xx.o [1]
  .text               ro code  0x0800ba78     0x4  startup_stm32f446xx.o [1]
  .text               ro code  0x0800ba7c     0x4  startup_stm32f446xx.o [1]
  .text               ro code  0x0800ba80     0x4  startup_stm32f446xx.o [1]
  .text               ro code  0x0800ba84     0x4  startup_stm32f446xx.o [1]
  .text               ro code  0x0800ba88     0x4  startup_stm32f446xx.o [1]
  .text               ro code  0x0800ba8c     0x4  startup_stm32f446xx.o [1]
  .text               ro code  0x0800ba90     0x4  startup_stm32f446xx.o [1]
  .text               ro code  0x0800ba94     0x4  startup_stm32f446xx.o [1]
  .text               ro code  0x0800ba98     0x4  startup_stm32f446xx.o [1]
  .text               ro code  0x0800ba9c     0x4  startup_stm32f446xx.o [1]
  .text               ro code  0x0800baa0     0x4  startup_stm32f446xx.o [1]
  .text               ro code  0x0800baa4     0x4  startup_stm32f446xx.o [1]
  .text               ro code  0x0800baa8     0x4  startup_stm32f446xx.o [1]
  .text               ro code  0x0800baac     0x4  startup_stm32f446xx.o [1]
  .text               ro code  0x0800bab0     0x4  startup_stm32f446xx.o [1]
  .text               ro code  0x0800bab4     0x4  startup_stm32f446xx.o [1]
  .text               ro code  0x0800bab8     0x4  startup_stm32f446xx.o [1]
  .text               ro code  0x0800babc     0x4  startup_stm32f446xx.o [1]
  .text               ro code  0x0800bac0     0x4  startup_stm32f446xx.o [1]
  .text               ro code  0x0800bac4     0x4  startup_stm32f446xx.o [1]
  SHT$$PREINIT_ARRAY           0x0800bac8     0x0  <Block>
  SHT$$INIT_ARRAY              0x0800bac8     0x4  <Block>
    .init_array       const    0x0800bac8     0x4  ZWhostApp.o [1]
  .rodata             const    0x0800bacc     0x0  zero_init3.o [6]
  .rodata             const    0x0800bacc     0x0  packbits_init_single.o [6]
  Initializer bytes   const    0x0800bacc    0x58  <for P2-1>
                             - 0x0800bb24  0xb960

"P2", part 1 of 3:                          0x5f4
  P2-1                         0x20000000   0x5f4  <Init block>
    .data             inited   0x20000000    0x54  main.o [1]
    .data             inited   0x20000054    0x50  networkManagement.o [1]
    .data             inited   0x200000a4     0xc  port.o [1]
    .data             inited   0x200000b0     0xc  stm32f4xx_hal.o [1]
    .data             inited   0x200000bc     0x4  system_stm32f4xx.o [1]
    .data             inited   0x200000c0   0x47c  ZWhostApp.o [1]
    .data             inited   0x2000053c    0x40  xfiles.o [3]
    __DLIB_PERTHREAD  inited   0x2000057c     0x4  errno.o [3]
    __DLIB_PERTHREAD  inited   0x20000580    0x74  setlocale.o [3]
                             - 0x200005f4   0x5f4

"P2", part 2 of 3:                          0xc00
  CSTACK                       0x200005f8   0x400  <Block>
    CSTACK            uninit   0x200005f8   0x400  <Block tail>
  HEAP                         0x200009f8   0x800  <Block>
    HEAP              uninit   0x200009f8   0x800  <Block tail>
                             - 0x200011f8   0xc00

"P2", part 3 of 3:                         0x939c
  .bss                zero     0x200011f8  0x5c18  heap_4.o [1]
  .bss                zero     0x20006e10  0x1870  ZWhostApp.o [1]
  .bss                zero     0x20008680   0x72c  ZwSerialAPI.o [1]
  .bss                zero     0x20008dac   0x1d8  dlmalloc.o [3]
  .bss                zero     0x20008f84   0x105  ZWhostApp.o [1]
  .bss                zero     0x20009089     0x1  BtSerialAPI.o [1]
  .bss                zero     0x2000908a     0x1  BtSerialAPI.o [1]
  .bss                zero     0x2000908b     0x1  UsbSerialAPI.o [1]
  .bss                zero     0x2000908c   0x100  ZwSerialAPI.o [1]
  .bss                zero     0x2000918c    0xe8  ZWhostApp.o [1]
  .bss                zero     0x20009274    0xe8  ZWhostApp.o [1]
  .bss                zero     0x2000935c    0xa0  tasks.o [1]
  .bss                zero     0x200093fc    0xa0  ZwSerialAPI.o [1]
  .bss                zero     0x2000949c    0x8c  tasks.o [1]
  .bss                zero     0x20009528    0x84  ZwSerialAPI.o [1]
  .bss                zero     0x200095ac    0x81  ZwSerialAPI.o [1]
  .bss                zero     0x2000962d     0x1  UsbSerialAPI.o [1]
  .bss                zero     0x2000962e     0x1  WifiSerialAPI.o [1]
  .bss                zero     0x2000962f     0x1  ZWhostApp.o [1]
  .bss                zero     0x20009630    0x80  main.o [1]
  .bss                zero     0x200096b0    0x80  ZwSerialAPI.o [1]
  .bss                zero     0x20009730    0x80  ZwSerialAPI.o [1]
  .bss                zero     0x200097b0    0x80  ZwSerialAPI.o [1]
  .bss                zero     0x20009830    0x80  ZwSerialAPI.o [1]
  .bss                zero     0x200098b0    0x80  ZwSerialAPI.o [1]
  .bss                zero     0x20009930    0x80  ZwSerialAPI.o [1]
  .bss                zero     0x200099b0    0x80  ZwSerialAPI.o [1]
  .bss                zero     0x20009a30    0x80  ZwSerialAPI.o [1]
  .bss                zero     0x20009ab0    0x80  ZwSerialAPI.o [1]
  .bss                zero     0x20009b30    0x80  ZwSerialAPI.o [1]
  .bss                zero     0x20009bb0    0x80  ZwSerialAPI.o [1]
  .bss                zero     0x20009c30    0x80  ZwSerialAPI.o [1]
  .bss                zero     0x20009cb0    0x80  ZwSerialAPI.o [1]
  .bss                zero     0x20009d30    0x80  ZwSerialAPI.o [1]
  .bss                zero     0x20009db0    0x80  ZwSerialAPI.o [1]
  .bss                zero     0x20009e30    0x80  ZwSerialAPI.o [1]
  .bss                zero     0x20009eb0    0x80  ZwSerialAPI.o [1]
  .bss                zero     0x20009f30    0x80  ZwSerialAPI.o [1]
  .bss                zero     0x20009fb0    0x80  ZwSerialAPI.o [1]
  .bss                zero     0x2000a030    0x64  BtSerialAPI.o [1]
  .bss                zero     0x2000a094    0x64  BtSerialAPI.o [1]
  .bss                zero     0x2000a0f8    0x64  UsbSerialAPI.o [1]
  .bss                zero     0x2000a15c    0x64  UsbSerialAPI.o [1]
  .bss                zero     0x2000a1c0    0x64  WifiSerialAPI.o [1]
  .bss                zero     0x2000a224    0x60  main.o [1]
  .bss                zero     0x2000a284    0x60  main.o [1]
  .bss                zero     0x2000a2e4    0x60  main.o [1]
  .bss                zero     0x2000a344    0x60  main.o [1]
  .bss                zero     0x2000a3a4    0x50  xfiles.o [3]
  .bss                zero     0x2000a3f4    0x40  main.o [1]
  .bss                zero     0x2000a434    0x40  main.o [1]
  .bss                zero     0x2000a474    0x40  stm32f4xx_hal_timebase_tim.o [1]
  .bss                zero     0x2000a4b4    0x40  ZWhostApp.o [1]
  .bss                zero     0x2000a4f4    0x20  main.o [1]
  .bss                zero     0x2000a514    0x20  main.o [1]
  .bss                zero     0x2000a534    0x20  ZWhostApp.o [1]
  .bss                zero     0x2000a554    0x1c  ZwSerialAPI.o [1]
  .bss                zero     0x2000a570    0x18  dlmalloc.o [3]
  .bss                zero     0x2000a588     0x4  new.o [4]
  .bss                zero     0x2000a58c     0x4  xgetmemchunk.o [3]
  .bss                zero     0x2000a590     0x1  ZwSerialAPI.o [1]
                             - 0x2000a591  0x9399


*******************************************************************************
*** INIT TABLE
***

          Address     Size
          -------     ----
Zero (__iar_zero_init3)
    1 destination range, total size 0x9399:
          0x200011f8  0x9399

Copy/packbits (__iar_packbits_init_single3)
    1 source range, total size 0x58 (5% of destination):
          0x0800bacc    0x58
    1 destination range, total size 0x5f4:
          0x20000000   0x5f4

Extra (__iar_cstart_call_ctors)



*******************************************************************************
*** MODULE SUMMARY
***

    Module                        ro code  ro data  rw data
    ------                        -------  -------  -------
C:\Users\klsw7\Documents\SHACS_F446RE\EWARM\SHACS_F446RE\Obj: [1]
    BtSerialAPI.o                     920               202
    UsbSerialAPI.o                    980               202
    WifiSerialAPI.o                   156               101
    ZWhostApp.o                    17 396       70    8 226
    ZwSerial.o                         36
    ZwSerialAPI.o                   4 644       16    4 974
    cmsis_os.o                        340
    heap_4.o                          424            23 576
    list.o                            144
    main.o                          1 928       60      788
    networkManagement.o             1 296        5       80
    port.o                            520        1       12
    portasm.o                         176
    queue.o                         1 444
    startup_stm32f446xx.o             804
    stm32f4xx_hal.o                    80                12
    stm32f4xx_hal_cortex.o            152
    stm32f4xx_hal_dma.o               876
    stm32f4xx_hal_gpio.o              472
    stm32f4xx_hal_msp.o               684
    stm32f4xx_hal_pwr_ex.o            116
    stm32f4xx_hal_rcc.o               376
    stm32f4xx_hal_rcc_ex.o            868
    stm32f4xx_hal_tim.o               622
    stm32f4xx_hal_tim_ex.o              4
    stm32f4xx_hal_timebase_tim.o      124                64
    stm32f4xx_hal_uart.o            1 368
    stm32f4xx_it.o                     32
    system_stm32f4xx.o                 96        9        4
    tasks.o                         2 040               300
    timing.o                           18
    -------------------------------------------------------
    Total:                         39 136      161   38 541

command line: [2]
    -------------------------------------------------------
    Total:

dl7M_tlf.a: [3]
    abort.o                             6
    cppinit.o                          24
    dlmalloc.o                      5 364               496
    errno.o                            12                 4
    exit.o                              4
    isxxx.o                            20
    low_level_init.o                    4
    printf.o                           36
    putchar.o                          12
    setlocale.o                        24        7      116
    snprintf.o                         68
    tolower.o                          20
    xfiles.o                                     4      144
    xgetmemchunk.o                     44                 4
    xlocale_c.o                        32
    xprintfsmall_nomb.o             1 240
    xprout.o                           22
    xsnprout.o                         26
    xstoul.o                          408
    xtls.o                              2
    -------------------------------------------------------
    Total:                          7 368       11      764

dlpp7M_tl_fc.a: [4]
    delop_0.o                          10
    new.o                                                 4
    newaop_0.o                          8
    newop_0.o                          36
    nomemory.o                          4
    -------------------------------------------------------
    Total:                             58                 4

m7M_tls.a: [5]
    DblToI32.o                         76
    fpinit_M.o                         34
    -------------------------------------------------------
    Total:                            110

rt7M_tl.a: [6]
    ABImemclr4.o                        6
    ABImemcpy_unaligned.o             118
    ABImemset48.o                      50
    I64DivMod.o                       238
    I64DivZer.o                         2
    cexit.o                            10
    cmain.o                            26
    cmain_call_ctors.o                 32
    cstartup_M.o                       12
    data_init.o                        40
    memchr.o                           88
    memcmp_unaligned.o                 98
    packbits_init_single.o             56
    strchr.o                           22
    strcmp_unaligned.o                 66
    strlen.o                           54
    zero_init3.o                       64
    -------------------------------------------------------
    Total:                            982

shb_l.a: [7]
    exit.o                             20
    unwind_debug.o                               1
    -------------------------------------------------------
    Total:                             20        1

    Gaps                               23        2
    Linker created                              36    3 072
-----------------------------------------------------------
    Grand Total:                   47 697      211   42 381


*******************************************************************************
*** ENTRY LIST
***

Entry                      Address    Size  Type      Object
-----                      -------    ----  ----      ------
.iar.init_table$$Base   0x0800b878           --   Gb  - Linker created -
.iar.init_table$$Limit  0x0800b89c           --   Gb  - Linker created -
?main                   0x0800b8f5          Code  Gb  cmain.o [6]
AHBPrescTable           0x0800b76c    0x10  Data  Gb  system_stm32f4xx.o [1]
APBPrescTable           0x0800b970     0x8  Data  Gb  system_stm32f4xx.o [1]
APIProcTask             0x08004b91   0x1ac  Code  Gb  ZwSerialAPI.o [1]
ApplicationCommandHandler(unsigned char, unsigned char, unsigned char *, unsigned char)
                        0x08000579   0x152  Code  Gb  ZWhostApp.o [1]
ApplicationCommandHandler_Bridge(unsigned char, unsigned char, unsigned char, unsigned char *, unsigned char *, unsigned char)
                        0x0800090d   0x19c  Code  Gb  ZWhostApp.o [1]
BtCommandQueue          0x2000a030    0x64  Data  Gb  BtSerialAPI.o [1]
BtCommandQueueHandle    0x20009698     0x4  Data  Gb  main.o [1]
BtQueueIndex            0x20009089     0x1  Data  Lc  BtSerialAPI.o [1]
BtResponseQueue         0x2000a094    0x64  Data  Gb  BtSerialAPI.o [1]
BtResponseQueueHandle   0x200096a4     0x4  Data  Gb  main.o [1]
BtResponseQueueIndex    0x2000908a     0x1  Data  Lc  BtSerialAPI.o [1]
BtSerialApp             0x080058ad   0x13a  Code  Gb  BtSerialAPI.o [1]
BusFault_Handler        0x0800b8a3     0x2  Code  Gb  stm32f4xx_it.o [1]
CB_GetVersionTestComplete(unsigned char, unsigned short)
                        0x08002ac5    0x5c  Code  Gb  ZWhostApp.o [1]
CSTACK$$Base            0x200005f8           --   Gb  - Linker created -
CSTACK$$Limit           0x200009f8           --   Gb  - Linker created -
CSerial::serGetChar(__UART_HandleTypeDef *, unsigned char *, int *)
                        0x080070ad     0xa  Code  Gb  ZwSerial.o [1]
CSerial::serPutChar(__UART_HandleTypeDef *, unsigned char)
                        0x080070c1    0x10  Code  Gb  ZwSerial.o [1]
CSerial::serWrite(__UART_HandleTypeDef *, unsigned char *, unsigned int)
                        0x080070b7     0xa  Code  Gb  ZwSerial.o [1]
CSerialAPI::BitMask_isBitSet(unsigned char *, unsigned char)
                        0x080051c3    0x14  Code  Gb  ZwSerialAPI.o [1]
CSerialAPI::CSerialAPI()
                        0x08004621    0x54  Code  Gb  ZwSerialAPI.o [1]
CSerialAPI::CalculateChecksum(unsigned char *, int)
                        0x08004ae1    0x14  Code  Gb  ZwSerialAPI.o [1]
CSerialAPI::CommLost(unsigned char)
                        0x08004675    0x10  Code  Gb  ZwSerialAPI.o [1]
CSerialAPI::Dispatch(unsigned char *, unsigned char)
                        0x08004d69   0x390  Code  Gb  ZwSerialAPI.o [1]
CSerialAPI::Initialize(unsigned char, unsigned char, void (*)(unsigned char, unsigned char, unsigned char *, unsigned char), void (*)(unsigned char, unsigned char, unsigned char, unsigned char *, unsigned char *, unsigned char), void (*)(unsigned char))
                        0x080050f9    0x8c  Code  Gb  ZwSerialAPI.o [1]
CSerialAPI::MemoryGetID(unsigned char *, unsigned char *)
                        0x080052b1    0x42  Code  Gb  ZwSerialAPI.o [1]
CSerialAPI::MemoryGetID(unsigned char *, unsigned char *)::buffer
                        0x200097b0    0x80  Data  Lc  ZwSerialAPI.o [1]
CSerialAPI::ReceiveData(unsigned char *, unsigned char *, int *)
                        0x08004685   0x146  Code  Gb  ZwSerialAPI.o [1]
CSerialAPI::SendData(unsigned char *, unsigned char, unsigned char *)
                        0x08004985    0x4c  Code  Gb  ZwSerialAPI.o [1]
CSerialAPI::SendDataAndWaitForAck(unsigned char *, unsigned char)
                        0x080049d1    0x1e  Code  Gb  ZwSerialAPI.o [1]
CSerialAPI::SendDataAndWaitForResponse(unsigned char *, unsigned char, unsigned char, unsigned char *, unsigned char *)
                        0x08004a41    0x1a  Code  Gb  ZwSerialAPI.o [1]
CSerialAPI::SerialAPI_GetInitData(unsigned char *, unsigned char *, unsigned char *, unsigned char *)
                        0x08005729    0x58  Code  Gb  ZwSerialAPI.o [1]
CSerialAPI::SerialAPI_GetInitData(unsigned char *, unsigned char *, unsigned char *, unsigned char *)::buffer
                        0x20009fb0    0x80  Data  Lc  ZwSerialAPI.o [1]
CSerialAPI::SerialAPI_Get_Capabilities(unsigned char *)
                        0x08005359    0x3e  Code  Gb  ZwSerialAPI.o [1]
CSerialAPI::SerialAPI_Get_Capabilities(unsigned char *)::buffer
                        0x20009830    0x80  Data  Lc  ZwSerialAPI.o [1]
CSerialAPI::Shutdown()  0x080051c1     0x2  Code  Gb  ZwSerialAPI.o [1]
CSerialAPI::TransmitData(unsigned char *, unsigned char)
                        0x08004927    0x4c  Code  Gb  ZwSerialAPI.o [1]
CSerialAPI::TransmitData(unsigned char *, unsigned char)::wBuf
                        0x200095a8     0x4  Data  Lc  ZwSerialAPI.o [1]
CSerialAPI::TransmitData(unsigned char *, unsigned char)::wLen
                        0x2000952a     0x1  Data  Lc  ZwSerialAPI.o [1]
CSerialAPI::WaitForAck(unsigned char *)
                        0x08004a0d    0x34  Code  Gb  ZwSerialAPI.o [1]
CSerialAPI::WaitForResponse(unsigned char, unsigned char *, unsigned char *)
                        0x08004a5b    0x80  Code  Gb  ZwSerialAPI.o [1]
CSerialAPI::ZW_AddNodeToNetwork(unsigned char, void (*)(unsigned char, unsigned char, unsigned char *, unsigned char))
                        0x08005571    0x1a  Code  Gb  ZwSerialAPI.o [1]
CSerialAPI::ZW_AddNodeToNetwork(unsigned char, void (*)(unsigned char, unsigned char, unsigned char *, unsigned char))::buffer
                        0x20009c30    0x80  Data  Lc  ZwSerialAPI.o [1]
CSerialAPI::ZW_GetControllerCapabilities(unsigned char *)
                        0x080056e3    0x26  Code  Gb  ZwSerialAPI.o [1]
CSerialAPI::ZW_GetControllerCapabilities(unsigned char *)::buffer
                        0x20009f30    0x80  Data  Lc  ZwSerialAPI.o [1]
CSerialAPI::ZW_GetLastWorkingRoute(unsigned char, unsigned char *)
                        0x080052f9    0x48  Code  Gb  ZwSerialAPI.o [1]
CSerialAPI::ZW_GetLastWorkingRoute(unsigned char, unsigned char *)::buffer
                        0x200095ac    0x80  Data  Lc  ZwSerialAPI.o [1]
CSerialAPI::ZW_GetLastWorkingRoute(unsigned char, unsigned char *)::byLen
                        0x2000962c     0x1  Data  Lc  ZwSerialAPI.o [1]
CSerialAPI::ZW_GetNodeProtocolInfo(unsigned char, NODEINFO *)::buffer
                        0x20009a30    0x80  Data  Lc  ZwSerialAPI.o [1]
CSerialAPI::ZW_GetNodeProtocolInfo(unsigned char, _NODEINFO_ *)
                        0x0800547d    0x34  Code  Gb  ZwSerialAPI.o [1]
CSerialAPI::ZW_GetSUCNodeID()
                        0x08005609    0x22  Code  Gb  ZwSerialAPI.o [1]
CSerialAPI::ZW_GetSUCNodeID()::buffer
                        0x20009db0    0x80  Data  Lc  ZwSerialAPI.o [1]
CSerialAPI::ZW_RemoveFailedNode(unsigned char, void (*)(unsigned char))
                        0x08005517    0x40  Code  Gb  ZwSerialAPI.o [1]
CSerialAPI::ZW_RemoveFailedNode(unsigned char, void (*)(unsigned char))::buffer
                        0x20009bb0    0x80  Data  Lc  ZwSerialAPI.o [1]
CSerialAPI::ZW_RemoveNodeFromNetwork(unsigned char, void (*)(unsigned char, unsigned char, unsigned char *, unsigned char))
                        0x080055a1    0x1c  Code  Gb  ZwSerialAPI.o [1]
CSerialAPI::ZW_RemoveNodeFromNetwork(unsigned char, void (*)(unsigned char, unsigned char, unsigned char *, unsigned char))::buffer
                        0x20009cb0    0x80  Data  Lc  ZwSerialAPI.o [1]
CSerialAPI::ZW_ReplicationCommandComplete()
                        0x080055c9     0xe  Code  Gb  ZwSerialAPI.o [1]
CSerialAPI::ZW_ReplicationCommandComplete()::buffer
                        0x20009d30    0x80  Data  Lc  ZwSerialAPI.o [1]
CSerialAPI::ZW_RequestNetworkUpdate(void (*)(unsigned char))
                        0x08005405    0x2c  Code  Gb  ZwSerialAPI.o [1]
CSerialAPI::ZW_RequestNetworkUpdate(void (*)(unsigned char))::buffer
                        0x20009930    0x80  Data  Lc  ZwSerialAPI.o [1]
CSerialAPI::ZW_RequestNodeInfo(unsigned char, void (*)(unsigned char))
                        0x080053bd    0x48  Code  Gb  ZwSerialAPI.o [1]
CSerialAPI::ZW_RequestNodeInfo(unsigned char, void (*)(unsigned char))::buffer
                        0x200098b0    0x80  Data  Lc  ZwSerialAPI.o [1]
CSerialAPI::ZW_RequestNodeNeighborUpdate(unsigned char, void (*)(unsigned char))
                        0x08005431    0x44  Code  Gb  ZwSerialAPI.o [1]
CSerialAPI::ZW_RequestNodeNeighborUpdate(unsigned char, void (*)(unsigned char))::buffer
                        0x200099b0    0x80  Data  Lc  ZwSerialAPI.o [1]
CSerialAPI::ZW_SendData(unsigned char, unsigned char *, unsigned char, unsigned char, void (*)(unsigned char, unsigned short))
                        0x08005225    0x48  Code  Gb  ZwSerialAPI.o [1]
CSerialAPI::ZW_SendData(unsigned char, unsigned char *, unsigned char, unsigned char, void (*)(unsigned char, unsigned short))::buffer
                        0x20009730    0x80  Data  Lc  ZwSerialAPI.o [1]
CSerialAPI::ZW_SendNodeInformation(unsigned char, unsigned char, void (*)(unsigned char))
                        0x080051e5    0x32  Code  Gb  ZwSerialAPI.o [1]
CSerialAPI::ZW_SendNodeInformation(unsigned char, unsigned char, void (*)(unsigned char))::buffer
                        0x200096b0    0x80  Data  Lc  ZwSerialAPI.o [1]
CSerialAPI::ZW_SetDefault(void (*)())
                        0x080054bd    0x2c  Code  Gb  ZwSerialAPI.o [1]
CSerialAPI::ZW_SetDefault(void (*)())::buffer
                        0x20009ab0    0x80  Data  Lc  ZwSerialAPI.o [1]
CSerialAPI::ZW_SetIdleNodeLearn(void (*)(unsigned char, unsigned char, unsigned char *, unsigned char))
                        0x08005475     0x8  Code  Gb  ZwSerialAPI.o [1]
CSerialAPI::ZW_SetLearnMode(unsigned char, void (*)(unsigned char, unsigned char, unsigned char *, unsigned char))
                        0x08005671    0x20  Code  Gb  ZwSerialAPI.o [1]
CSerialAPI::ZW_SetLearnMode(unsigned char, void (*)(unsigned char, unsigned char, unsigned char *, unsigned char))::buffer
                        0x20009e30    0x80  Data  Lc  ZwSerialAPI.o [1]
CSerialAPI::ZW_SoftReset(unsigned char)
                        0x080054f5     0xe  Code  Gb  ZwSerialAPI.o [1]
CSerialAPI::ZW_SoftReset(unsigned char)::buffer
                        0x20009b30    0x80  Data  Lc  ZwSerialAPI.o [1]
CSerialAPI::ZW_Version(unsigned char *)
                        0x08005693    0x50  Code  Gb  ZwSerialAPI.o [1]
CSerialAPI::ZW_Version(unsigned char *)::buffer
                        0x20009eb0    0x80  Data  Lc  ZwSerialAPI.o [1]
CTime::GetInstance()    0x0800600d     0x2  Code  Gb  timing.o [1]
CTime::Kill(int)        0x08006013     0x2  Code  Gb  timing.o [1]
CTime::Timeout(unsigned int, void (*)(int))
                        0x0800600f     0x4  Code  Gb  timing.o [1]
CallbackFuntion         0x08007781     0x2  Code  Gb  main.o [1]
CommErrorNotification(unsigned char)
                        0x08000cf5    0x20  Code  Gb  ZWhostApp.o [1]
CommandClassName(unsigned char)
                        0x08002281    0xe2  Code  Gb  ZWhostApp.o [1]
Control_from            0x200000cf     0x1  Data  Gb  ZWhostApp.o [1]
DMA2_Stream2_IRQHandler
                        0x0800b8af     0x6  Code  Gb  stm32f4xx_it.o [1]
DMA_CalcBaseAndBitshift
                        0x08009231    0x26  Code  Lc  stm32f4xx_hal_dma.o [1]
DMA_CalcBaseAndBitshift::flagBitshiftOffset
                        0x08009258     0x8  Data  Lc  stm32f4xx_hal_dma.o [1]
DMA_SetConfig           0x08009211    0x20  Code  Lc  stm32f4xx_hal_dma.o [1]
DebugMon_Handler        0x0800b8a7     0x2  Code  Gb  stm32f4xx_it.o [1]
DispatchProcTask        0x08004af5    0x76  Code  Gb  ZwSerialAPI.o [1]
DoRequestForNodeInformation(unsigned char)
                        0x08002915    0x8e  Code  Gb  ZWhostApp.o [1]
DumpNodeInfo(unsigned char)
                        0x080025e5    0x7e  Code  Gb  ZWhostApp.o [1]
EnterNewCurrentNodeID()
                        0x08002ce1    0x2e  Code  Gb  ZWhostApp.o [1]
Error_Handler           0x08007809     0x2  Code  Gb  main.o [1]
GetControllerCapabilityStr()
                        0x08001da5    0xe6  Code  Gb  ZWhostApp.o [1]
GetValidLibTypeStr(unsigned char)
                        0x0800031d    0x40  Code  Gb  ZWhostApp.o [1]
GetVersionReportTimeout(int)
                        0x08002b2d    0xa8  Code  Gb  ZWhostApp.o [1]
HAL_DMA_IRQHandler      0x08009057   0x192  Code  Gb  stm32f4xx_hal_dma.o [1]
HAL_DMA_Init            0x08008ef5    0xe6  Code  Gb  stm32f4xx_hal_dma.o [1]
HAL_DMA_Start_IT        0x08008fdb    0x64  Code  Gb  stm32f4xx_hal_dma.o [1]
HAL_GPIO_Init           0x080068d1   0x19a  Code  Gb  stm32f4xx_hal_gpio.o [1]
HAL_GPIO_TogglePin      0x08006a73     0xe  Code  Gb  stm32f4xx_hal_gpio.o [1]
HAL_GPIO_WritePin       0x08006a6b     0x8  Code  Gb  stm32f4xx_hal_gpio.o [1]
HAL_GetTick             0x08008ee9     0xc  Code  Wk  stm32f4xx_hal.o [1]
HAL_IncTick             0x0800ad99    0x10  Code  Wk  stm32f4xx_hal.o [1]
HAL_Init                0x0800a8f5    0x30  Code  Gb  stm32f4xx_hal.o [1]
HAL_InitTick            0x0800b23d    0x6c  Code  Gb  stm32f4xx_hal_timebase_tim.o [1]
HAL_MspInit             0x08008c3d    0x3e  Code  Gb  stm32f4xx_hal_msp.o [1]
HAL_NVIC_EnableIRQ      0x0800a997    0x16  Code  Gb  stm32f4xx_hal_cortex.o [1]
HAL_NVIC_SetPriority    0x0800a95d    0x3a  Code  Gb  stm32f4xx_hal_cortex.o [1]
HAL_NVIC_SetPriorityGrouping
                        0x0800a943    0x1a  Code  Gb  stm32f4xx_hal_cortex.o [1]
HAL_PWREx_EnableOverDrive
                        0x0800ad25    0x44  Code  Gb  stm32f4xx_hal_pwr_ex.o [1]
HAL_RCC_ClockConfig     0x08009265    0xfa  Code  Gb  stm32f4xx_hal_rcc.o [1]
HAL_RCC_GetClockConfig  0x0800938f    0x34  Code  Gb  stm32f4xx_hal_rcc.o [1]
HAL_RCC_GetPCLK1Freq    0x0800936b    0x10  Code  Gb  stm32f4xx_hal_rcc.o [1]
HAL_RCC_GetPCLK2Freq    0x0800937b     0xe  Code  Gb  stm32f4xx_hal_rcc.o [1]
HAL_RCC_GetSysClockFreq
                        0x0800a9c1    0x4a  Code  Gb  stm32f4xx_hal_rcc_ex.o [1]
HAL_RCC_OscConfig       0x0800aa37   0x2b6  Code  Gb  stm32f4xx_hal_rcc_ex.o [1]
HAL_TIMEx_BreakCallback
                        0x0800b713     0x2  Code  Wk  stm32f4xx_hal_tim_ex.o [1]
HAL_TIMEx_CommutCallback
                        0x0800b717     0x2  Code  Wk  stm32f4xx_hal_tim_ex.o [1]
HAL_TIM_Base_Init       0x0800b491    0x1a  Code  Gb  stm32f4xx_hal_tim.o [1]
HAL_TIM_Base_MspInit    0x0800b6f5     0x2  Code  Wk  stm32f4xx_hal_tim.o [1]
HAL_TIM_Base_Start_IT   0x0800b4ab    0x20  Code  Gb  stm32f4xx_hal_tim.o [1]
HAL_TIM_IC_CaptureCallback
                        0x0800b70f     0x2  Code  Wk  stm32f4xx_hal_tim.o [1]
HAL_TIM_IRQHandler      0x0800b4e7   0x142  Code  Gb  stm32f4xx_hal_tim.o [1]
HAL_TIM_OC_DelayElapsedCallback
                        0x0800b711     0x2  Code  Wk  stm32f4xx_hal_tim.o [1]
HAL_TIM_PWM_PulseFinishedCallback
                        0x0800b719     0x2  Code  Wk  stm32f4xx_hal_tim.o [1]
HAL_TIM_PeriodElapsedCallback
                        0x0800779f     0xe  Code  Gb  main.o [1]
HAL_TIM_TriggerCallback
                        0x0800b715     0x2  Code  Wk  stm32f4xx_hal_tim.o [1]
HAL_UART_ErrorCallback  0x080076cf     0x2  Code  Gb  main.o [1]
HAL_UART_Init           0x08006b45    0x28  Code  Gb  stm32f4xx_hal_uart.o [1]
HAL_UART_MspInit        0x08008c7b   0x1b8  Code  Gb  stm32f4xx_hal_msp.o [1]
HAL_UART_Receive        0x08006c53    0xa6  Code  Gb  stm32f4xx_hal_uart.o [1]
HAL_UART_Receive_DMA    0x08006d69    0x8e  Code  Gb  stm32f4xx_hal_uart.o [1]
HAL_UART_Receive_IT     0x08006d0f    0x54  Code  Gb  stm32f4xx_hal_uart.o [1]
HAL_UART_RxCpltCallback
                        0x08007595   0x108  Code  Gb  main.o [1]
HAL_UART_RxHalfCpltCallback
                        0x08009261     0x2  Code  Wk  stm32f4xx_hal_uart.o [1]
HAL_UART_Transmit       0x08006bb3    0xa0  Code  Gb  stm32f4xx_hal_uart.o [1]
HEAP$$Base              0x200009f8           --   Gb  - Linker created -
HEAP$$Limit             0x200011f8           --   Gb  - Linker created -
HardFault_Handler       0x0800b89f     0x2  Code  Gb  stm32f4xx_it.o [1]
IdleLearnNodeState_Compl(unsigned char, unsigned char, unsigned char *, unsigned char)
                        0x0800041d    0xce  Code  Gb  ZWhostApp.o [1]
IdleLearnNodeState_Compl(unsigned char, unsigned char, unsigned char *, unsigned char)::lastLearnedNodeType
                        0x200000d0     0x1  Data  Lc  ZWhostApp.o [1]
InitializeSerialAPICapabilities()
                        0x080003d9    0x44  Code  Gb  ZWhostApp.o [1]
LedTask1                0x08007783    0x1c  Code  Gb  main.o [1]
LoadInt                 0x08007c45    0x4c  Code  Lc  xprintfsmall_nomb.o [3]
MX_GPIO_Init            0x080074cb    0xb2  Code  Lc  main.o [1]
MemManage_Handler       0x0800b8a1     0x2  Code  Gb  stm32f4xx_it.o [1]
MyNodeId                0x200000cd     0x1  Data  Gb  ZWhostApp.o [1]
MySystemHomeId          0x20008f84     0x4  Data  Gb  ZWhostApp.o [1]
MySystemSUCID           0x200000c5     0x1  Data  Gb  ZWhostApp.o [1]
NMI_Handler             0x0800b89d     0x2  Code  Gb  stm32f4xx_it.o [1]
NetworkHealthComplete(unsigned char)
                        0x08002821    0x12  Code  Gb  ZWhostApp.o [1]
NetworkHealthStart()    0x0800285d    0x26  Code  Gb  ZWhostApp.o [1]
NetworkManagement_Init(_S_SERIALAPI_CAPABILITIES *, unsigned char *, unsigned char, bool *, unsigned char, _sNetworkManagement *)
                        0x080063e1     0x4  Code  Gb  networkManagement.o [1]
NetworkManagement_IsFuncIDsSupported(unsigned char *, unsigned char)
                        0x080063ad    0x34  Code  Gb  networkManagement.o [1]
NetworkManagement_NH_Start(_sNetworkManagement_Stat *)
                        0x08006213    0x50  Code  Gb  networkManagement.o [1]
NetworkManagement_NH_TestConnection(unsigned char, void (*)(unsigned char, unsigned short))
                        0x080061ff     0xa  Code  Gb  networkManagement.o [1]
NetworkManagement_NH_TestConnectionComplete(unsigned char, unsigned short)
                        0x08006211     0x2  Code  Gb  networkManagement.o [1]
NetworkManagement_NetworkHealth_Maintenance()::currentTick
                        0x20000094     0x4  Data  Lc  networkManagement.o [1]
NetworkManagement_NetworkHealth_Start(void (*)(unsigned char))
                        0x080063e5    0x38  Code  Gb  networkManagement.o [1]
NetworkManagement_Timed_ZW_SendData(unsigned char, unsigned char *, unsigned char, void (*)(unsigned char, unsigned short))
                        0x080060f9    0x34  Code  Gb  networkManagement.o [1]
NetworkManagement_Timed_ZW_SendData_Completed(unsigned char, unsigned short)
                        0x08006091    0x68  Code  Gb  networkManagement.o [1]
NetworkManagement_ZW_SendData(unsigned char, unsigned char *, unsigned char, void (*)(unsigned char, unsigned short))
                        0x08006151    0xae  Code  Gb  networkManagement.o [1]
NetworkManagement_ZW_SendData_Completed(unsigned char, unsigned short)
                        0x0800612d    0x24  Code  Gb  networkManagement.o [1]
PendSV_Handler          0x0800b3e1          Code  Gb  portasm.o [1]
RecvBuffer              0x2000908c   0x100  Data  Lc  ZwSerialAPI.o [1]
Region$$Table$$Base     0x0800b878           --   Gb  - Linker created -
Region$$Table$$Limit    0x0800b89c           --   Gb  - Linker created -
ReloadNodeList(int)     0x08001f71   0x1de  Code  Gb  ZWhostApp.o [1]
RemoveFailedNode_Compl(unsigned char)
                        0x08001c75    0x3c  Code  Gb  ZWhostApp.o [1]
RequestNetworkUpdate_Compl(unsigned char)
                        0x0800275d     0xa  Code  Gb  ZWhostApp.o [1]
RequestNextNodeInformation(int)
                        0x08002791    0x54  Code  Gb  ZWhostApp.o [1]
RequestNodeInfo_Compl(unsigned char)
                        0x08001a61    0x16  Code  Gb  ZWhostApp.o [1]
RequestNodeInformation_Completed(unsigned char)
                        0x08002883    0x1c  Code  Gb  ZWhostApp.o [1]
RequestNodeNeighborUpdate_Compl(unsigned char)
                        0x08001a21    0x10  Code  Gb  ZWhostApp.o [1]
Ridx1                   0x20000001     0x1  Data  Gb  main.o [1]
Ridx3                   0x20000003     0x1  Data  Gb  main.o [1]
Ridx4                   0x20000005     0x1  Data  Gb  main.o [1]
Ridx5                   0x20000007     0x1  Data  Gb  main.o [1]
Ridx6                   0x20000009     0x1  Data  Gb  main.o [1]
SHT$$INIT_ARRAY$$Base   0x0800bac8           --   Gb  - Linker created -
SHT$$INIT_ARRAY$$Limit  0x0800bacc           --   Gb  - Linker created -
SHT$$PREINIT_ARRAY$$Base
                        0x0800bac8           --   Gb  - Linker created -
SHT$$PREINIT_ARRAY$$Limit
                        0x0800bac8           --   Gb  - Linker created -
SVC_Handler             0x0800b439          Code  Gb  portasm.o [1]
SendData_Compl(unsigned char, unsigned short)
                        0x080019ab    0x16  Code  Gb  ZWhostApp.o [1]
SeqNo()                 0x080049ef    0x14  Code  Gb  ZwSerialAPI.o [1]
SetDefault_Compl()      0x08001ae5    0x18  Code  Gb  ZWhostApp.o [1]
SetLearnMode_Compl(unsigned char, unsigned char, unsigned char *, unsigned char)
                        0x08001b15    0x64  Code  Gb  ZWhostApp.o [1]
SetLearnNodeStateDelete_Compl(unsigned char, unsigned char, unsigned char *, unsigned char)
                        0x080011a5    0xf8  Code  Gb  ZWhostApp.o [1]
SetLearnNodeState_Compl(unsigned char, unsigned char, unsigned char *, unsigned char)
                        0x08001561    0xfe  Code  Gb  ZWhostApp.o [1]
StartNextNetworkHealthTest()
                        0x08006263   0x102  Code  Gb  networkManagement.o [1]
SysTick_Handler         0x0800b145    0x1e  Code  Gb  port.o [1]
SystemClock_Config      0x0800742f    0x9c  Code  Gb  main.o [1]
SystemCoreClock         0x200000bc     0x4  Data  Gb  system_stm32f4xx.o [1]
SystemInit              0x0800b71d    0x3a  Code  Gb  system_stm32f4xx.o [1]
TIM1_UP_TIM10_IRQHandler
                        0x0800b8a9     0x6  Code  Gb  stm32f4xx_it.o [1]
TIM_Base_SetConfig      0x0800b62f    0x98  Code  Gb  stm32f4xx_hal_tim.o [1]
Task1Handle             0x20009670     0x4  Data  Gb  main.o [1]
Task2Handle             0x20009674     0x4  Data  Gb  main.o [1]
Task3Handle             0x20009678     0x4  Data  Gb  main.o [1]
Task5Handle             0x2000967c     0x4  Data  Gb  main.o [1]
Task6Handle             0x20009680     0x4  Data  Gb  main.o [1]
Task7Handle             0x20009684     0x4  Data  Gb  main.o [1]
Task8Handle             0x20009688     0x4  Data  Gb  main.o [1]
TimingGetElapsedMSec(unsigned int)
                        0x0800600b     0x2  Code  Gb  timing.o [1]
TimingStart(_sTiming *)
                        0x08006003     0x4  Code  Gb  timing.o [1]
TimingStop(_sTiming *)  0x08006007     0x4  Code  Gb  timing.o [1]
UART_DMAError           0x08006e4d    0x4a  Code  Lc  stm32f4xx_hal_uart.o [1]
UART_DMAReceiveCplt     0x08006e0d    0x38  Code  Lc  stm32f4xx_hal_uart.o [1]
UART_DMARxHalfCplt      0x08006e45     0x6  Code  Lc  stm32f4xx_hal_uart.o [1]
UART_EndRxTransfer      0x08006eff    0x1c  Code  Lc  stm32f4xx_hal_uart.o [1]
UART_EndTxTransfer      0x08006eed    0x12  Code  Lc  stm32f4xx_hal_uart.o [1]
UART_SetConfig          0x08006f1d   0x13a  Code  Lc  stm32f4xx_hal_uart.o [1]
UART_WaitOnFlagUntilTimeout
                        0x08006e97    0x56  Code  Lc  stm32f4xx_hal_uart.o [1]
UARTgetsNonblocking(char *, unsigned int)
                        0x08003d8d    0xa2  Code  Gb  ZWhostApp.o [1]
UARTgetsNonblocking(char *, unsigned int)::bLastWasCR
                        0x2000962f     0x1  Data  Lc  ZWhostApp.o [1]
Uart1_GetChar           0x080076d1    0x3c  Code  Gb  main.o [1]
Uart1_Rx_buffer         0x2000a434    0x40  Data  Gb  main.o [1]
Uart3_GetChar           0x0800770d    0x2c  Code  Gb  main.o [1]
Uart3_Rx_buffer         0x2000a284    0x20  Data  Gb  main.o [1]
Uart4_Rx_buffer         0x2000a2e4    0x20  Data  Gb  main.o [1]
Uart5_GetChar           0x08007755    0x2c  Code  Gb  main.o [1]
Uart5_Rx_buffer         0x2000a4f4    0x20  Data  Gb  main.o [1]
Uart6_Rx_buffer         0x2000a514    0x20  Data  Gb  main.o [1]
UpperRsp                0x2000a534    0x20  Data  Gb  ZWhostApp.o [1]
UsageFault_Handler      0x0800b8a5     0x2  Code  Gb  stm32f4xx_it.o [1]
UsbCommandQueue         0x2000a0f8    0x64  Data  Gb  UsbSerialAPI.o [1]
UsbCommandQueueHandle   0x2000969c     0x4  Data  Gb  main.o [1]
UsbQueueIndex           0x2000908b     0x1  Data  Lc  UsbSerialAPI.o [1]
UsbResponseQueue        0x2000a15c    0x64  Data  Gb  UsbSerialAPI.o [1]
UsbResponseQueueHandle  0x200096a8     0x4  Data  Gb  main.o [1]
UsbResponseQueueIndex   0x2000962d     0x1  Data  Lc  UsbSerialAPI.o [1]
UsbSerialApp            0x08005c45   0x15a  Code  Gb  UsbSerialAPI.o [1]
Virtual function table for CSerialAPI
                        0x0800b944    0x10  Data  Gb  ZwSerialAPI.o [1]
Widx1                   0x20000000     0x1  Data  Gb  main.o [1]
Widx3                   0x20000002     0x1  Data  Gb  main.o [1]
Widx4                   0x20000004     0x1  Data  Gb  main.o [1]
Widx5                   0x20000006     0x1  Data  Gb  main.o [1]
Widx6                   0x20000008     0x1  Data  Gb  main.o [1]
WifiCommandQueue        0x2000a1c0    0x64  Data  Gb  WifiSerialAPI.o [1]
WifiCommandQueueHandle  0x200096a0     0x4  Data  Gb  main.o [1]
WifiQueueIndex          0x2000962e     0x1  Data  Lc  WifiSerialAPI.o [1]
WifiResponseQueueHandle
                        0x200096ac     0x4  Data  Gb  main.o [1]
WifiSerialApp           0x08006b15    0x14  Code  Gb  WifiSerialAPI.o [1]
WriteNodeTypeString(unsigned char)
                        0x08000ecd   0x118  Code  Gb  ZWhostApp.o [1]
ZWApp_main              0x08003599   0x56a  Code  Gb  ZWhostApp.o [1]
ZWUart                  0x2000952c     0x4  Data  Gb  ZwSerialAPI.o [1]
ZWhostAppTimerHandle    0x2000968c     0x4  Data  Gb  main.o [1]
ZwCommandQueue          0x20008680   0x50c  Data  Gb  ZwSerialAPI.o [1]
ZwCommandQueueHandle    0x20009690     0x4  Data  Gb  main.o [1]
ZwQueueIndex            0x20009528     0x1  Data  Lc  ZwSerialAPI.o [1]
ZwTransmitIndex         0x20009529     0x1  Data  Lc  ZwSerialAPI.o [1]
ZwTransmitQueue         0x20008b8c   0x220  Data  Lc  ZwSerialAPI.o [1]
ZwTransmitQueueHandle   0x20009694     0x4  Data  Gb  main.o [1]
_IsdstStr               0x20000584     0x4  Data  Gb  setlocale.o [3]
_LitobSmallNoMb         0x08007c91    0xce  Code  Lc  xprintfsmall_nomb.o [3]
_LocaleC_isspace        0x0800b219    0x14  Code  Gb  xlocale_c.o [3]
_LocaleC_tolower        0x0800b22d     0xc  Code  Gb  xlocale_c.o [3]
_LocaleForCat           0x0800b201    0x12  Code  Gb  setlocale.o [3]
_LocaleReturnString     0x200005a4    0x50  Data  Lc  setlocale.o [3]
_Locale_Profile         0x20000588    0x1c  Data  Gb  setlocale.o [3]
_PrintfSmallNoMb        0x080078bd   0x382  Code  Gb  xprintfsmall_nomb.o [3]
_Prout                  0x0800b923    0x16  Code  Gb  xprout.o [3]
_PutcharsSmallNoMb      0x08007d5f    0x2e  Code  Lc  xprintfsmall_nomb.o [3]
_SNProut                0x08005f73    0x1a  Code  Gb  xsnprout.o [3]
_TzoneStr               0x20000580     0x4  Data  Gb  setlocale.o [3]
__NVIC_SetPriority      0x0800a929    0x1a  Code  Lc  stm32f4xx_hal_cortex.o [1]
__aeabi_d2iz            0x08007dc9          Code  Gb  DblToI32.o [5]
__aeabi_errno_addr      0x08008c31     0x6  Code  Gb  errno.o [3]
__aeabi_ldiv0           0x0800b70d          Code  Gb  I64DivZer.o [6]
__aeabi_memclr4         0x08005f6d          Code  Gb  ABImemclr4.o [6]
__aeabi_uldivmod        0x0800b2f1          Code  Gb  I64DivMod.o [6]
__call_ctors            0x0800b8dd    0x18  Code  Gb  cppinit.o [3]
__cmain                 0x0800b8f5          Code  Gb  cmain.o [6]
__data_GetMemChunk      0x0800b2c5    0x2c  Code  Gb  xgetmemchunk.o [3]
__data_GetMemChunk::start
                        0x2000a58c     0x4  Data  Lc  xgetmemchunk.o [3]
__exit                  0x0800b6f9    0x14  Code  Gb  exit.o [7]
__iar_Errno             0x2000057c     0x4  Data  Gb  errno.o [3]
__iar_Memchr            0x08008bd9          Code  Gb  memchr.o [6]
__iar_Memset4_word      0x08007d95          Code  Gb  ABImemset48.o [6]
__iar_Memset8_word      0x08007d95          Code  Gb  ABImemset48.o [6]
__iar_Stdout            0x2000053c    0x40  Data  Gb  xfiles.o [3]
__iar_Stoul             0x08006839     0x4  Code  Gb  xstoul.o [3]
__iar_Stoulx            0x080066f5   0x13e  Code  Gb  xstoul.o [3]
__iar_Strchr            0x0800ada9          Code  Gb  strchr.o [6]
__iar_cstart_call_ctors
                        0x0800b8bd    0x20  Code  Gb  cmain_call_ctors.o [6]
__iar_d2uiz             0x08007df5          Code  Gb  DblToI32.o [5]
__iar_data_init3        0x0800b82d    0x28  Code  Gb  data_init.o [6]
__iar_debug_exceptions  0x0800604a     0x1  Data  Gb  unwind_debug.o [7]
__iar_dlfree            0x0800a3d3   0x51a  Code  Gb  dlmalloc.o [3]
__iar_dlib_perthread_access
                        0x0800b239     0x2  Code  Gb  xtls.o [3]
__iar_dlmalloc          0x0800a11d   0x2aa  Code  Gb  dlmalloc.o [3]
__iar_init_vfp          0x0800b855          Code  Gb  fpinit_M.o [5]
__iar_packbits_init_single3
                        0x0800b7f5    0x38  Code  Gb  packbits_init_single.o [6]
__iar_program_start     0x0800b965          Code  Gb  cstartup_M.o [6]
__iar_unaligned___aeabi_memcpy
                        0x08005f8d          Code  Gb  ABImemcpy_unaligned.o [6]
__iar_unaligned___aeabi_memcpy4
                        0x08005fad          Code  Gb  ABImemcpy_unaligned.o [6]
__iar_unaligned___aeabi_memcpy8
                        0x08005fad          Code  Gb  ABImemcpy_unaligned.o [6]
__iar_unaligned_memcmp  0x080070d1          Code  Gb  memcmp_unaligned.o [6]
__iar_unaligned_strcmp  0x0800688d          Code  Gb  strcmp_unaligned.o [6]
__iar_zero_init3        0x0800b77d    0x40  Code  Gb  zero_init3.o [6]
__low_level_init        0x0800b90f     0x4  Code  Gb  low_level_init.o [3]
__sti__routine          0x080001c5     0x8  Code  Lc  ZWhostApp.o [1]
__vector_table          0x08000000          Data  Gb  startup_stm32f446xx.o [1]
_call_main              0x0800b901          Code  Gb  cmain.o [6]
_exit                   0x0800b919          Code  Gb  cexit.o [6]
_gm_                    0x20008dac   0x1d8  Data  Lc  dlmalloc.o [3]
_main                   0x0800b90b          Code  Gb  cmain.o [6]
abListeningNodeList     0x2000918c    0xe8  Data  Gb  ZWhostApp.o [1]
abPingFailed            0x20009274    0xe8  Data  Gb  ZWhostApp.o [1]
abPingFailedSize        0x200000c7     0x1  Data  Gb  ZWhostApp.o [1]
abort                   0x0800b2bd     0x6  Code  Gb  abort.o [3]
afIsNodeAFLiRS          0x20008fa0    0xe8  Data  Gb  ZWhostApp.o [1]
api                     0x20000104    0x10  Data  Gb  ZWhostApp.o [1]
bAddRemoveNodeFromNetwork
                        0x200000fc     0x4  Data  Gb  ZWhostApp.o [1]
bCharBuf                0x2000013c   0x400  Data  Gb  ZWhostApp.o [1]
bControllerCapabilities
                        0x200000c4     0x1  Data  Gb  ZWhostApp.o [1]
bDeviceCapabilities     0x20008f88     0x1  Data  Gb  ZWhostApp.o [1]
bDutNodeID              0x20000055     0x1  Data  Gb  networkManagement.o [1]
bListeningNodeListSize  0x200000c6     0x1  Data  Gb  ZWhostApp.o [1]
bNetworkRepeaterCount   0x20008f8b     0x1  Data  Gb  ZWhostApp.o [1]
bNodeExistMask          0x20008f8c     0x2  Data  Gb  ZWhostApp.o [1]
bNodeExistMaskLen       0x20008f89     0x1  Data  Gb  ZWhostApp.o [1]
bNodeID                 0x200000f4     0x4  Data  Gb  ZWhostApp.o [1]
bPingNodeIndex          0x200000c8     0x1  Data  Gb  ZWhostApp.o [1]
bSerialAPIVer           0x20009088     0x1  Data  Gb  ZWhostApp.o [1]
canRetry                0x20009544     0x4  Data  Lc  ZwSerialAPI.o [1]
cbFuncMemoryPutBuffer   0x2000957c     0x4  Data  Lc  ZwSerialAPI.o [1]
cbFuncRTCTimerCreate    0x200095a0     0x4  Data  Lc  ZwSerialAPI.o [1]
cbFuncZWAssignReturnRoute
                        0x2000958c     0x4  Data  Lc  ZwSerialAPI.o [1]
cbFuncZWAssignSUCReturnRoute
                        0x20009590     0x4  Data  Lc  ZwSerialAPI.o [1]
cbFuncZWDeleteReturnRoute
                        0x20009598     0x4  Data  Lc  ZwSerialAPI.o [1]
cbFuncZWDeleteSUCReturnRoute
                        0x20009594     0x4  Data  Lc  ZwSerialAPI.o [1]
cbFuncZWNewController   0x20009584     0x4  Data  Lc  ZwSerialAPI.o [1]
cbFuncZWRemoveFailedNode
                        0x2000a56c     0x4  Data  Lc  ZwSerialAPI.o [1]
cbFuncZWReplaceFailedNode
                        0x2000a568     0x4  Data  Lc  ZwSerialAPI.o [1]
cbFuncZWReplicationSendData
                        0x20009588     0x4  Data  Lc  ZwSerialAPI.o [1]
cbFuncZWRequestNetworkUpdate
                        0x200095a4     0x4  Data  Lc  ZwSerialAPI.o [1]
cbFuncZWRequestNodeNodeNeighborUpdate
                        0x2000a558     0x4  Data  Lc  ZwSerialAPI.o [1]
cbFuncZWRequestNodeNodeNeighborUpdate_Option
                        0x2000a55c     0x4  Data  Lc  ZwSerialAPI.o [1]
cbFuncZWSendData        0x20009554     0x4  Data  Lc  ZwSerialAPI.o [1]
cbFuncZWSendDataMR      0x20009560     0x4  Data  Lc  ZwSerialAPI.o [1]
cbFuncZWSendDataMeta    0x20009558     0x4  Data  Lc  ZwSerialAPI.o [1]
cbFuncZWSendDataMetaMR  0x20009564     0x4  Data  Lc  ZwSerialAPI.o [1]
cbFuncZWSendDataMeta_Bridge
                        0x2000956c     0x4  Data  Lc  ZwSerialAPI.o [1]
cbFuncZWSendDataMulti   0x2000955c     0x4  Data  Lc  ZwSerialAPI.o [1]
cbFuncZWSendDataMulti_Bridge
                        0x20009570     0x4  Data  Lc  ZwSerialAPI.o [1]
cbFuncZWSendData_Bridge
                        0x20009568     0x4  Data  Lc  ZwSerialAPI.o [1]
cbFuncZWSendNodeInformation
                        0x20009574     0x4  Data  Lc  ZwSerialAPI.o [1]
cbFuncZWSendSUCID       0x2000a564     0x4  Data  Lc  ZwSerialAPI.o [1]
cbFuncZWSendTestFrame   0x20009578     0x4  Data  Lc  ZwSerialAPI.o [1]
cbFuncZWSetDefault      0x20009580     0x4  Data  Lc  ZwSerialAPI.o [1]
cbFuncZWSetLearnMode    0x2000959c     0x4  Data  Lc  ZwSerialAPI.o [1]
cbFuncZWSetSUCNodeID    0x2000a560     0x4  Data  Lc  ZwSerialAPI.o [1]
cbIdleLearnNode         0x2000a554     0x4  Data  Lc  ZwSerialAPI.o [1]
cbNetworkManagement_DoRediscoverSingle
                        0x20000090     0x4  Data  Gb  networkManagement.o [1]
cbNetworkManagement_Timed_ZW_SendData
                        0x2000008c     0x4  Data  Gb  networkManagement.o [1]
cbNetworkManagement_ZW_SendData
                        0x20000088     0x4  Data  Gb  networkManagement.o [1]
debuglog_wr_frame       0x080045b9    0x4e  Code  Gb  ZwSerialAPI.o [1]
digits                  0x0800683c    0x28  Data  Lc  xstoul.o [3]
dma_rx_buf              0x2000a224    0x20  Data  Gb  main.o [1]
dma_uart_rx             0x2000000c     0x8  Data  Gb  main.o [1]
exit                    0x0800b913     0x4  Code  Gb  exit.o [3]
fAddNodeToNetwork()     0x08002d4d    0x2c  Code  Gb  ZWhostApp.o [1]
fGetCapabilities()      0x08003295    0xfc  Code  Gb  ZWhostApp.o [1]
fReloadNodeList()       0x080034c5    0xb8  Code  Gb  ZWhostApp.o [1]
fRemoveFailedNode()     0x08002e8d    0x94  Code  Gb  ZWhostApp.o [1]
fRemoveNodeFromNetwork()
                        0x08002ddd    0x28  Code  Gb  ZWhostApp.o [1]
fSendData(unsigned char, unsigned char)
                        0x080031b1    0x56  Code  Gb  ZWhostApp.o [1]
fSendData(unsigned char, unsigned char)::pData
                        0x200000c0     0x4  Data  Lc  ZWhostApp.o [1]
fSetLearnMode()         0x08003115    0x3c  Code  Gb  ZWhostApp.o [1]
fVersion()              0x08003255    0x3c  Code  Gb  ZWhostApp.o [1]
fputc                   0x08007135    0x16  Code  Gb  main.o [1]
funcApplicationCommandHandler
                        0x20009548     0x4  Data  Lc  ZwSerialAPI.o [1]
funcApplicationCommandHandler_Bridge
                        0x2000954c     0x4  Data  Lc  ZwSerialAPI.o [1]
funcCommErrorNotification
                        0x20009550     0x4  Data  Lc  ZwSerialAPI.o [1]
get_BTcommand           0x080057dd    0x58  Code  Gb  BtSerialAPI.o [1]
get_USBcommand          0x08005b75    0x58  Code  Gb  UsbSerialAPI.o [1]
get_WIFIcommand         0x08006aa9    0x56  Code  Gb  WifiSerialAPI.o [1]
hdma_usart1_rx          0x2000a344    0x60  Data  Gb  main.o [1]
htim1                   0x2000a474    0x40  Data  Gb  stm32f4xx_hal_timebase_tim.o [1]
huart1                  0x20009630    0x40  Data  Gb  main.o [1]
huart2                  0x2000a3f4    0x40  Data  Gb  main.o [1]
huart3                  0x2000a2a4    0x40  Data  Gb  main.o [1]
huart4                  0x20000014    0x40  Data  Gb  main.o [1]
huart5                  0x2000a244    0x40  Data  Gb  main.o [1]
huart6                  0x2000a304    0x40  Data  Gb  main.o [1]
iSecondsBetweenEveryMaintenanceSample
                        0x20000080     0x4  Data  Gb  networkManagement.o [1]
inHandlerMode           0x080065ad     0xc  Code  Lc  cmsis_os.o [1]
init_mparams            0x0800941d    0x32  Code  Lc  dlmalloc.o [3]
init_top                0x0800944f    0x34  Code  Lc  dlmalloc.o [3]
isspace                 0x08008bb1    0x14  Code  Gb  isxxx.o [3]
lNetworkManagementCurrentSecondsTickerSample
                        0x2000007c     0x4  Data  Gb  networkManagement.o [1]
lNetworkManagementTimeSecondsTicker
                        0x20000078     0x4  Data  Gb  networkManagement.o [1]
lastLearnedNodeID       0x200000c9     0x1  Data  Gb  ZWhostApp.o [1]
lastLearnedNodeType     0x200000ca     0x1  Data  Gb  ZWhostApp.o [1]
lastRemovedNodeID       0x200000cb     0x1  Data  Gb  ZWhostApp.o [1]
lastRemovedNodeType     0x200000cc     0x1  Data  Gb  ZWhostApp.o [1]
learnMode_status        0x200000f8     0x4  Data  Gb  ZWhostApp.o [1]
main                    0x0800714b   0x2d2  Code  Gb  main.o [1]
makeFreeRtosPriority    0x080065a1     0xc  Code  Lc  cmsis_os.o [1]
memchr                  0x08008bd9          Code  Gb  memchr.o [6]
mparams                 0x2000a570    0x18  Data  Lc  dlmalloc.o [3]
ndigs                   0x08006864    0x28  Data  Lc  xstoul.o [3]
noAckReceived           0x20009538     0x4  Data  Lc  ZwSerialAPI.o [1]
nodeList                0x20008f90    0x10  Data  Gb  ZWhostApp.o [1]
nodeListSize            0x20008f8a     0x1  Data  Gb  ZWhostApp.o [1]
nodeStats               0x20000064     0x4  Data  Gb  networkManagement.o [1]
nodeType                0x200000d4    0x10  Data  Gb  ZWhostApp.o [1]
obuf                    0x2000a3a4    0x50  Data  Lc  xfiles.o [3]
operator delete (void *)
                        0x080070a3     0xa  Code  Gb  delop_0.o [4]
operator new (unsigned int)
                        0x080093dd    0x24  Code  Gb  newop_0.o [4]
operator new[] (unsigned int)
                        0x0800709b     0x8  Code  Gb  newaop_0.o [4]
osDelay                 0x080065f1     0xe  Code  Gb  cmsis_os.o [1]
osKernelStart           0x080065b9     0xa  Code  Gb  cmsis_os.o [1]
osSemaphoreCreate       0x0800660b    0x26  Code  Gb  cmsis_os.o [1]
osSemaphoreRelease      0x08006699    0x30  Code  Gb  cmsis_os.o [1]
osSemaphoreWait         0x08006631    0x40  Code  Gb  cmsis_os.o [1]
osThreadCreate          0x080065c3    0x2e  Code  Gb  cmsis_os.o [1]
osTimerCreate           0x080065ff     0x4  Code  Gb  cmsis_os.o [1]
osTimerStart            0x08006603     0x4  Code  Gb  cmsis_os.o [1]
osTimerStop             0x08006607     0x4  Code  Gb  cmsis_os.o [1]
pBasicBuf               0x2000a4b4    0x40  Data  Lc  ZWhostApp.o [1]
pGetVersionReportTimer  0x200000ec     0x4  Data  Gb  ZWhostApp.o [1]
pSecTimer               0x20000070     0x4  Data  Gb  networkManagement.o [1]
pTimer                  0x200000e4     0x4  Data  Gb  ZWhostApp.o [1]
prepend_alloc           0x08009483   0x372  Code  Lc  dlmalloc.o [3]
printIncomming          0x200000ce     0x1  Data  Gb  ZWhostApp.o [1]
printf                  0x08005f49    0x24  Code  Gb  printf.o [3]
prvAddCurrentTaskToDelayedList
                        0x08008595    0x5a  Code  Lc  tasks.o [1]
prvAddNewTaskToReadyList
                        0x08007ee5    0x9a  Code  Lc  tasks.o [1]
prvCopyDataFromQueue    0x08008b05    0x26  Code  Lc  queue.o [1]
prvCopyDataToQueue      0x08008a9d    0x68  Code  Lc  queue.o [1]
prvDeleteTCB            0x08008339    0x14  Code  Lc  tasks.o [1]
prvIdleTask             0x080082e5    0x40  Code  Lc  tasks.o [1]
prvInitialiseNewQueue   0x080086bd    0x16  Code  Lc  queue.o [1]
prvInitialiseNewTask    0x08007e6d    0x78  Code  Lc  tasks.o [1]
prvInsertBlockIntoFreeList
                        0x0800af1d    0x46  Code  Lc  heap_4.o [1]
prvIsQueueEmpty         0x08008b95    0x16  Code  Lc  queue.o [1]
prvResetNextTaskUnblockTime
                        0x0800834d    0x1c  Code  Lc  tasks.o [1]
prvTaskExitError        0x0800b021    0x28  Code  Lc  port.o [1]
prvUnlockQueue          0x08008b2b    0x6a  Code  Lc  queue.o [1]
put_BTcommand           0x08005835    0x22  Code  Gb  BtSerialAPI.o [1]
put_BTresponse          0x08005857    0x20  Code  Gb  BtSerialAPI.o [1]
put_USBcommand          0x08005bcd    0x22  Code  Gb  UsbSerialAPI.o [1]
put_USBresponse         0x08005bef    0x20  Code  Gb  UsbSerialAPI.o [1]
putchar                 0x0800b939     0xc  Code  Gb  putchar.o [3]
pvPortMalloc            0x0800adc1    0xf8  Code  Gb  heap_4.o [1]
pvTaskIncrementMutexHeldCount
                        0x0800853d    0x14  Code  Gb  tasks.o [1]
pxCurrentTCB            0x20009384     0x4  Data  Gb  tasks.o [1]
pxDelayedTaskList       0x20009388     0x4  Data  Lc  tasks.o [1]
pxEnd                   0x20001200     0x4  Data  Lc  heap_4.o [1]
pxOverflowDelayedTaskList
                        0x2000938c     0x4  Data  Lc  tasks.o [1]
pxPortInitialiseStack   0x0800aff9    0x26  Code  Gb  port.o [1]
pxReadyTasksLists       0x2000949c    0x8c  Data  Lc  tasks.o [1]
report_Upper(unsigned char, unsigned char)
                        0x080001cd    0x4c  Code  Gb  ZWhostApp.o [1]
requestUpdateOn         0x20000084     0x4  Data  Gb  networkManagement.o [1]
response_Upper(unsigned char, unsigned char, unsigned char)
                        0x08000241    0x7e  Code  Gb  ZWhostApp.o [1]
retry                   0x2000953c     0x4  Data  Lc  ZwSerialAPI.o [1]
retryDelay              0x20009540     0x4  Data  Lc  ZwSerialAPI.o [1]
sController_SerialAPI_Capabilities
                        0x20000114    0x28  Data  Gb  ZWhostApp.o [1]
sNetworkManagementUT    0x20006e10  0x1870  Data  Gb  ZWhostApp.o [1]
sTxTiming               0x20000058     0xc  Data  Gb  networkManagement.o [1]
segment_holding         0x08009401    0x1c  Code  Lc  dlmalloc.o [3]
seqNo                   0x2000a590     0x1  Data  Lc  ZwSerialAPI.o [1]
snprintf                0x0800604d    0x44  Code  Gb  snprintf.o [3]
spCurrentSample         0x2000006c     0x4  Data  Gb  networkManagement.o [1]
spNetworkManagement     0x20000068     0x4  Data  Gb  networkManagement.o [1]
std::_NomemoryNothrow()
                        0x0800b2b9     0x4  Code  Gb  nomemory.o [4]
std::__iar_New_hand     0x2000a588     0x4  Data  Gb  new.o [4]
strchr                  0x0800ada9          Code  Gb  strchr.o [6]
strlen                  0x08006015          Code  Gb  strlen.o [6]
sys_alloc               0x080097f5   0x388  Code  Lc  dlmalloc.o [3]
testConnectionPayload   0x20000098     0xc  Data  Gb  networkManagement.o [1]
testConnectionTxOptions
                        0x20000054     0x1  Data  Gb  networkManagement.o [1]
testStarted             0x20000100     0x4  Data  Gb  ZWhostApp.o [1]
timerGetVersionReportH  0x200000f0     0x4  Data  Gb  ZWhostApp.o [1]
timerH                  0x200000e8     0x4  Data  Gb  ZWhostApp.o [1]
timerRTCArray           0x200093fc    0xa0  Data  Lc  ZwSerialAPI.o [1]
timerSecH               0x20000074     0x4  Data  Gb  networkManagement.o [1]
tmalloc_large           0x08009b89   0x380  Code  Lc  dlmalloc.o [3]
tmalloc_small           0x08009f09   0x206  Code  Lc  dlmalloc.o [3]
tolower                 0x08008bc5    0x14  Code  Gb  tolower.o [3]
ucHeap                  0x20001210  0x5c00  Data  Lc  heap_4.o [1]
ucMaxSysCallPriority    0x200000a4     0x1  Data  Lc  port.o [1]
ulMaxPRIGROUPValue      0x200000ac     0x4  Data  Lc  port.o [1]
uwTick                  0x200000b4     0x4  Data  Gb  stm32f4xx_hal.o [1]
uwTickFreq              0x200000b0     0x1  Data  Gb  stm32f4xx_hal.o [1]
uwTickPrio              0x200000b8     0x4  Data  Gb  stm32f4xx_hal.o [1]
uxCriticalNesting       0x200000a8     0x4  Data  Lc  port.o [1]
uxCurrentNumberOfTasks  0x200093a8     0x4  Data  Lc  tasks.o [1]
uxDeletedTasksWaitingCleanUp
                        0x20009390     0x4  Data  Lc  tasks.o [1]
uxListRemove            0x0800afd3    0x26  Code  Gb  list.o [1]
uxPendedTicks           0x200093b8     0x4  Data  Lc  tasks.o [1]
uxSchedulerSuspended    0x200093cc     0x4  Data  Lc  tasks.o [1]
uxTaskNumber            0x200093c4     0x4  Data  Lc  tasks.o [1]
uxTopReadyPriority      0x200093b0     0x4  Data  Lc  tasks.o [1]
vListInitialise         0x0800af69    0x1a  Code  Gb  list.o [1]
vListInitialiseItem     0x0800af83     0x6  Code  Gb  list.o [1]
vListInsert             0x0800afa1    0x32  Code  Gb  list.o [1]
vListInsertEnd          0x0800af89    0x18  Code  Gb  list.o [1]
vPortEnableVFP          0x0800b475          Code  Gb  portasm.o [1]
vPortEnterCritical      0x0800b0ef    0x32  Code  Gb  port.o [1]
vPortExitCritical       0x0800b121    0x24  Code  Gb  port.o [1]
vPortFree               0x0800aecb    0x44  Code  Gb  heap_4.o [1]
vPortSetupTimerInterrupt
                        0x0800b1d9    0x28  Code  Wk  port.o [1]
vPortStartFirstTask     0x0800b455          Code  Gb  portasm.o [1]
vPortValidateInterruptPriority
                        0x0800b171    0x42  Code  Gb  port.o [1]
vTaskDelay              0x08007fa1    0x28  Code  Gb  tasks.o [1]
vTaskInternalSetTimeOutState
                        0x0800826f     0xe  Code  Gb  tasks.o [1]
vTaskMissedYield        0x080082d7     0xa  Code  Gb  tasks.o [1]
vTaskPlaceOnEventList   0x080081e9    0x1c  Code  Gb  tasks.o [1]
vTaskPriorityDisinheritAfterTimeout
                        0x08008497    0x74  Code  Gb  tasks.o [1]
vTaskStartScheduler     0x08007fc9    0x56  Code  Gb  tasks.o [1]
vTaskSuspendAll         0x0800801f     0xc  Code  Gb  tasks.o [1]
vTaskSwitchContext      0x08008197    0x52  Code  Gb  tasks.o [1]
waitForAck              0x20009530     0x4  Data  Lc  ZwSerialAPI.o [1]
waitForResponse         0x20009534     0x4  Data  Lc  ZwSerialAPI.o [1]
xBlockAllocatedBit      0x2000120c     0x4  Data  Lc  heap_4.o [1]
xDelayedTaskList1       0x200093d0    0x14  Data  Lc  tasks.o [1]
xDelayedTaskList2       0x200093e4    0x14  Data  Lc  tasks.o [1]
xFreeBytesRemaining     0x20001204     0x4  Data  Lc  heap_4.o [1]
xIdleTaskHandle         0x200093f8     0x4  Data  Lc  tasks.o [1]
xMinimumEverFreeBytesRemaining
                        0x20001208     0x4  Data  Lc  heap_4.o [1]
xNextTaskUnblockTime    0x200093c8     0x4  Data  Lc  tasks.o [1]
xNumOfOverflows         0x200093c0     0x4  Data  Lc  tasks.o [1]
xPendingReadyList       0x2000935c    0x14  Data  Lc  tasks.o [1]
xPortStartScheduler     0x0800b049    0xa6  Code  Gb  port.o [1]
xQueueGenericCreate     0x08008685    0x38  Code  Gb  queue.o [1]
xQueueGenericReset      0x0800860d    0x78  Code  Gb  queue.o [1]
xQueueGenericSend       0x080086d3   0x116  Code  Gb  queue.o [1]
xQueueGiveFromISR       0x080087fb    0x84  Code  Gb  queue.o [1]
xQueueReceiveFromISR    0x08008a05    0x7c  Code  Gb  queue.o [1]
xQueueSemaphoreTake     0x0800887f   0x13c  Code  Gb  queue.o [1]
xSchedulerRunning       0x200093b4     0x4  Data  Lc  tasks.o [1]
xStart                  0x200011f8     0x8  Data  Lc  heap_4.o [1]
xSuspendedTaskList      0x20009394    0x14  Data  Lc  tasks.o [1]
xTaskCheckForTimeOut    0x0800827d    0x5a  Code  Gb  tasks.o [1]
xTaskCreate             0x08007e15    0x58  Code  Gb  tasks.o [1]
xTaskGetSchedulerState  0x08008369    0x18  Code  Gb  tasks.o [1]
xTaskIncrementTick      0x080080d3    0xaa  Code  Gb  tasks.o [1]
xTaskPriorityDisinherit
                        0x08008409    0x88  Code  Gb  tasks.o [1]
xTaskPriorityInherit    0x08008381    0x88  Code  Gb  tasks.o [1]
xTaskRemoveFromEventList
                        0x08008209    0x44  Code  Gb  tasks.o [1]
xTaskResumeAll          0x0800802b    0x8c  Code  Gb  tasks.o [1]
xTasksWaitingTermination
                        0x20009370    0x14  Data  Lc  tasks.o [1]
xTickCount              0x200093ac     0x4  Data  Lc  tasks.o [1]
xYieldPending           0x200093bc     0x4  Data  Lc  tasks.o [1]


[1] = C:\Users\klsw7\Documents\SHACS_F446RE\EWARM\SHACS_F446RE\Obj
[2] = command line
[3] = dl7M_tlf.a
[4] = dlpp7M_tl_fc.a
[5] = m7M_tls.a
[6] = rt7M_tl.a
[7] = shb_l.a

  47 697 bytes of readonly  code memory
     211 bytes of readonly  data memory
  42 381 bytes of readwrite data memory

Errors: none
Warnings: none
