###############################################################################
#
# IAR ELF Linker V7.80.1.11864/W32 for ARM                14/Aug/2019  22:04:45
# Copyright 2007-2016 IAR Systems AB.
#
#    Output file  =  
#        C:\Users\seungwoo\Documents\SHACS_F446RE\EWARM\SHACS_F446RE\Exe\SHACS_F446RE.out
#    Map file     =  
#        C:\Users\seungwoo\Documents\SHACS_F446RE\EWARM\SHACS_F446RE\List\SHACS_F446RE.map
#    Command line =  
#        C:\Users\seungwoo\Documents\SHACS_F446RE\EWARM\SHACS_F446RE\Obj\cmsis_os.o
#        C:\Users\seungwoo\Documents\SHACS_F446RE\EWARM\SHACS_F446RE\Obj\croutine.o
#        C:\Users\seungwoo\Documents\SHACS_F446RE\EWARM\SHACS_F446RE\Obj\event_groups.o
#        C:\Users\seungwoo\Documents\SHACS_F446RE\EWARM\SHACS_F446RE\Obj\freertos.o
#        C:\Users\seungwoo\Documents\SHACS_F446RE\EWARM\SHACS_F446RE\Obj\heap_4.o
#        C:\Users\seungwoo\Documents\SHACS_F446RE\EWARM\SHACS_F446RE\Obj\list.o
#        C:\Users\seungwoo\Documents\SHACS_F446RE\EWARM\SHACS_F446RE\Obj\main.o
#        C:\Users\seungwoo\Documents\SHACS_F446RE\EWARM\SHACS_F446RE\Obj\port.o
#        C:\Users\seungwoo\Documents\SHACS_F446RE\EWARM\SHACS_F446RE\Obj\portasm.o
#        C:\Users\seungwoo\Documents\SHACS_F446RE\EWARM\SHACS_F446RE\Obj\queue.o
#        C:\Users\seungwoo\Documents\SHACS_F446RE\EWARM\SHACS_F446RE\Obj\startup_stm32f446xx.o
#        C:\Users\seungwoo\Documents\SHACS_F446RE\EWARM\SHACS_F446RE\Obj\stm32f4xx_hal.o
#        C:\Users\seungwoo\Documents\SHACS_F446RE\EWARM\SHACS_F446RE\Obj\stm32f4xx_hal_cortex.o
#        C:\Users\seungwoo\Documents\SHACS_F446RE\EWARM\SHACS_F446RE\Obj\stm32f4xx_hal_dma.o
#        C:\Users\seungwoo\Documents\SHACS_F446RE\EWARM\SHACS_F446RE\Obj\stm32f4xx_hal_dma_ex.o
#        C:\Users\seungwoo\Documents\SHACS_F446RE\EWARM\SHACS_F446RE\Obj\stm32f4xx_hal_exti.o
#        C:\Users\seungwoo\Documents\SHACS_F446RE\EWARM\SHACS_F446RE\Obj\stm32f4xx_hal_flash.o
#        C:\Users\seungwoo\Documents\SHACS_F446RE\EWARM\SHACS_F446RE\Obj\stm32f4xx_hal_flash_ex.o
#        C:\Users\seungwoo\Documents\SHACS_F446RE\EWARM\SHACS_F446RE\Obj\stm32f4xx_hal_flash_ramfunc.o
#        C:\Users\seungwoo\Documents\SHACS_F446RE\EWARM\SHACS_F446RE\Obj\stm32f4xx_hal_gpio.o
#        C:\Users\seungwoo\Documents\SHACS_F446RE\EWARM\SHACS_F446RE\Obj\stm32f4xx_hal_msp.o
#        C:\Users\seungwoo\Documents\SHACS_F446RE\EWARM\SHACS_F446RE\Obj\stm32f4xx_hal_pwr.o
#        C:\Users\seungwoo\Documents\SHACS_F446RE\EWARM\SHACS_F446RE\Obj\stm32f4xx_hal_pwr_ex.o
#        C:\Users\seungwoo\Documents\SHACS_F446RE\EWARM\SHACS_F446RE\Obj\stm32f4xx_hal_rcc.o
#        C:\Users\seungwoo\Documents\SHACS_F446RE\EWARM\SHACS_F446RE\Obj\stm32f4xx_hal_rcc_ex.o
#        C:\Users\seungwoo\Documents\SHACS_F446RE\EWARM\SHACS_F446RE\Obj\stm32f4xx_hal_tim.o
#        C:\Users\seungwoo\Documents\SHACS_F446RE\EWARM\SHACS_F446RE\Obj\stm32f4xx_hal_tim_ex.o
#        C:\Users\seungwoo\Documents\SHACS_F446RE\EWARM\SHACS_F446RE\Obj\stm32f4xx_hal_timebase_tim.o
#        C:\Users\seungwoo\Documents\SHACS_F446RE\EWARM\SHACS_F446RE\Obj\stm32f4xx_hal_uart.o
#        C:\Users\seungwoo\Documents\SHACS_F446RE\EWARM\SHACS_F446RE\Obj\stm32f4xx_it.o
#        C:\Users\seungwoo\Documents\SHACS_F446RE\EWARM\SHACS_F446RE\Obj\stream_buffer.o
#        C:\Users\seungwoo\Documents\SHACS_F446RE\EWARM\SHACS_F446RE\Obj\system_stm32f4xx.o
#        C:\Users\seungwoo\Documents\SHACS_F446RE\EWARM\SHACS_F446RE\Obj\tasks.o
#        C:\Users\seungwoo\Documents\SHACS_F446RE\EWARM\SHACS_F446RE\Obj\timers.o
#        --redirect _Printf=_PrintfFull --redirect _Scanf=_ScanfFull -o
#        C:\Users\seungwoo\Documents\SHACS_F446RE\EWARM\SHACS_F446RE\Exe\SHACS_F446RE.out
#        --map
#        C:\Users\seungwoo\Documents\SHACS_F446RE\EWARM\SHACS_F446RE\List\SHACS_F446RE.map
#        --config
#        C:\Users\seungwoo\Documents\SHACS_F446RE\EWARM/stm32f446xx_flash.icf
#        --semihosting --entry __iar_program_start --vfe
#
###############################################################################

*******************************************************************************
*** RUNTIME MODEL ATTRIBUTES
***

CppFlavor                     = *
__Heap_Handler                = Basic
__SystemLibrary               = DLib
__dlib_dynamic_initialization = normal


*******************************************************************************
*** PLACEMENT SUMMARY
***

"A0":  place at 0x08000000 { ro section .intvec };
"P1":  place in [from 0x08000000 to 0x0807ffff] { ro };
"P2":  place in [from 0x20000000 to 0x2001ffff] { rw, block CSTACK, block HEAP };
initialize by copy { rw };

  Section             Kind        Address    Size  Object
  -------             ----        -------    ----  ------
"A0":                                       0x1c4
  .intvec             ro code  0x08000000   0x1c4  startup_stm32f446xx.o [1]
                             - 0x080001c4   0x1c4

"P1":                                      0x52b2
  .text               ro code  0x080001c4  0x119a  xprintffull.o [3]
  .text               ro code  0x0800135e    0x20  xmbtowc.o [3]
  .text               ro code  0x08001380    0x16  strchr.o [5]
  .text               ro code  0x08001398    0x36  strlen.o [5]
  .text               ro code  0x080013d0    0x58  memchr.o [5]
  .text               ro code  0x08001428     0xa  xmbcurmax.o [3]
  .text               ro code  0x08001434    0xb0  xxmemxmalloc.o [3]
  .text               ro code  0x080014e4    0x1a  xwctomb.o [3]
  .text               ro code  0x08001500    0x76  ABImemcpy_unaligned.o [5]
  .text               ro code  0x08001578    0x80  xxmemxfree.o [3]
  .text               ro code  0x080015f8    0xee  I64DivMod.o [5]
  .text               ro code  0x080016e6    0x44  xdnorm.o [4]
  .text               ro code  0x0800172c    0x2e  DblCmpLe.o [4]
  .text               ro code  0x0800175c    0x2e  DblCmpGe.o [4]
  .text               ro code  0x0800178c   0x114  xdscale.o [4]
  .text               ro code  0x080018a0    0x58  DblToI32.o [4]
  .text               ro code  0x080018f8    0x30  I32ToDbl.o [4]
  .text               ro code  0x08001928   0x180  DblSub.o [4]
  .text               ro code  0x08001aa8   0x1a2  DblMul.o [4]
  .text               ro code  0x08001c4c   0x256  DblDiv.o [4]
  .text               ro code  0x08001ea4    0x6c  localeconv.o [3]
  .text               ro code  0x08001f10     0xe  div.o [3]
  .text               ro code  0x08001f20    0x14  setlocale.o [3]
  .text               ro code  0x08001f34    0x60  xencoding_sb.o [3]
  .text               ro code  0x08001f94    0x2c  xgetmemchunk.o [3]
  .text               ro code  0x08001fc0     0x2  I64DivZer.o [5]
  .text               ro code  0x08001fc4    0xd4  DblAdd.o [4]
  .text               ro code  0x08002098     0x2  xtls.o [3]
  .text               ro code  0x0800209c   0x688  tasks.o [1]
  .text               ro code  0x08002724   0x1a8  heap_4.o [1]
  .text               ro code  0x080028cc    0x3a  ABImemset48.o [5]
  .text               ro code  0x08002906    0x90  list.o [1]
  .text               ro code  0x08002998   0x208  port.o [1]
  .text               ro code  0x08002ba0   0x304  timers.o [1]
  .text               ro code  0x08002ea4    0x30  freertos.o [1]
  CODE                ro code  0x08002ed4    0xb0  portasm.o [1]
  .text               ro code  0x08002f84   0x53c  queue.o [1]
  .text               ro code  0x080034c0    0x24  printf.o [3]
  .text               ro code  0x080034e4   0x64e  stm32f4xx_hal_uart.o [1]
  .text               ro code  0x08003b34   0x2f0  stm32f4xx_hal_msp.o [1]
  .text               ro code  0x08003e24     0xc  stm32f4xx_hal.o [1]
  .text               ro code  0x08003e30   0x390  stm32f4xx_hal_dma.o [1]
  .text               ro code  0x080041c0     0x2  stm32f4xx_hal_uart.o [1]
  .text               ro code  0x080041c2     0x2  stm32f4xx_hal_uart.o [1]
  .text               ro code  0x080041c4     0x2  stm32f4xx_hal_uart.o [1]
  .text               ro code  0x080041c6     0x2  stm32f4xx_hal_uart.o [1]
  .text               ro code  0x080041c8   0x178  stm32f4xx_hal_rcc.o [1]
  .text               ro code  0x08004340     0x6  ABImemclr4.o [5]
  .text               ro code  0x08004348   0x1d8  stm32f4xx_hal_gpio.o [1]
  .text               ro code  0x08004520    0x98  stm32f4xx_hal_cortex.o [1]
  .text               ro code  0x080045b8   0x344  main.o [1]
  .text               ro code  0x080048fc   0x364  stm32f4xx_hal_rcc_ex.o [1]
  .text               ro code  0x08004c60    0x7c  stm32f4xx_hal_timebase_tim.o [1]
  .text               ro code  0x08004cdc    0x34  stm32f4xx_hal.o [1]
  .text               ro code  0x08004d10    0x66  cmsis_os.o [1]
  .text               ro code  0x08004d78    0x74  stm32f4xx_hal_pwr_ex.o [1]
  .text               ro code  0x08004dec    0x10  stm32f4xx_hal.o [1]
  .text               ro code  0x08004dfc   0x266  stm32f4xx_hal_tim.o [1]
  .text               ro code  0x08005062     0x2  stm32f4xx_hal_tim.o [1]
  .text               ro code  0x08005064     0x2  stm32f4xx_hal_tim.o [1]
  .text               ro code  0x08005066     0x2  stm32f4xx_hal_tim_ex.o [1]
  .text               ro code  0x08005068     0x2  stm32f4xx_hal_tim.o [1]
  .text               ro code  0x0800506a     0x2  stm32f4xx_hal_tim_ex.o [1]
  .text               ro code  0x0800506c     0x2  stm32f4xx_hal_tim.o [1]
  .text               ro code  0x08005070    0xa8  stm32f4xx_it.o [1]
  .text               ro code  0x08005118    0x60  system_stm32f4xx.o [1]
  .text               ro code  0x08005178    0x40  zero_init3.o [5]
  .text               ro code  0x080051b8    0x38  packbits_init_single.o [5]
  .text               ro code  0x080051f0    0x28  data_init.o [5]
  .text               ro code  0x08005218    0x22  fpinit_M.o [4]
  .iar.init_table     const    0x0800523c    0x20  - Linker created -
  .text               ro code  0x0800525c    0x1a  cmain.o [5]
  .text               ro code  0x08005276     0x4  low_level_init.o [3]
  .text               ro code  0x0800527a     0x4  exit.o [3]
  .text               ro code  0x08005280     0xa  cexit.o [5]
  .text               ro code  0x0800528c    0x14  exit.o [6]
  .text               ro code  0x080052a0    0x16  xprout.o [3]
  .text               ro code  0x080052b8     0xc  putchar.o [3]
  .rodata             const    0x080052c4    0x14  main.o [1]
  .text               ro code  0x080052d8    0x10  startup_stm32f446xx.o [1]
  .text               ro code  0x080052e8     0xc  cstartup_M.o [5]
  .rodata             const    0x080052f4     0x8  system_stm32f4xx.o [1]
  .text               ro code  0x080052fc     0x4  startup_stm32f446xx.o [1]
  .text               ro code  0x08005300     0x4  startup_stm32f446xx.o [1]
  .text               ro code  0x08005304     0x4  startup_stm32f446xx.o [1]
  .text               ro code  0x08005308     0x4  startup_stm32f446xx.o [1]
  .text               ro code  0x0800530c     0x4  startup_stm32f446xx.o [1]
  .text               ro code  0x08005310     0x4  startup_stm32f446xx.o [1]
  .text               ro code  0x08005314     0x4  startup_stm32f446xx.o [1]
  .text               ro code  0x08005318     0x4  startup_stm32f446xx.o [1]
  .text               ro code  0x0800531c     0x4  startup_stm32f446xx.o [1]
  .text               ro code  0x08005320     0x4  startup_stm32f446xx.o [1]
  .text               ro code  0x08005324     0x4  startup_stm32f446xx.o [1]
  .text               ro code  0x08005328     0x4  startup_stm32f446xx.o [1]
  .text               ro code  0x0800532c     0x4  startup_stm32f446xx.o [1]
  .text               ro code  0x08005330     0x4  startup_stm32f446xx.o [1]
  .text               ro code  0x08005334     0x4  startup_stm32f446xx.o [1]
  .text               ro code  0x08005338     0x4  startup_stm32f446xx.o [1]
  .text               ro code  0x0800533c     0x4  startup_stm32f446xx.o [1]
  .text               ro code  0x08005340     0x4  startup_stm32f446xx.o [1]
  .text               ro code  0x08005344     0x4  startup_stm32f446xx.o [1]
  .text               ro code  0x08005348     0x4  startup_stm32f446xx.o [1]
  .text               ro code  0x0800534c     0x4  startup_stm32f446xx.o [1]
  .text               ro code  0x08005350     0x4  startup_stm32f446xx.o [1]
  .text               ro code  0x08005354     0x4  startup_stm32f446xx.o [1]
  .text               ro code  0x08005358     0x4  startup_stm32f446xx.o [1]
  .text               ro code  0x0800535c     0x4  startup_stm32f446xx.o [1]
  .text               ro code  0x08005360     0x4  startup_stm32f446xx.o [1]
  .text               ro code  0x08005364     0x4  startup_stm32f446xx.o [1]
  .text               ro code  0x08005368     0x4  startup_stm32f446xx.o [1]
  .text               ro code  0x0800536c     0x4  startup_stm32f446xx.o [1]
  .text               ro code  0x08005370     0x4  startup_stm32f446xx.o [1]
  .text               ro code  0x08005374     0x4  startup_stm32f446xx.o [1]
  .text               ro code  0x08005378     0x4  startup_stm32f446xx.o [1]
  .text               ro code  0x0800537c     0x4  startup_stm32f446xx.o [1]
  .text               ro code  0x08005380     0x4  startup_stm32f446xx.o [1]
  .text               ro code  0x08005384     0x4  startup_stm32f446xx.o [1]
  .text               ro code  0x08005388     0x4  startup_stm32f446xx.o [1]
  .text               ro code  0x0800538c     0x4  startup_stm32f446xx.o [1]
  .text               ro code  0x08005390     0x4  startup_stm32f446xx.o [1]
  .text               ro code  0x08005394     0x4  startup_stm32f446xx.o [1]
  .text               ro code  0x08005398     0x4  startup_stm32f446xx.o [1]
  .text               ro code  0x0800539c     0x4  startup_stm32f446xx.o [1]
  .text               ro code  0x080053a0     0x4  startup_stm32f446xx.o [1]
  .text               ro code  0x080053a4     0x4  startup_stm32f446xx.o [1]
  .text               ro code  0x080053a8     0x4  startup_stm32f446xx.o [1]
  .text               ro code  0x080053ac     0x4  startup_stm32f446xx.o [1]
  .text               ro code  0x080053b0     0x4  startup_stm32f446xx.o [1]
  .text               ro code  0x080053b4     0x4  startup_stm32f446xx.o [1]
  .text               ro code  0x080053b8     0x4  startup_stm32f446xx.o [1]
  .text               ro code  0x080053bc     0x4  startup_stm32f446xx.o [1]
  .text               ro code  0x080053c0     0x4  startup_stm32f446xx.o [1]
  .text               ro code  0x080053c4     0x4  startup_stm32f446xx.o [1]
  .text               ro code  0x080053c8     0x4  startup_stm32f446xx.o [1]
  .text               ro code  0x080053cc     0x4  startup_stm32f446xx.o [1]
  .text               ro code  0x080053d0     0x4  startup_stm32f446xx.o [1]
  .text               ro code  0x080053d4     0x4  startup_stm32f446xx.o [1]
  .text               ro code  0x080053d8     0x4  startup_stm32f446xx.o [1]
  .text               ro code  0x080053dc     0x4  startup_stm32f446xx.o [1]
  .text               ro code  0x080053e0     0x4  startup_stm32f446xx.o [1]
  .text               ro code  0x080053e4     0x4  startup_stm32f446xx.o [1]
  .text               ro code  0x080053e8     0x4  startup_stm32f446xx.o [1]
  .text               ro code  0x080053ec     0x4  startup_stm32f446xx.o [1]
  .text               ro code  0x080053f0     0x4  startup_stm32f446xx.o [1]
  .text               ro code  0x080053f4     0x4  startup_stm32f446xx.o [1]
  .text               ro code  0x080053f8     0x4  startup_stm32f446xx.o [1]
  .text               ro code  0x080053fc     0x4  startup_stm32f446xx.o [1]
  .text               ro code  0x08005400     0x4  startup_stm32f446xx.o [1]
  .text               ro code  0x08005404     0x4  startup_stm32f446xx.o [1]
  .text               ro code  0x08005408     0x4  startup_stm32f446xx.o [1]
  .text               ro code  0x0800540c     0x4  startup_stm32f446xx.o [1]
  .text               ro code  0x08005410     0x4  startup_stm32f446xx.o [1]
  .text               ro code  0x08005414     0x4  startup_stm32f446xx.o [1]
  .text               ro code  0x08005418     0x4  startup_stm32f446xx.o [1]
  .text               ro code  0x0800541c     0x4  startup_stm32f446xx.o [1]
  .text               ro code  0x08005420     0x4  startup_stm32f446xx.o [1]
  .text               ro code  0x08005424     0x4  startup_stm32f446xx.o [1]
  .text               ro code  0x08005428     0x4  startup_stm32f446xx.o [1]
  .text               ro code  0x0800542c     0x4  startup_stm32f446xx.o [1]
  .text               ro code  0x08005430     0x4  startup_stm32f446xx.o [1]
  .rodata             const    0x08005434     0x0  zero_init3.o [5]
  .rodata             const    0x08005434     0x0  packbits_init_single.o [5]
  Initializer bytes   const    0x08005434    0x42  <for P2-1>
                             - 0x08005476  0x52b2

"P2", part 1 of 3:                          0x160
  P2-1                         0x20000000   0x160  <Init block>
    .data             inited   0x20000000     0x8  main.o [1]
    .data             inited   0x20000008     0xc  port.o [1]
    .data             inited   0x20000014     0xc  stm32f4xx_hal.o [1]
    .data             inited   0x20000020     0x4  system_stm32f4xx.o [1]
    .data             inited   0x20000024    0x40  xfiles.o [3]
    __DLIB_PERTHREAD  inited   0x20000064    0x88  localeconv.o [3]
    __DLIB_PERTHREAD  inited   0x200000ec    0x74  setlocale.o [3]
                             - 0x20000160   0x160

"P2", part 2 of 3:                          0xc00
  CSTACK                       0x20000160   0x400  <Block>
    CSTACK            uninit   0x20000160   0x400  <Block tail>
  HEAP                         0x20000560   0x800  <Block>
    HEAP              uninit   0x20000560   0x800  <Block tail>
                             - 0x20000d60   0xc00

"P2", part 3 of 3:                         0x6064
  .bss                zero     0x20000d60  0x5c18  heap_4.o [1]
  .bss                zero     0x20006978   0x168  main.o [1]
  .bss                zero     0x20006ae0    0xa0  tasks.o [1]
  .bss                zero     0x20006b80    0x8c  tasks.o [1]
  .bss                zero     0x20006c0c    0x60  main.o [1]
  .bss                zero     0x20006c6c    0x50  xfiles.o [3]
  .bss                zero     0x20006cbc    0x40  main.o [1]
  .bss                zero     0x20006cfc    0x40  queue.o [1]
  .bss                zero     0x20006d3c    0x40  stm32f4xx_hal_timebase_tim.o [1]
  .bss                zero     0x20006d7c    0x3c  timers.o [1]
  .bss                zero     0x20006db8     0x8  xxmemxmalloc.o [3]
  .bss                zero     0x20006dc0     0x4  xgetmemchunk.o [3]
                             - 0x20006dc4  0x6064


*******************************************************************************
*** INIT TABLE
***

          Address     Size
          -------     ----
Zero (__iar_zero_init3)
    1 destination range, total size 0x6064:
          0x20000d60  0x6064

Copy/packbits (__iar_packbits_init_single3)
    1 source range, total size 0x42 (18% of destination):
          0x08005434    0x42
    1 destination range, total size 0x160:
          0x20000000   0x160



*******************************************************************************
*** MODULE SUMMARY
***

    Module                        ro code  ro data  rw data
    ------                        -------  -------  -------
C:\Users\seungwoo\Documents\SHACS_F446RE\EWARM\SHACS_F446RE\Obj: [1]
    cmsis_os.o                        102
    freertos.o                         48
    heap_4.o                          424            23 576
    list.o                            144
    main.o                            836       21      528
    port.o                            520        2       12
    portasm.o                         176
    queue.o                         1 340                64
    startup_stm32f446xx.o             780
    stm32f4xx_hal.o                    80        3       12
    stm32f4xx_hal_cortex.o            152
    stm32f4xx_hal_dma.o               912
    stm32f4xx_hal_gpio.o              472
    stm32f4xx_hal_msp.o               752
    stm32f4xx_hal_pwr_ex.o            116
    stm32f4xx_hal_rcc.o               376
    stm32f4xx_hal_rcc_ex.o            868
    stm32f4xx_hal_tim.o               622
    stm32f4xx_hal_tim_ex.o              4
    stm32f4xx_hal_timebase_tim.o      124                64
    stm32f4xx_hal_uart.o            1 622
    stm32f4xx_it.o                    168
    system_stm32f4xx.o                 96        8        4
    tasks.o                         1 672               300
    timers.o                          772                60
    -------------------------------------------------------
    Total:                         13 178       34   24 620

command line: [2]
    -------------------------------------------------------
    Total:

dl7M_tlf.a: [3]
    div.o                              14
    exit.o                              4
    localeconv.o                      108       26      136
    low_level_init.o                    4
    printf.o                           36
    putchar.o                          12
    setlocale.o                        20       22      116
    xencoding_sb.o                     96
    xfiles.o                                    12      144
    xgetmemchunk.o                     44                 4
    xmbcurmax.o                        10
    xmbtowc.o                          32
    xprintffull.o                   4 506
    xprout.o                           22
    xtls.o                              2
    xwctomb.o                          26
    xxmemxfree.o                      128
    xxmemxmalloc.o                    176                 8
    -------------------------------------------------------
    Total:                          5 240       60      408

m7M_tls.a: [4]
    DblAdd.o                          212
    DblCmpGe.o                         46
    DblCmpLe.o                         46
    DblDiv.o                          598
    DblMul.o                          418
    DblSub.o                          384
    DblToI32.o                         88
    I32ToDbl.o                         48
    fpinit_M.o                         34
    xdnorm.o                           68
    xdscale.o                         276
    -------------------------------------------------------
    Total:                          2 218

rt7M_tl.a: [5]
    ABImemclr4.o                        6
    ABImemcpy_unaligned.o             118
    ABImemset48.o                      58
    I64DivMod.o                       238
    I64DivZer.o                         2
    cexit.o                            10
    cmain.o                            26
    cstartup_M.o                       12
    data_init.o                        40
    memchr.o                           88
    packbits_init_single.o             56
    strchr.o                           22
    strlen.o                           54
    zero_init3.o                       64
    -------------------------------------------------------
    Total:                            794

shb_l.a: [6]
    exit.o                             20
    -------------------------------------------------------
    Total:                             20

    Gaps                               44        2
    Linker created                              32    3 072
-----------------------------------------------------------
    Grand Total:                   21 494      128   28 100


*******************************************************************************
*** ENTRY LIST
***

Entry                      Address    Size  Type      Object
-----                      -------    ----  ----      ------
.iar.init_table$$Base   0x0800523c           --   Gb  - Linker created -
.iar.init_table$$Limit  0x0800525c           --   Gb  - Linker created -
?main                   0x0800525d          Code  Gb  cmain.o [5]
AHBPrescTable           0x08005168    0x10  Data  Gb  system_stm32f4xx.o [1]
APBPrescTable           0x080052f4     0x8  Data  Gb  system_stm32f4xx.o [1]
BusFault_Handler        0x08005077     0x2  Code  Gb  stm32f4xx_it.o [1]
CSTACK$$Base            0x20000160           --   Gb  - Linker created -
CSTACK$$Limit           0x20000560           --   Gb  - Linker created -
DMA1_Stream5_IRQHandler
                        0x0800509f     0x6  Code  Gb  stm32f4xx_it.o [1]
DMA_CalcBaseAndBitshift
                        0x08004191    0x26  Code  Lc  stm32f4xx_hal_dma.o [1]
DMA_CalcBaseAndBitshift::flagBitshiftOffset
                        0x080041b8     0x8  Data  Lc  stm32f4xx_hal_dma.o [1]
DMA_SetConfig           0x08004171    0x20  Code  Lc  stm32f4xx_hal_dma.o [1]
DebugMon_Handler        0x0800507b     0x2  Code  Gb  stm32f4xx_it.o [1]
Error_Handler           0x080048d1     0x2  Code  Gb  main.o [1]
HAL_DMA_Abort_IT        0x08003f93    0x24  Code  Gb  stm32f4xx_hal_dma.o [1]
HAL_DMA_IRQHandler      0x08003fb7   0x192  Code  Gb  stm32f4xx_hal_dma.o [1]
HAL_DMA_Init            0x08003e31    0xe6  Code  Gb  stm32f4xx_hal_dma.o [1]
HAL_DMA_Start_IT        0x08003f17    0x64  Code  Gb  stm32f4xx_hal_dma.o [1]
HAL_GPIO_Init           0x08004349   0x19a  Code  Gb  stm32f4xx_hal_gpio.o [1]
HAL_GPIO_TogglePin      0x080044eb     0xe  Code  Gb  stm32f4xx_hal_gpio.o [1]
HAL_GPIO_WritePin       0x080044e3     0x8  Code  Gb  stm32f4xx_hal_gpio.o [1]
HAL_GetTick             0x08003e25     0xc  Code  Wk  stm32f4xx_hal.o [1]
HAL_IncTick             0x08004ded    0x10  Code  Wk  stm32f4xx_hal.o [1]
HAL_Init                0x08004cdd    0x30  Code  Gb  stm32f4xx_hal.o [1]
HAL_InitTick            0x08004c61    0x6c  Code  Gb  stm32f4xx_hal_timebase_tim.o [1]
HAL_MspInit             0x08003b35    0x34  Code  Gb  stm32f4xx_hal_msp.o [1]
HAL_NVIC_EnableIRQ      0x0800458f    0x16  Code  Gb  stm32f4xx_hal_cortex.o [1]
HAL_NVIC_SetPriority    0x08004555    0x3a  Code  Gb  stm32f4xx_hal_cortex.o [1]
HAL_NVIC_SetPriorityGrouping
                        0x0800453b    0x1a  Code  Gb  stm32f4xx_hal_cortex.o [1]
HAL_PWREx_EnableOverDrive
                        0x08004d79    0x44  Code  Gb  stm32f4xx_hal_pwr_ex.o [1]
HAL_RCC_ClockConfig     0x080041c9    0xfa  Code  Gb  stm32f4xx_hal_rcc.o [1]
HAL_RCC_GetClockConfig  0x080042f3    0x34  Code  Gb  stm32f4xx_hal_rcc.o [1]
HAL_RCC_GetPCLK1Freq    0x080042cf    0x10  Code  Gb  stm32f4xx_hal_rcc.o [1]
HAL_RCC_GetPCLK2Freq    0x080042df     0xe  Code  Gb  stm32f4xx_hal_rcc.o [1]
HAL_RCC_GetSysClockFreq
                        0x080048fd    0x4a  Code  Gb  stm32f4xx_hal_rcc_ex.o [1]
HAL_RCC_OscConfig       0x08004973   0x2b6  Code  Gb  stm32f4xx_hal_rcc_ex.o [1]
HAL_TIMEx_BreakCallback
                        0x08005067     0x2  Code  Wk  stm32f4xx_hal_tim_ex.o [1]
HAL_TIMEx_CommutCallback
                        0x0800506b     0x2  Code  Wk  stm32f4xx_hal_tim_ex.o [1]
HAL_TIM_Base_Init       0x08004dfd    0x1a  Code  Gb  stm32f4xx_hal_tim.o [1]
HAL_TIM_Base_MspInit    0x08005061     0x2  Code  Wk  stm32f4xx_hal_tim.o [1]
HAL_TIM_Base_Start_IT   0x08004e17    0x20  Code  Gb  stm32f4xx_hal_tim.o [1]
HAL_TIM_IC_CaptureCallback
                        0x08005063     0x2  Code  Wk  stm32f4xx_hal_tim.o [1]
HAL_TIM_IRQHandler      0x08004e53   0x142  Code  Gb  stm32f4xx_hal_tim.o [1]
HAL_TIM_OC_DelayElapsedCallback
                        0x08005065     0x2  Code  Wk  stm32f4xx_hal_tim.o [1]
HAL_TIM_PWM_PulseFinishedCallback
                        0x0800506d     0x2  Code  Wk  stm32f4xx_hal_tim.o [1]
HAL_TIM_PeriodElapsedCallback
                        0x08004885     0xe  Code  Gb  main.o [1]
HAL_TIM_TriggerCallback
                        0x08005069     0x2  Code  Wk  stm32f4xx_hal_tim.o [1]
HAL_UART_ErrorCallback  0x080041c1     0x2  Code  Wk  stm32f4xx_hal_uart.o [1]
HAL_UART_IRQHandler     0x080036b7   0x14e  Code  Gb  stm32f4xx_hal_uart.o [1]
HAL_UART_Init           0x080034e5    0x28  Code  Gb  stm32f4xx_hal_uart.o [1]
HAL_UART_MspInit        0x08003b69   0x200  Code  Gb  stm32f4xx_hal_msp.o [1]
HAL_UART_Receive_DMA    0x08003609    0x8e  Code  Gb  stm32f4xx_hal_uart.o [1]
HAL_UART_RxCpltCallback
                        0x080041c5     0x2  Code  Wk  stm32f4xx_hal_uart.o [1]
HAL_UART_RxHalfCpltCallback
                        0x080041c7     0x2  Code  Wk  stm32f4xx_hal_uart.o [1]
HAL_UART_Transmit       0x08003553    0xa0  Code  Gb  stm32f4xx_hal_uart.o [1]
HAL_UART_TxCpltCallback
                        0x080041c3     0x2  Code  Wk  stm32f4xx_hal_uart.o [1]
HEAP$$Base              0x20000560           --   Gb  - Linker created -
HEAP$$Limit             0x20000d60           --   Gb  - Linker created -
HardFault_Handler       0x08005073     0x2  Code  Gb  stm32f4xx_it.o [1]
LedTask1                0x08004869    0x1c  Code  Gb  main.o [1]
LoadInt                 0x0800083b    0x6e  Code  Lc  xprintffull.o [3]
MemManage_Handler       0x08005075     0x2  Code  Gb  stm32f4xx_it.o [1]
NMI_Handler             0x08005071     0x2  Code  Gb  stm32f4xx_it.o [1]
PendSV_Handler          0x08002ed5          Code  Gb  portasm.o [1]
Region$$Table$$Base     0x0800523c           --   Gb  - Linker created -
Region$$Table$$Limit    0x0800525c           --   Gb  - Linker created -
SVC_Handler             0x08002f2d          Code  Gb  portasm.o [1]
StartDefaultTask        0x0800485f     0xa  Code  Gb  main.o [1]
SysTick_Handler         0x0800507d    0x22  Code  Gb  stm32f4xx_it.o [1]
SystemClock_Config      0x080047c7    0x98  Code  Gb  main.o [1]
SystemCoreClock         0x20000020     0x4  Data  Gb  system_stm32f4xx.o [1]
SystemInit              0x08005119    0x3a  Code  Gb  system_stm32f4xx.o [1]
TIM1_UP_TIM10_IRQHandler
                        0x080050a5     0x6  Code  Gb  stm32f4xx_it.o [1]
TIM_Base_SetConfig      0x08004f9b    0x98  Code  Gb  stm32f4xx_hal_tim.o [1]
Task2Handle             0x20006abc     0x4  Data  Gb  main.o [1]
UART4_IRQHandler        0x080050df     0x6  Code  Gb  stm32f4xx_it.o [1]
UART5_IRQHandler        0x080050e5     0x6  Code  Gb  stm32f4xx_it.o [1]
UART_DMAAbortOnError    0x08003915     0xc  Code  Lc  stm32f4xx_hal_uart.o [1]
UART_DMAError           0x08003845    0x4a  Code  Lc  stm32f4xx_hal_uart.o [1]
UART_DMAReceiveCplt     0x08003805    0x38  Code  Lc  stm32f4xx_hal_uart.o [1]
UART_DMARxHalfCplt      0x0800383d     0x6  Code  Lc  stm32f4xx_hal_uart.o [1]
UART_EndRxTransfer      0x080038f7    0x1c  Code  Lc  stm32f4xx_hal_uart.o [1]
UART_EndTxTransfer      0x080038e5    0x12  Code  Lc  stm32f4xx_hal_uart.o [1]
UART_Receive_IT         0x08003921    0x92  Code  Lc  stm32f4xx_hal_uart.o [1]
UART_SetConfig          0x080039b3   0x13a  Code  Lc  stm32f4xx_hal_uart.o [1]
UART_WaitOnFlagUntilTimeout
                        0x0800388f    0x56  Code  Lc  stm32f4xx_hal_uart.o [1]
USART1_IRQHandler       0x080050ab     0x6  Code  Gb  stm32f4xx_it.o [1]
USART2_IRQHandler       0x080050b1    0x28  Code  Gb  stm32f4xx_it.o [1]
USART3_IRQHandler       0x080050d9     0x6  Code  Gb  stm32f4xx_it.o [1]
USART6_IRQHandler       0x080050eb     0x6  Code  Gb  stm32f4xx_it.o [1]
UsageFault_Handler      0x08005079     0x2  Code  Gb  stm32f4xx_it.o [1]
_EncodingSb_Mbtowc      0x08001f4f    0x30  Code  Gb  xencoding_sb.o [3]
_EncodingSb_Mbtowc::initial
                        0x08001f8c     0x8  Data  Lc  xencoding_sb.o [3]
_EncodingSb_Wctomb      0x08001f35    0x1a  Code  Gb  xencoding_sb.o [3]
_EncodingSb_Wctomb::initial
                        0x08001f84     0x8  Data  Lc  xencoding_sb.o [3]
_GenldFull              0x080010c1   0x254  Code  Lc  xprintffull.o [3]
_IsdstStr               0x200000f0     0x4  Data  Gb  setlocale.o [3]
_LdtobFull              0x08000cc1   0x3fa  Code  Lc  xprintffull.o [3]
_LitobFull              0x08000bb5   0x10a  Code  Lc  xprintffull.o [3]
_LocaleEncoding         0x08001f21     0xe  Code  Gb  setlocale.o [3]
_LocaleReturnString     0x20000110    0x50  Data  Lc  setlocale.o [3]
_Locale_Profile         0x200000f4    0x1c  Data  Gb  setlocale.o [3]
_Locale_aeabi_lconv     0x200000b4    0x38  Data  Gb  localeconv.o [3]
_Locale_lconv           0x20000064    0x50  Data  Gb  localeconv.o [3]
_Mbtowc                 0x0800135f    0x20  Code  Gb  xmbtowc.o [3]
_PrintfFull             0x080001c5   0x660  Code  Gb  xprintffull.o [3]
_Prout                  0x080052a1    0x16  Code  Gb  xprout.o [3]
_PutcharsFull           0x08001315    0x2e  Code  Lc  xprintffull.o [3]
_PutstrFull             0x080008a9   0x306  Code  Lc  xprintffull.o [3]
_TzoneStr               0x200000ec     0x4  Data  Gb  setlocale.o [3]
_Wctomb                 0x080014e5    0x1a  Code  Gb  xwctomb.o [3]
__NVIC_SetPriority      0x08004521    0x1a  Code  Lc  stm32f4xx_hal_cortex.o [1]
__aeabi_cdcmple         0x0800172d          Code  Gb  DblCmpLe.o [4]
__aeabi_cdrcmple        0x0800175d          Code  Gb  DblCmpGe.o [4]
__aeabi_d2iz            0x080018a1          Code  Gb  DblToI32.o [4]
__aeabi_d2uiz           0x080018cd          Code  Gb  DblToI32.o [4]
__aeabi_ddiv            0x08001c4d          Code  Gb  DblDiv.o [4]
__aeabi_dmul            0x08001aa9          Code  Gb  DblMul.o [4]
__aeabi_dsub            0x08001929          Code  Gb  DblSub.o [4]
__aeabi_i2d             0x080018f9          Code  Gb  I32ToDbl.o [4]
__aeabi_ldiv0           0x08001fc1          Code  Gb  I64DivZer.o [5]
__aeabi_memclr4         0x08004341          Code  Gb  ABImemclr4.o [5]
__aeabi_memset4         0x080028cd          Code  Gb  ABImemset48.o [5]
__aeabi_memset8         0x080028cd          Code  Gb  ABImemset48.o [5]
__aeabi_ui2d            0x0800190d          Code  Gb  I32ToDbl.o [4]
__aeabi_uldivmod        0x080015f9          Code  Gb  I64DivMod.o [5]
__cmain                 0x0800525d          Code  Gb  cmain.o [5]
__data_Aldata           0x20006db8     0x8  Data  Gb  xxmemxmalloc.o [3]
__data_GetMemChunk      0x08001f95    0x2c  Code  Gb  xgetmemchunk.o [3]
__data_GetMemChunk::start
                        0x20006dc0     0x4  Data  Lc  xgetmemchunk.o [3]
__exit                  0x0800528d    0x14  Code  Gb  exit.o [6]
__iar_Dnorm             0x080016e7    0x44  Code  Gb  xdnorm.o [4]
__iar_Dscale            0x0800178d   0x114  Code  Gb  xdscale.o [4]
__iar_Locale_lconv_init
                        0x08001ea5    0x3a  Code  Gb  localeconv.o [3]
__iar_Mbcurmax          0x08001429     0xa  Code  Gb  xmbcurmax.o [3]
__iar_Memchr            0x080013d1          Code  Gb  memchr.o [5]
__iar_Memset4_word      0x080028d5          Code  Gb  ABImemset48.o [5]
__iar_Memset8_word      0x080028d5          Code  Gb  ABImemset48.o [5]
__iar_Stdout            0x20000024    0x40  Data  Gb  xfiles.o [3]
__iar_Strchr            0x08001381          Code  Gb  strchr.o [5]
__iar_d2uiz             0x080018d9          Code  Gb  DblToI32.o [4]
__iar_dadd              0x08001fc5          Code  Gb  DblAdd.o [4]
__iar_data_init3        0x080051f1    0x28  Code  Gb  data_init.o [5]
__iar_dlib_perthread_access
                        0x08002099     0x2  Code  Gb  xtls.o [3]
__iar_dsub              0x0800193d          Code  Gb  DblSub.o [4]
__iar_dsubStart         0x0800194f          Code  Gb  DblSub.o [4]
__iar_init_vfp          0x08005219          Code  Gb  fpinit_M.o [4]
__iar_packbits_init_single3
                        0x080051b9    0x38  Code  Gb  packbits_init_single.o [5]
__iar_program_start     0x080052e9          Code  Gb  cstartup_M.o [5]
__iar_ui2d              0x08001911          Code  Gb  I32ToDbl.o [4]
__iar_unaligned___aeabi_memcpy
                        0x08001501          Code  Gb  ABImemcpy_unaligned.o [5]
__iar_unaligned___aeabi_memcpy4
                        0x08001521          Code  Gb  ABImemcpy_unaligned.o [5]
__iar_unaligned___aeabi_memcpy8
                        0x08001521          Code  Gb  ABImemcpy_unaligned.o [5]
__iar_zero_init3        0x08005179    0x40  Code  Gb  zero_init3.o [5]
__low_level_init        0x08005277     0x4  Code  Gb  low_level_init.o [3]
__vector_table          0x08000000          Data  Gb  startup_stm32f446xx.o [1]
_call_main              0x08005269          Code  Gb  cmain.o [5]
_exit                   0x08005281          Code  Gb  cexit.o [5]
_main                   0x08005273          Code  Gb  cmain.o [5]
defaultTaskHandle       0x20006ab8     0x4  Data  Gb  main.o [1]
div                     0x08001f11     0xe  Code  Gb  div.o [3]
dma_rx_buf              0x20006ac0    0x20  Data  Gb  main.o [1]
dma_uart_rx             0x20000000     0x8  Data  Gb  main.o [1]
exit                    0x0800527b     0x4  Code  Gb  exit.o [3]
fputc                   0x080045b9    0x14  Code  Gb  main.o [1]
free                    0x08001579    0x7a  Code  Gb  xxmemxfree.o [3]
hdma_usart2_rx          0x20006c0c    0x60  Data  Gb  main.o [1]
htim1                   0x20006d3c    0x40  Data  Gb  stm32f4xx_hal_timebase_tim.o [1]
huart1                  0x200069f8    0x40  Data  Gb  main.o [1]
huart2                  0x20006cbc    0x40  Data  Gb  main.o [1]
huart3                  0x20006a38    0x40  Data  Gb  main.o [1]
huart4                  0x20006978    0x40  Data  Gb  main.o [1]
huart5                  0x200069b8    0x40  Data  Gb  main.o [1]
huart6                  0x20006a78    0x40  Data  Gb  main.o [1]
localeconv              0x08001edf    0x16  Code  Gb  localeconv.o [3]
main                    0x080045cd   0x1d8  Code  Gb  main.o [1]
makeFreeRtosPriority    0x08004d11     0xc  Code  Lc  cmsis_os.o [1]
malloc                  0x08001435    0xac  Code  Gb  xxmemxmalloc.o [3]
memchr                  0x080013d1          Code  Gb  memchr.o [5]
obuf                    0x20006c6c    0x50  Data  Lc  xfiles.o [3]
osDelay                 0x08004d55     0xe  Code  Gb  cmsis_os.o [1]
osKernelStart           0x08004d1d     0xa  Code  Gb  cmsis_os.o [1]
osSystickHandler        0x08004d63    0x14  Code  Gb  cmsis_os.o [1]
osThreadCreate          0x08004d27    0x2e  Code  Gb  cmsis_os.o [1]
printf                  0x080034c1    0x24  Code  Gb  printf.o [3]
prvAddCurrentTaskToDelayedList
                        0x080026b1    0x60  Code  Lc  tasks.o [1]
prvAddNewTaskToReadyList
                        0x08002177    0xa6  Code  Lc  tasks.o [1]
prvCheckForValidListAndQueue
                        0x08002e47    0x46  Code  Lc  timers.o [1]
prvCopyDataFromQueue    0x080033ab    0x26  Code  Lc  queue.o [1]
prvCopyDataToQueue      0x08003357    0x54  Code  Lc  queue.o [1]
prvDeleteTCB            0x0800261f    0x14  Code  Lc  tasks.o [1]
prvIdleTask             0x080025ed    0x32  Code  Lc  tasks.o [1]
prvInitialiseNewQueue   0x08003035    0x16  Code  Lc  queue.o [1]
prvInitialiseNewTask    0x080020f5    0x82  Code  Lc  tasks.o [1]
prvInsertBlockIntoFreeList
                        0x08002881    0x46  Code  Lc  heap_4.o [1]
prvInsertTimerInActiveList
                        0x08002d6b    0x34  Code  Lc  timers.o [1]
prvIsQueueEmpty         0x0800343b    0x16  Code  Lc  queue.o [1]
prvProcessReceivedCommands
                        0x08002da1    0xa6  Code  Lc  timers.o [1]
prvProcessTimerOrBlockTask
                        0x08002c47    0x9a  Code  Lc  timers.o [1]
prvResetNextTaskUnblockTime
                        0x08002633    0x1c  Code  Lc  tasks.o [1]
prvSampleTimeNow        0x08002ce1    0x7a  Code  Lc  timers.o [1]
prvSampleTimeNow::xLastTime
                        0x20006d8c     0x4  Data  Lc  timers.o [1]
prvTaskExitError        0x080029c1    0x28  Code  Lc  port.o [1]
prvTimerTask            0x08002c25    0x22  Code  Lc  timers.o [1]
prvUnlockQueue          0x080033d1    0x6a  Code  Lc  queue.o [1]
putchar                 0x080052b9     0xc  Code  Gb  putchar.o [3]
pvPortMalloc            0x08002725    0xf8  Code  Gb  heap_4.o [1]
pxCurrentTCB            0x20006b08     0x4  Data  Gb  tasks.o [1]
pxCurrentTimerList      0x20006d7c     0x4  Data  Lc  timers.o [1]
pxDelayedTaskList       0x20006b0c     0x4  Data  Lc  tasks.o [1]
pxEnd                   0x20000d68     0x4  Data  Lc  heap_4.o [1]
pxOverflowDelayedTaskList
                        0x20006b10     0x4  Data  Lc  tasks.o [1]
pxOverflowTimerList     0x20006d80     0x4  Data  Lc  timers.o [1]
pxPortInitialiseStack   0x08002999    0x26  Code  Gb  port.o [1]
pxReadyTasksLists       0x20006b80    0x8c  Data  Lc  tasks.o [1]
strchr                  0x08001381          Code  Gb  strchr.o [5]
strlen                  0x08001399          Code  Gb  strlen.o [5]
ucHeap                  0x20000d78  0x5c00  Data  Lc  heap_4.o [1]
ucMaxSysCallPriority    0x20000008     0x1  Data  Lc  port.o [1]
ulMaxPRIGROUPValue      0x20000010     0x4  Data  Lc  port.o [1]
uwTick                  0x20000018     0x4  Data  Gb  stm32f4xx_hal.o [1]
uwTickFreq              0x20000014     0x1  Data  Gb  stm32f4xx_hal.o [1]
uwTickPrio              0x2000001c     0x4  Data  Gb  stm32f4xx_hal.o [1]
uxCriticalNesting       0x2000000c     0x4  Data  Lc  port.o [1]
uxCurrentNumberOfTasks  0x20006b2c     0x4  Data  Lc  tasks.o [1]
uxDeletedTasksWaitingCleanUp
                        0x20006b14     0x4  Data  Lc  tasks.o [1]
uxListRemove            0x08002971    0x26  Code  Gb  list.o [1]
uxPendedTicks           0x20006b3c     0x4  Data  Lc  tasks.o [1]
uxSchedulerSuspended    0x20006b50     0x4  Data  Lc  tasks.o [1]
uxTaskNumber            0x20006b48     0x4  Data  Lc  tasks.o [1]
uxTopReadyPriority      0x20006b34     0x4  Data  Lc  tasks.o [1]
vApplicationStackOverflowHook
                        0x08002ea5    0x12  Code  Gb  freertos.o [1]
vListInitialise         0x08002907    0x1a  Code  Gb  list.o [1]
vListInitialiseItem     0x08002921     0x6  Code  Gb  list.o [1]
vListInsert             0x0800293f    0x32  Code  Gb  list.o [1]
vListInsertEnd          0x08002927    0x18  Code  Gb  list.o [1]
vPortEnableVFP          0x08002f69          Code  Gb  portasm.o [1]
vPortEnterCritical      0x08002a8f    0x32  Code  Gb  port.o [1]
vPortExitCritical       0x08002ac1    0x24  Code  Gb  port.o [1]
vPortFree               0x0800282f    0x44  Code  Gb  heap_4.o [1]
vPortSetupTimerInterrupt
                        0x08002b79    0x28  Code  Wk  port.o [1]
vPortStartFirstTask     0x08002f49          Code  Gb  portasm.o [1]
vPortValidateInterruptPriority
                        0x08002b11    0x42  Code  Gb  port.o [1]
vQueueAddToRegistry     0x08003451    0x20  Code  Gb  queue.o [1]
vQueueWaitForMessageRestricted
                        0x08003479    0x48  Code  Gb  queue.o [1]
vTaskDelay              0x08002237    0x28  Code  Gb  tasks.o [1]
vTaskInternalSetTimeOutState
                        0x08002579     0xe  Code  Gb  tasks.o [1]
vTaskMissedYield        0x080025e1     0xa  Code  Gb  tasks.o [1]
vTaskPlaceOnEventList   0x080024c1    0x14  Code  Gb  tasks.o [1]
vTaskPlaceOnEventListRestricted
                        0x080024d9    0x1e  Code  Gb  tasks.o [1]
vTaskStartScheduler     0x08002273    0x5e  Code  Gb  tasks.o [1]
vTaskSuspendAll         0x080022d1     0xc  Code  Gb  tasks.o [1]
vTaskSwitchContext      0x08002447    0x7a  Code  Gb  tasks.o [1]
xActiveTimerList1       0x20006d90    0x14  Data  Lc  timers.o [1]
xActiveTimerList2       0x20006da4    0x14  Data  Lc  timers.o [1]
xBlockAllocatedBit      0x20000d74     0x4  Data  Lc  heap_4.o [1]
xDelayedTaskList1       0x20006b54    0x14  Data  Lc  tasks.o [1]
xDelayedTaskList2       0x20006b68    0x14  Data  Lc  tasks.o [1]
xFreeBytesRemaining     0x20000d6c     0x4  Data  Lc  heap_4.o [1]
xIdleTaskHandle         0x20006b7c     0x4  Data  Lc  tasks.o [1]
xMinimumEverFreeBytesRemaining
                        0x20000d70     0x4  Data  Lc  heap_4.o [1]
xNextTaskUnblockTime    0x20006b4c     0x4  Data  Lc  tasks.o [1]
xNumOfOverflows         0x20006b44     0x4  Data  Lc  tasks.o [1]
xPendingReadyList       0x20006ae0    0x14  Data  Lc  tasks.o [1]
xPortStartScheduler     0x080029e9    0xa6  Code  Gb  port.o [1]
xPortSysTickHandler     0x08002ae5    0x1e  Code  Gb  port.o [1]
xQueueGenericCreate     0x08002ffd    0x38  Code  Gb  queue.o [1]
xQueueGenericReset      0x08002f85    0x78  Code  Gb  queue.o [1]
xQueueGenericSend       0x0800304b   0x116  Code  Gb  queue.o [1]
xQueueGenericSendFromISR
                        0x08003169    0x92  Code  Gb  queue.o [1]
xQueueReceive           0x0800320d   0x10a  Code  Gb  queue.o [1]
xQueueRegistry          0x20006cfc    0x40  Data  Gb  queue.o [1]
xSchedulerRunning       0x20006b38     0x4  Data  Lc  tasks.o [1]
xStart                  0x20000d60     0x8  Data  Lc  heap_4.o [1]
xSuspendedTaskList      0x20006b18    0x14  Data  Lc  tasks.o [1]
xTaskCheckForTimeOut    0x08002587    0x5a  Code  Gb  tasks.o [1]
xTaskCreate             0x0800209d    0x58  Code  Gb  tasks.o [1]
xTaskGetSchedulerState  0x0800264f    0x18  Code  Gb  tasks.o [1]
xTaskGetTickCount       0x08002383     0x8  Code  Gb  tasks.o [1]
xTaskIncrementTick      0x0800238b    0xa8  Code  Gb  tasks.o [1]
xTaskRemoveFromEventList
                        0x08002513    0x44  Code  Gb  tasks.o [1]
xTaskResumeAll          0x080022dd    0x8a  Code  Gb  tasks.o [1]
xTasksWaitingTermination
                        0x20006af4    0x14  Data  Lc  tasks.o [1]
xTickCount              0x20006b30     0x4  Data  Lc  tasks.o [1]
xTimerCreateTimerTask   0x08002ba1    0x34  Code  Gb  timers.o [1]
xTimerGenericCommand    0x08002bd5    0x50  Code  Gb  timers.o [1]
xTimerQueue             0x20006d84     0x4  Data  Lc  timers.o [1]
xTimerTaskHandle        0x20006d88     0x4  Data  Lc  timers.o [1]
xYieldPending           0x20006b40     0x4  Data  Lc  tasks.o [1]


[1] = C:\Users\seungwoo\Documents\SHACS_F446RE\EWARM\SHACS_F446RE\Obj
[2] = command line
[3] = dl7M_tlf.a
[4] = m7M_tls.a
[5] = rt7M_tl.a
[6] = shb_l.a

  21 494 bytes of readonly  code memory
     128 bytes of readonly  data memory
  28 100 bytes of readwrite data memory

Errors: none
Warnings: none
