###############################################################################
#
# IAR ELF Linker V7.80.1.11864/W32 for ARM                10/Jul/2019  17:21:39
# Copyright 2007-2016 IAR Systems AB.
#
#    Output file  =  
#        C:\Users\klsw7\Documents\SHACS_F446RE\EWARM\SHACS_F446RE\Exe\SHACS_F446RE.out
#    Map file     =  
#        C:\Users\klsw7\Documents\SHACS_F446RE\EWARM\SHACS_F446RE\List\SHACS_F446RE.map
#    Command line =  
#        C:\Users\klsw7\Documents\SHACS_F446RE\EWARM\SHACS_F446RE\Obj\cmsis_os.o
#        C:\Users\klsw7\Documents\SHACS_F446RE\EWARM\SHACS_F446RE\Obj\croutine.o
#        C:\Users\klsw7\Documents\SHACS_F446RE\EWARM\SHACS_F446RE\Obj\event_groups.o
#        C:\Users\klsw7\Documents\SHACS_F446RE\EWARM\SHACS_F446RE\Obj\freertos.o
#        C:\Users\klsw7\Documents\SHACS_F446RE\EWARM\SHACS_F446RE\Obj\heap_4.o
#        C:\Users\klsw7\Documents\SHACS_F446RE\EWARM\SHACS_F446RE\Obj\list.o
#        C:\Users\klsw7\Documents\SHACS_F446RE\EWARM\SHACS_F446RE\Obj\main.o
#        C:\Users\klsw7\Documents\SHACS_F446RE\EWARM\SHACS_F446RE\Obj\port.o
#        C:\Users\klsw7\Documents\SHACS_F446RE\EWARM\SHACS_F446RE\Obj\portasm.o
#        C:\Users\klsw7\Documents\SHACS_F446RE\EWARM\SHACS_F446RE\Obj\queue.o
#        C:\Users\klsw7\Documents\SHACS_F446RE\EWARM\SHACS_F446RE\Obj\startup_stm32f446xx.o
#        C:\Users\klsw7\Documents\SHACS_F446RE\EWARM\SHACS_F446RE\Obj\stm32f4xx_hal.o
#        C:\Users\klsw7\Documents\SHACS_F446RE\EWARM\SHACS_F446RE\Obj\stm32f4xx_hal_cortex.o
#        C:\Users\klsw7\Documents\SHACS_F446RE\EWARM\SHACS_F446RE\Obj\stm32f4xx_hal_dma.o
#        C:\Users\klsw7\Documents\SHACS_F446RE\EWARM\SHACS_F446RE\Obj\stm32f4xx_hal_dma_ex.o
#        C:\Users\klsw7\Documents\SHACS_F446RE\EWARM\SHACS_F446RE\Obj\stm32f4xx_hal_exti.o
#        C:\Users\klsw7\Documents\SHACS_F446RE\EWARM\SHACS_F446RE\Obj\stm32f4xx_hal_flash.o
#        C:\Users\klsw7\Documents\SHACS_F446RE\EWARM\SHACS_F446RE\Obj\stm32f4xx_hal_flash_ex.o
#        C:\Users\klsw7\Documents\SHACS_F446RE\EWARM\SHACS_F446RE\Obj\stm32f4xx_hal_flash_ramfunc.o
#        C:\Users\klsw7\Documents\SHACS_F446RE\EWARM\SHACS_F446RE\Obj\stm32f4xx_hal_gpio.o
#        C:\Users\klsw7\Documents\SHACS_F446RE\EWARM\SHACS_F446RE\Obj\stm32f4xx_hal_msp.o
#        C:\Users\klsw7\Documents\SHACS_F446RE\EWARM\SHACS_F446RE\Obj\stm32f4xx_hal_pwr.o
#        C:\Users\klsw7\Documents\SHACS_F446RE\EWARM\SHACS_F446RE\Obj\stm32f4xx_hal_pwr_ex.o
#        C:\Users\klsw7\Documents\SHACS_F446RE\EWARM\SHACS_F446RE\Obj\stm32f4xx_hal_rcc.o
#        C:\Users\klsw7\Documents\SHACS_F446RE\EWARM\SHACS_F446RE\Obj\stm32f4xx_hal_rcc_ex.o
#        C:\Users\klsw7\Documents\SHACS_F446RE\EWARM\SHACS_F446RE\Obj\stm32f4xx_hal_tim.o
#        C:\Users\klsw7\Documents\SHACS_F446RE\EWARM\SHACS_F446RE\Obj\stm32f4xx_hal_tim_ex.o
#        C:\Users\klsw7\Documents\SHACS_F446RE\EWARM\SHACS_F446RE\Obj\stm32f4xx_hal_timebase_tim.o
#        C:\Users\klsw7\Documents\SHACS_F446RE\EWARM\SHACS_F446RE\Obj\stm32f4xx_hal_uart.o
#        C:\Users\klsw7\Documents\SHACS_F446RE\EWARM\SHACS_F446RE\Obj\stm32f4xx_it.o
#        C:\Users\klsw7\Documents\SHACS_F446RE\EWARM\SHACS_F446RE\Obj\stream_buffer.o
#        C:\Users\klsw7\Documents\SHACS_F446RE\EWARM\SHACS_F446RE\Obj\system_stm32f4xx.o
#        C:\Users\klsw7\Documents\SHACS_F446RE\EWARM\SHACS_F446RE\Obj\tasks.o
#        C:\Users\klsw7\Documents\SHACS_F446RE\EWARM\SHACS_F446RE\Obj\timers.o
#        --redirect _Printf=_PrintfSmallNoMb --redirect _Scanf=_ScanfLargeNoMb
#        -o
#        C:\Users\klsw7\Documents\SHACS_F446RE\EWARM\SHACS_F446RE\Exe\SHACS_F446RE.out
#        --map
#        C:\Users\klsw7\Documents\SHACS_F446RE\EWARM\SHACS_F446RE\List\SHACS_F446RE.map
#        --config
#        C:\Users\klsw7\Documents\SHACS_F446RE\EWARM/stm32f446xx_flash.icf
#        --semihosting --entry __iar_program_start --vfe
#
###############################################################################

*******************************************************************************
*** RUNTIME MODEL ATTRIBUTES
***

CppFlavor       = *
__SystemLibrary = DLib


*******************************************************************************
*** PLACEMENT SUMMARY
***

"A0":  place at 0x08000000 { ro section .intvec };
"P1":  place in [from 0x08000000 to 0x0807ffff] { ro };
"P2":  place in [from 0x20000000 to 0x2001ffff] { rw, block CSTACK, block HEAP };
initialize by copy { rw };

  Section            Kind        Address    Size  Object
  -------            ----        -------    ----  ------
"A0":                                      0x1c4
  .intvec            ro code  0x08000000   0x1c4  startup_stm32f446xx.o [1]
                            - 0x080001c4   0x1c4

"P1":                                     0x2e46
  .text              ro code  0x080001c4   0x6bc  tasks.o [1]
  .text              ro code  0x08000880   0x1a8  heap_4.o [1]
  .text              ro code  0x08000a28    0x90  list.o [1]
  .text              ro code  0x08000ab8   0x1bc  port.o [1]
  CODE               ro code  0x08000c74    0xb0  portasm.o [1]
  .text              ro code  0x08000d24   0x5c8  main.o [1]
  .text              ro code  0x080012ec    0x34  stm32f4xx_hal.o [1]
  .text              ro code  0x08001320    0x98  stm32f4xx_hal_cortex.o [1]
  .text              ro code  0x080013b8   0x396  stm32f4xx_hal_uart.o [1]
  .text              ro code  0x08001750    0x7c  cmsis_os.o [1]
  .text              ro code  0x080017cc    0x76  ABImemcpy_unaligned.o [5]
  .text              ro code  0x08001844   0x1d8  stm32f4xx_hal_gpio.o [1]
  .text              ro code  0x08001a1c     0x6  ABImemclr4.o [5]
  .text              ro code  0x08001a24   0x364  stm32f4xx_hal_rcc_ex.o [1]
  .text              ro code  0x08001d88    0x74  stm32f4xx_hal_pwr_ex.o [1]
  .text              ro code  0x08001dfc   0x178  stm32f4xx_hal_rcc.o [1]
  .text              ro code  0x08001f74    0x10  stm32f4xx_hal.o [1]
  .text              ro code  0x08001f84    0x7c  stm32f4xx_hal_timebase_tim.o [1]
  .text              ro code  0x08002000   0x2ac  stm32f4xx_hal_msp.o [1]
  .text              ro code  0x080022ac   0x36c  stm32f4xx_hal_dma.o [1]
  .text              ro code  0x08002618     0x2  stm32f4xx_hal_uart.o [1]
  .text              ro code  0x0800261c   0x30c  queue.o [1]
  .text              ro code  0x08002928    0x32  ABImemset48.o [5]
  .text              ro code  0x0800295c    0xee  I64DivMod.o [5]
  .text              ro code  0x08002a4c     0xc  stm32f4xx_hal.o [1]
  .text              ro code  0x08002a58   0x266  stm32f4xx_hal_tim.o [1]
  .text              ro code  0x08002cc0     0x2  I64DivZer.o [5]
  .text              ro code  0x08002cc2     0x2  stm32f4xx_hal_tim.o [1]
  .text              ro code  0x08002cc4     0x2  stm32f4xx_hal_tim.o [1]
  .text              ro code  0x08002cc6     0x2  stm32f4xx_hal_tim_ex.o [1]
  .text              ro code  0x08002cc8     0x2  stm32f4xx_hal_tim.o [1]
  .text              ro code  0x08002cca     0x2  stm32f4xx_hal_tim_ex.o [1]
  .text              ro code  0x08002ccc     0x2  stm32f4xx_hal_tim.o [1]
  .text              ro code  0x08002cd0    0x60  system_stm32f4xx.o [1]
  .text              ro code  0x08002d30    0x40  zero_init3.o [5]
  .text              ro code  0x08002d70    0x38  packbits_init_single.o [5]
  .text              ro code  0x08002da8    0x28  data_init.o [5]
  .text              ro code  0x08002dd0    0x22  fpinit_M.o [4]
  .iar.init_table    const    0x08002df4    0x20  - Linker created -
  .text              ro code  0x08002e14    0x20  stm32f4xx_it.o [1]
  .text              ro code  0x08002e34    0x1a  cmain.o [5]
  .text              ro code  0x08002e4e     0x4  low_level_init.o [3]
  .text              ro code  0x08002e52     0x4  exit.o [3]
  .text              ro code  0x08002e58     0xa  cexit.o [5]
  .text              ro code  0x08002e64    0x14  exit.o [6]
  .text              ro code  0x08002e78    0x10  startup_stm32f446xx.o [1]
  .text              ro code  0x08002e88     0xc  cstartup_M.o [5]
  .rodata            const    0x08002e94     0x8  main.o [1]
  .rodata            const    0x08002e9c     0x8  system_stm32f4xx.o [1]
  .text              ro code  0x08002ea4     0x4  startup_stm32f446xx.o [1]
  .text              ro code  0x08002ea8     0x4  startup_stm32f446xx.o [1]
  .text              ro code  0x08002eac     0x4  startup_stm32f446xx.o [1]
  .text              ro code  0x08002eb0     0x4  startup_stm32f446xx.o [1]
  .text              ro code  0x08002eb4     0x4  startup_stm32f446xx.o [1]
  .text              ro code  0x08002eb8     0x4  startup_stm32f446xx.o [1]
  .text              ro code  0x08002ebc     0x4  startup_stm32f446xx.o [1]
  .text              ro code  0x08002ec0     0x4  startup_stm32f446xx.o [1]
  .text              ro code  0x08002ec4     0x4  startup_stm32f446xx.o [1]
  .text              ro code  0x08002ec8     0x4  startup_stm32f446xx.o [1]
  .text              ro code  0x08002ecc     0x4  startup_stm32f446xx.o [1]
  .text              ro code  0x08002ed0     0x4  startup_stm32f446xx.o [1]
  .text              ro code  0x08002ed4     0x4  startup_stm32f446xx.o [1]
  .text              ro code  0x08002ed8     0x4  startup_stm32f446xx.o [1]
  .text              ro code  0x08002edc     0x4  startup_stm32f446xx.o [1]
  .text              ro code  0x08002ee0     0x4  startup_stm32f446xx.o [1]
  .text              ro code  0x08002ee4     0x4  startup_stm32f446xx.o [1]
  .text              ro code  0x08002ee8     0x4  startup_stm32f446xx.o [1]
  .text              ro code  0x08002eec     0x4  startup_stm32f446xx.o [1]
  .text              ro code  0x08002ef0     0x4  startup_stm32f446xx.o [1]
  .text              ro code  0x08002ef4     0x4  startup_stm32f446xx.o [1]
  .text              ro code  0x08002ef8     0x4  startup_stm32f446xx.o [1]
  .text              ro code  0x08002efc     0x4  startup_stm32f446xx.o [1]
  .text              ro code  0x08002f00     0x4  startup_stm32f446xx.o [1]
  .text              ro code  0x08002f04     0x4  startup_stm32f446xx.o [1]
  .text              ro code  0x08002f08     0x4  startup_stm32f446xx.o [1]
  .text              ro code  0x08002f0c     0x4  startup_stm32f446xx.o [1]
  .text              ro code  0x08002f10     0x4  startup_stm32f446xx.o [1]
  .text              ro code  0x08002f14     0x4  startup_stm32f446xx.o [1]
  .text              ro code  0x08002f18     0x4  startup_stm32f446xx.o [1]
  .text              ro code  0x08002f1c     0x4  startup_stm32f446xx.o [1]
  .text              ro code  0x08002f20     0x4  startup_stm32f446xx.o [1]
  .text              ro code  0x08002f24     0x4  startup_stm32f446xx.o [1]
  .text              ro code  0x08002f28     0x4  startup_stm32f446xx.o [1]
  .text              ro code  0x08002f2c     0x4  startup_stm32f446xx.o [1]
  .text              ro code  0x08002f30     0x4  startup_stm32f446xx.o [1]
  .text              ro code  0x08002f34     0x4  startup_stm32f446xx.o [1]
  .text              ro code  0x08002f38     0x4  startup_stm32f446xx.o [1]
  .text              ro code  0x08002f3c     0x4  startup_stm32f446xx.o [1]
  .text              ro code  0x08002f40     0x4  startup_stm32f446xx.o [1]
  .text              ro code  0x08002f44     0x4  startup_stm32f446xx.o [1]
  .text              ro code  0x08002f48     0x4  startup_stm32f446xx.o [1]
  .text              ro code  0x08002f4c     0x4  startup_stm32f446xx.o [1]
  .text              ro code  0x08002f50     0x4  startup_stm32f446xx.o [1]
  .text              ro code  0x08002f54     0x4  startup_stm32f446xx.o [1]
  .text              ro code  0x08002f58     0x4  startup_stm32f446xx.o [1]
  .text              ro code  0x08002f5c     0x4  startup_stm32f446xx.o [1]
  .text              ro code  0x08002f60     0x4  startup_stm32f446xx.o [1]
  .text              ro code  0x08002f64     0x4  startup_stm32f446xx.o [1]
  .text              ro code  0x08002f68     0x4  startup_stm32f446xx.o [1]
  .text              ro code  0x08002f6c     0x4  startup_stm32f446xx.o [1]
  .text              ro code  0x08002f70     0x4  startup_stm32f446xx.o [1]
  .text              ro code  0x08002f74     0x4  startup_stm32f446xx.o [1]
  .text              ro code  0x08002f78     0x4  startup_stm32f446xx.o [1]
  .text              ro code  0x08002f7c     0x4  startup_stm32f446xx.o [1]
  .text              ro code  0x08002f80     0x4  startup_stm32f446xx.o [1]
  .text              ro code  0x08002f84     0x4  startup_stm32f446xx.o [1]
  .text              ro code  0x08002f88     0x4  startup_stm32f446xx.o [1]
  .text              ro code  0x08002f8c     0x4  startup_stm32f446xx.o [1]
  .text              ro code  0x08002f90     0x4  startup_stm32f446xx.o [1]
  .text              ro code  0x08002f94     0x4  startup_stm32f446xx.o [1]
  .text              ro code  0x08002f98     0x4  startup_stm32f446xx.o [1]
  .text              ro code  0x08002f9c     0x4  startup_stm32f446xx.o [1]
  .text              ro code  0x08002fa0     0x4  startup_stm32f446xx.o [1]
  .text              ro code  0x08002fa4     0x4  startup_stm32f446xx.o [1]
  .text              ro code  0x08002fa8     0x4  startup_stm32f446xx.o [1]
  .text              ro code  0x08002fac     0x4  startup_stm32f446xx.o [1]
  .text              ro code  0x08002fb0     0x4  startup_stm32f446xx.o [1]
  .text              ro code  0x08002fb4     0x4  startup_stm32f446xx.o [1]
  .text              ro code  0x08002fb8     0x4  startup_stm32f446xx.o [1]
  .text              ro code  0x08002fbc     0x4  startup_stm32f446xx.o [1]
  .text              ro code  0x08002fc0     0x4  startup_stm32f446xx.o [1]
  .text              ro code  0x08002fc4     0x4  startup_stm32f446xx.o [1]
  .text              ro code  0x08002fc8     0x4  startup_stm32f446xx.o [1]
  .text              ro code  0x08002fcc     0x4  startup_stm32f446xx.o [1]
  .text              ro code  0x08002fd0     0x4  startup_stm32f446xx.o [1]
  .text              ro code  0x08002fd4     0x4  startup_stm32f446xx.o [1]
  .text              ro code  0x08002fd8     0x4  startup_stm32f446xx.o [1]
  .text              ro code  0x08002fdc     0x4  startup_stm32f446xx.o [1]
  .text              ro code  0x08002fe0     0x4  startup_stm32f446xx.o [1]
  .text              ro code  0x08002fe4     0x4  startup_stm32f446xx.o [1]
  .text              ro code  0x08002fe8     0x4  startup_stm32f446xx.o [1]
  .text              ro code  0x08002fec     0x4  startup_stm32f446xx.o [1]
  .text              ro code  0x08002ff0     0x4  startup_stm32f446xx.o [1]
  .rodata            const    0x08002ff4     0x0  zero_init3.o [5]
  .rodata            const    0x08002ff4     0x0  packbits_init_single.o [5]
  Initializer bytes  const    0x08002ff4    0x16  <for P2-1>
                            - 0x0800300a  0x2e46

"P2", part 1 of 3:                          0x98
  P2-1                        0x20000000    0x98  <Init block>
    .data            inited   0x20000000    0x7c  main.o [1]
    .data            inited   0x2000007c     0xc  port.o [1]
    .data            inited   0x20000088     0xc  stm32f4xx_hal.o [1]
    .data            inited   0x20000094     0x4  system_stm32f4xx.o [1]
                            - 0x20000098    0x98

"P2", part 2 of 3:                         0x400
  CSTACK                      0x20000098   0x400  <Block>
    CSTACK           uninit   0x20000098   0x400  <Block tail>
                            - 0x20000498   0x400

"P2", part 3 of 3:                        0x4004
  .bss               zero     0x20000498  0x3c18  heap_4.o [1]
  .bss               zero     0x200040b0    0xa0  tasks.o [1]
  .bss               zero     0x20004150    0x8c  tasks.o [1]
  .bss               zero     0x200041dc    0x60  main.o [1]
  .bss               zero     0x2000423c    0x60  main.o [1]
  .bss               zero     0x2000429c    0x60  main.o [1]
  .bss               zero     0x200042fc    0x60  main.o [1]
  .bss               zero     0x2000435c    0x40  main.o [1]
  .bss               zero     0x2000439c    0x40  main.o [1]
  .bss               zero     0x200043dc    0x40  main.o [1]
  .bss               zero     0x2000441c    0x40  stm32f4xx_hal_timebase_tim.o [1]
  .bss               zero     0x2000445c    0x20  main.o [1]
  .bss               zero     0x2000447c    0x20  main.o [1]
                            - 0x2000449c  0x4004


*******************************************************************************
*** INIT TABLE
***

          Address     Size
          -------     ----
Zero (__iar_zero_init3)
    1 destination range, total size 0x4004:
          0x20000498  0x4004

Copy/packbits (__iar_packbits_init_single3)
    1 source range, total size 0x16 (14% of destination):
          0x08002ff4    0x16
    1 destination range, total size 0x98:
          0x20000000    0x98



*******************************************************************************
*** MODULE SUMMARY
***

    Module                        ro code  ro data  rw data
    ------                        -------  -------  -------
C:\Users\klsw7\Documents\SHACS_F446RE\EWARM\SHACS_F446RE\Obj: [1]
    cmsis_os.o                        124
    heap_4.o                          424            15 384
    list.o                            144
    main.o                          1 480       25      764
    port.o                            444        2       12
    portasm.o                         176
    queue.o                           780
    startup_stm32f446xx.o             804
    stm32f4xx_hal.o                    80        2       12
    stm32f4xx_hal_cortex.o            152
    stm32f4xx_hal_dma.o               876
    stm32f4xx_hal_gpio.o              472
    stm32f4xx_hal_msp.o               684
    stm32f4xx_hal_pwr_ex.o            116
    stm32f4xx_hal_rcc.o               376
    stm32f4xx_hal_rcc_ex.o            868
    stm32f4xx_hal_tim.o               622
    stm32f4xx_hal_tim_ex.o              4
    stm32f4xx_hal_timebase_tim.o      124                64
    stm32f4xx_hal_uart.o              920
    stm32f4xx_it.o                     32
    system_stm32f4xx.o                 96        9        4
    tasks.o                         1 724               300
    -------------------------------------------------------
    Total:                         11 522       38   16 540

command line: [2]
    -------------------------------------------------------
    Total:

dl7M_tlf.a: [3]
    exit.o                              4
    low_level_init.o                    4
    -------------------------------------------------------
    Total:                              8

m7M_tls.a: [4]
    fpinit_M.o                         34
    -------------------------------------------------------
    Total:                             34

rt7M_tl.a: [5]
    ABImemclr4.o                        6
    ABImemcpy_unaligned.o             118
    ABImemset48.o                      50
    I64DivMod.o                       238
    I64DivZer.o                         2
    cexit.o                            10
    cmain.o                            26
    cstartup_M.o                       12
    data_init.o                        40
    packbits_init_single.o             56
    zero_init3.o                       64
    -------------------------------------------------------
    Total:                            622

shb_l.a: [6]
    exit.o                             20
    -------------------------------------------------------
    Total:                             20

    Gaps                               20        2
    Linker created                              32    1 024
-----------------------------------------------------------
    Grand Total:                   12 226       72   17 564


*******************************************************************************
*** ENTRY LIST
***

Entry                      Address    Size  Type      Object
-----                      -------    ----  ----      ------
.iar.init_table$$Base   0x08002df4           --   Gb  - Linker created -
.iar.init_table$$Limit  0x08002e14           --   Gb  - Linker created -
?main                   0x08002e35          Code  Gb  cmain.o [5]
AHBPrescTable           0x08002d20    0x10  Data  Gb  system_stm32f4xx.o [1]
APBPrescTable           0x08002e9c     0x8  Data  Gb  system_stm32f4xx.o [1]
BtCommandQueueHandle    0x20000064     0x4  Data  Gb  main.o [1]
BtResponseQueueHandle   0x20000070     0x4  Data  Gb  main.o [1]
BusFault_Handler        0x08002e1b     0x2  Code  Gb  stm32f4xx_it.o [1]
CSTACK$$Base            0x20000098           --   Gb  - Linker created -
CSTACK$$Limit           0x20000498           --   Gb  - Linker created -
CallbackFuntion         0x08001227     0x2  Code  Gb  main.o [1]
DMA2_Stream2_IRQHandler
                        0x08002e27     0x6  Code  Gb  stm32f4xx_it.o [1]
DMA_CalcBaseAndBitshift
                        0x080025e9    0x26  Code  Lc  stm32f4xx_hal_dma.o [1]
DMA_CalcBaseAndBitshift::flagBitshiftOffset
                        0x08002610     0x8  Data  Lc  stm32f4xx_hal_dma.o [1]
DMA_SetConfig           0x080025c9    0x20  Code  Lc  stm32f4xx_hal_dma.o [1]
DebugMon_Handler        0x08002e1f     0x2  Code  Gb  stm32f4xx_it.o [1]
Error_Handler           0x080012b1     0x2  Code  Gb  main.o [1]
HAL_DMA_IRQHandler      0x0800240f   0x192  Code  Gb  stm32f4xx_hal_dma.o [1]
HAL_DMA_Init            0x080022ad    0xe6  Code  Gb  stm32f4xx_hal_dma.o [1]
HAL_DMA_Start_IT        0x08002393    0x64  Code  Gb  stm32f4xx_hal_dma.o [1]
HAL_GPIO_Init           0x08001845   0x19a  Code  Gb  stm32f4xx_hal_gpio.o [1]
HAL_GPIO_TogglePin      0x080019e7     0xe  Code  Gb  stm32f4xx_hal_gpio.o [1]
HAL_GPIO_WritePin       0x080019df     0x8  Code  Gb  stm32f4xx_hal_gpio.o [1]
HAL_GetTick             0x08002a4d     0xc  Code  Wk  stm32f4xx_hal.o [1]
HAL_IncTick             0x08001f75    0x10  Code  Wk  stm32f4xx_hal.o [1]
HAL_Init                0x080012ed    0x30  Code  Gb  stm32f4xx_hal.o [1]
HAL_InitTick            0x08001f85    0x6c  Code  Gb  stm32f4xx_hal_timebase_tim.o [1]
HAL_MspInit             0x08002001    0x3e  Code  Gb  stm32f4xx_hal_msp.o [1]
HAL_NVIC_EnableIRQ      0x0800138f    0x16  Code  Gb  stm32f4xx_hal_cortex.o [1]
HAL_NVIC_SetPriority    0x08001355    0x3a  Code  Gb  stm32f4xx_hal_cortex.o [1]
HAL_NVIC_SetPriorityGrouping
                        0x0800133b    0x1a  Code  Gb  stm32f4xx_hal_cortex.o [1]
HAL_PWREx_EnableOverDrive
                        0x08001d89    0x44  Code  Gb  stm32f4xx_hal_pwr_ex.o [1]
HAL_RCC_ClockConfig     0x08001dfd    0xfa  Code  Gb  stm32f4xx_hal_rcc.o [1]
HAL_RCC_GetClockConfig  0x08001f27    0x34  Code  Gb  stm32f4xx_hal_rcc.o [1]
HAL_RCC_GetPCLK1Freq    0x08001f03    0x10  Code  Gb  stm32f4xx_hal_rcc.o [1]
HAL_RCC_GetPCLK2Freq    0x08001f13     0xe  Code  Gb  stm32f4xx_hal_rcc.o [1]
HAL_RCC_GetSysClockFreq
                        0x08001a25    0x4a  Code  Gb  stm32f4xx_hal_rcc_ex.o [1]
HAL_RCC_OscConfig       0x08001a9b   0x2b6  Code  Gb  stm32f4xx_hal_rcc_ex.o [1]
HAL_TIMEx_BreakCallback
                        0x08002cc7     0x2  Code  Wk  stm32f4xx_hal_tim_ex.o [1]
HAL_TIMEx_CommutCallback
                        0x08002ccb     0x2  Code  Wk  stm32f4xx_hal_tim_ex.o [1]
HAL_TIM_Base_Init       0x08002a59    0x1a  Code  Gb  stm32f4xx_hal_tim.o [1]
HAL_TIM_Base_MspInit    0x08002cbd     0x2  Code  Wk  stm32f4xx_hal_tim.o [1]
HAL_TIM_Base_Start_IT   0x08002a73    0x20  Code  Gb  stm32f4xx_hal_tim.o [1]
HAL_TIM_IC_CaptureCallback
                        0x08002cc3     0x2  Code  Wk  stm32f4xx_hal_tim.o [1]
HAL_TIM_IRQHandler      0x08002aaf   0x142  Code  Gb  stm32f4xx_hal_tim.o [1]
HAL_TIM_OC_DelayElapsedCallback
                        0x08002cc5     0x2  Code  Wk  stm32f4xx_hal_tim.o [1]
HAL_TIM_PWM_PulseFinishedCallback
                        0x08002ccd     0x2  Code  Wk  stm32f4xx_hal_tim.o [1]
HAL_TIM_PeriodElapsedCallback
                        0x08001245     0xe  Code  Gb  main.o [1]
HAL_TIM_TriggerCallback
                        0x08002cc9     0x2  Code  Wk  stm32f4xx_hal_tim.o [1]
HAL_UART_ErrorCallback  0x08001225     0x2  Code  Gb  main.o [1]
HAL_UART_Init           0x080013b9    0x28  Code  Gb  stm32f4xx_hal_uart.o [1]
HAL_UART_MspInit        0x0800203f   0x1b8  Code  Gb  stm32f4xx_hal_msp.o [1]
HAL_UART_Receive_DMA    0x08001481    0x8e  Code  Gb  stm32f4xx_hal_uart.o [1]
HAL_UART_Receive_IT     0x08001427    0x54  Code  Gb  stm32f4xx_hal_uart.o [1]
HAL_UART_RxCpltCallback
                        0x080010eb   0x108  Code  Gb  main.o [1]
HAL_UART_RxHalfCpltCallback
                        0x08002619     0x2  Code  Wk  stm32f4xx_hal_uart.o [1]
HardFault_Handler       0x08002e17     0x2  Code  Gb  stm32f4xx_it.o [1]
LedTask1                0x08001229    0x1c  Code  Gb  main.o [1]
MX_GPIO_Init            0x08001021    0xb2  Code  Lc  main.o [1]
MemManage_Handler       0x08002e19     0x2  Code  Gb  stm32f4xx_it.o [1]
NMI_Handler             0x08002e15     0x2  Code  Gb  stm32f4xx_it.o [1]
PendSV_Handler          0x08000c75          Code  Gb  portasm.o [1]
Region$$Table$$Base     0x08002df4           --   Gb  - Linker created -
Region$$Table$$Limit    0x08002e14           --   Gb  - Linker created -
Ridx1                   0x20000001     0x1  Data  Gb  main.o [1]
Ridx3                   0x20000003     0x1  Data  Gb  main.o [1]
Ridx4                   0x20000005     0x1  Data  Gb  main.o [1]
Ridx5                   0x20000007     0x1  Data  Gb  main.o [1]
Ridx6                   0x20000009     0x1  Data  Gb  main.o [1]
SVC_Handler             0x08000ccd          Code  Gb  portasm.o [1]
SysTick_Handler         0x08000c05    0x1e  Code  Gb  port.o [1]
SystemClock_Config      0x08000f85    0x9c  Code  Gb  main.o [1]
SystemCoreClock         0x20000094     0x4  Data  Gb  system_stm32f4xx.o [1]
SystemInit              0x08002cd1    0x3a  Code  Gb  system_stm32f4xx.o [1]
TIM1_UP_TIM10_IRQHandler
                        0x08002e21     0x6  Code  Gb  stm32f4xx_it.o [1]
TIM_Base_SetConfig      0x08002bf7    0x98  Code  Gb  stm32f4xx_hal_tim.o [1]
Task2Handle             0x20000054     0x4  Data  Gb  main.o [1]
UART_DMAError           0x08001555    0x4a  Code  Lc  stm32f4xx_hal_uart.o [1]
UART_DMAReceiveCplt     0x08001515    0x38  Code  Lc  stm32f4xx_hal_uart.o [1]
UART_DMARxHalfCplt      0x0800154d     0x6  Code  Lc  stm32f4xx_hal_uart.o [1]
UART_EndRxTransfer      0x080015b1    0x1c  Code  Lc  stm32f4xx_hal_uart.o [1]
UART_EndTxTransfer      0x0800159f    0x12  Code  Lc  stm32f4xx_hal_uart.o [1]
UART_SetConfig          0x080015cf   0x13a  Code  Lc  stm32f4xx_hal_uart.o [1]
Uart1_Rx_buffer         0x200043dc    0x40  Data  Gb  main.o [1]
Uart3_Rx_buffer         0x2000423c    0x20  Data  Gb  main.o [1]
Uart4_Rx_buffer         0x2000429c    0x20  Data  Gb  main.o [1]
Uart5_Rx_buffer         0x2000445c    0x20  Data  Gb  main.o [1]
Uart6_Rx_buffer         0x2000447c    0x20  Data  Gb  main.o [1]
UsageFault_Handler      0x08002e1d     0x2  Code  Gb  stm32f4xx_it.o [1]
UsbCommandQueueHandle   0x20000068     0x4  Data  Gb  main.o [1]
UsbResponseQueueHandle  0x20000074     0x4  Data  Gb  main.o [1]
Widx1                   0x20000000     0x1  Data  Gb  main.o [1]
Widx3                   0x20000002     0x1  Data  Gb  main.o [1]
Widx4                   0x20000004     0x1  Data  Gb  main.o [1]
Widx5                   0x20000006     0x1  Data  Gb  main.o [1]
Widx6                   0x20000008     0x1  Data  Gb  main.o [1]
WifiCommandQueueHandle  0x2000006c     0x4  Data  Gb  main.o [1]
WifiResponseQueueHandle
                        0x20000078     0x4  Data  Gb  main.o [1]
ZWhostAppTimerHandle    0x20000058     0x4  Data  Gb  main.o [1]
ZwCommandQueueHandle    0x2000005c     0x4  Data  Gb  main.o [1]
ZwTransmitQueueHandle   0x20000060     0x4  Data  Gb  main.o [1]
__NVIC_SetPriority      0x08001321    0x1a  Code  Lc  stm32f4xx_hal_cortex.o [1]
__aeabi_ldiv0           0x08002cc1          Code  Gb  I64DivZer.o [5]
__aeabi_memclr4         0x08001a1d          Code  Gb  ABImemclr4.o [5]
__aeabi_uldivmod        0x0800295d          Code  Gb  I64DivMod.o [5]
__cmain                 0x08002e35          Code  Gb  cmain.o [5]
__exit                  0x08002e65    0x14  Code  Gb  exit.o [6]
__iar_Memset4_word      0x08002929          Code  Gb  ABImemset48.o [5]
__iar_Memset8_word      0x08002929          Code  Gb  ABImemset48.o [5]
__iar_data_init3        0x08002da9    0x28  Code  Gb  data_init.o [5]
__iar_init_vfp          0x08002dd1          Code  Gb  fpinit_M.o [4]
__iar_packbits_init_single3
                        0x08002d71    0x38  Code  Gb  packbits_init_single.o [5]
__iar_program_start     0x08002e89          Code  Gb  cstartup_M.o [5]
__iar_unaligned___aeabi_memcpy
                        0x080017cd          Code  Gb  ABImemcpy_unaligned.o [5]
__iar_unaligned___aeabi_memcpy4
                        0x080017ed          Code  Gb  ABImemcpy_unaligned.o [5]
__iar_unaligned___aeabi_memcpy8
                        0x080017ed          Code  Gb  ABImemcpy_unaligned.o [5]
__iar_zero_init3        0x08002d31    0x40  Code  Gb  zero_init3.o [5]
__low_level_init        0x08002e4f     0x4  Code  Gb  low_level_init.o [3]
__vector_table          0x08000000          Data  Gb  startup_stm32f446xx.o [1]
_call_main              0x08002e41          Code  Gb  cmain.o [5]
_exit                   0x08002e59          Code  Gb  cexit.o [5]
_main                   0x08002e4b          Code  Gb  cmain.o [5]
dma_rx_buf              0x200041dc    0x20  Data  Gb  main.o [1]
dma_uart_rx             0x2000000c     0x8  Data  Gb  main.o [1]
exit                    0x08002e53     0x4  Code  Gb  exit.o [3]
hdma_usart1_rx          0x200042fc    0x60  Data  Gb  main.o [1]
htim1                   0x2000441c    0x40  Data  Gb  stm32f4xx_hal_timebase_tim.o [1]
huart1                  0x2000435c    0x40  Data  Gb  main.o [1]
huart2                  0x2000439c    0x40  Data  Gb  main.o [1]
huart3                  0x2000425c    0x40  Data  Gb  main.o [1]
huart4                  0x20000014    0x40  Data  Gb  main.o [1]
huart5                  0x200041fc    0x40  Data  Gb  main.o [1]
huart6                  0x200042bc    0x40  Data  Gb  main.o [1]
main                    0x08000d25   0x24e  Code  Gb  main.o [1]
makeFreeRtosPriority    0x08001751     0xc  Code  Lc  cmsis_os.o [1]
osDelay                 0x08001795     0xe  Code  Gb  cmsis_os.o [1]
osKernelStart           0x0800175d     0xa  Code  Gb  cmsis_os.o [1]
osSemaphoreCreate       0x080017a7    0x26  Code  Gb  cmsis_os.o [1]
osThreadCreate          0x08001767    0x2e  Code  Gb  cmsis_os.o [1]
osTimerCreate           0x080017a3     0x4  Code  Gb  cmsis_os.o [1]
prvAddCurrentTaskToDelayedList
                        0x08000809    0x5a  Code  Lc  tasks.o [1]
prvAddNewTaskToReadyList
                        0x08000295    0x9a  Code  Lc  tasks.o [1]
prvCopyDataToQueue      0x08002853    0x68  Code  Lc  queue.o [1]
prvDeleteTCB            0x080006e9    0x14  Code  Lc  tasks.o [1]
prvIdleTask             0x08000695    0x40  Code  Lc  tasks.o [1]
prvInitialiseNewQueue   0x080026cd    0x16  Code  Lc  queue.o [1]
prvInitialiseNewTask    0x0800021d    0x78  Code  Lc  tasks.o [1]
prvInsertBlockIntoFreeList
                        0x080009dd    0x46  Code  Lc  heap_4.o [1]
prvResetNextTaskUnblockTime
                        0x080006fd    0x1c  Code  Lc  tasks.o [1]
prvTaskExitError        0x08000ae1    0x28  Code  Lc  port.o [1]
prvUnlockQueue          0x080028bb    0x6a  Code  Lc  queue.o [1]
pvPortMalloc            0x08000881    0xf8  Code  Gb  heap_4.o [1]
pxCurrentTCB            0x200040d8     0x4  Data  Gb  tasks.o [1]
pxDelayedTaskList       0x200040dc     0x4  Data  Lc  tasks.o [1]
pxEnd                   0x200004a0     0x4  Data  Lc  heap_4.o [1]
pxOverflowDelayedTaskList
                        0x200040e0     0x4  Data  Lc  tasks.o [1]
pxPortInitialiseStack   0x08000ab9    0x26  Code  Gb  port.o [1]
pxReadyTasksLists       0x20004150    0x8c  Data  Lc  tasks.o [1]
ucHeap                  0x200004b0  0x3c00  Data  Lc  heap_4.o [1]
ucMaxSysCallPriority    0x2000007c     0x1  Data  Lc  port.o [1]
ulMaxPRIGROUPValue      0x20000084     0x4  Data  Lc  port.o [1]
uwTick                  0x2000008c     0x4  Data  Gb  stm32f4xx_hal.o [1]
uwTickFreq              0x20000088     0x1  Data  Gb  stm32f4xx_hal.o [1]
uwTickPrio              0x20000090     0x4  Data  Gb  stm32f4xx_hal.o [1]
uxCriticalNesting       0x20000080     0x4  Data  Lc  port.o [1]
uxCurrentNumberOfTasks  0x200040fc     0x4  Data  Lc  tasks.o [1]
uxDeletedTasksWaitingCleanUp
                        0x200040e4     0x4  Data  Lc  tasks.o [1]
uxListRemove            0x08000a93    0x26  Code  Gb  list.o [1]
uxPendedTicks           0x2000410c     0x4  Data  Lc  tasks.o [1]
uxSchedulerSuspended    0x20004120     0x4  Data  Lc  tasks.o [1]
uxTaskNumber            0x20004118     0x4  Data  Lc  tasks.o [1]
uxTopReadyPriority      0x20004104     0x4  Data  Lc  tasks.o [1]
vListInitialise         0x08000a29    0x1a  Code  Gb  list.o [1]
vListInitialiseItem     0x08000a43     0x6  Code  Gb  list.o [1]
vListInsert             0x08000a61    0x32  Code  Gb  list.o [1]
vListInsertEnd          0x08000a49    0x18  Code  Gb  list.o [1]
vPortEnableVFP          0x08000d09          Code  Gb  portasm.o [1]
vPortEnterCritical      0x08000baf    0x32  Code  Gb  port.o [1]
vPortExitCritical       0x08000be1    0x24  Code  Gb  port.o [1]
vPortFree               0x0800098b    0x44  Code  Gb  heap_4.o [1]
vPortSetupTimerInterrupt
                        0x08000c4d    0x28  Code  Wk  port.o [1]
vPortStartFirstTask     0x08000ce9          Code  Gb  portasm.o [1]
vTaskDelay              0x08000351    0x28  Code  Gb  tasks.o [1]
vTaskInternalSetTimeOutState
                        0x0800061f     0xe  Code  Gb  tasks.o [1]
vTaskMissedYield        0x08000687     0xa  Code  Gb  tasks.o [1]
vTaskPlaceOnEventList   0x08000599    0x1c  Code  Gb  tasks.o [1]
vTaskStartScheduler     0x08000379    0x56  Code  Gb  tasks.o [1]
vTaskSuspendAll         0x080003cf     0xc  Code  Gb  tasks.o [1]
vTaskSwitchContext      0x08000547    0x52  Code  Gb  tasks.o [1]
xBlockAllocatedBit      0x200004ac     0x4  Data  Lc  heap_4.o [1]
xDelayedTaskList1       0x20004124    0x14  Data  Lc  tasks.o [1]
xDelayedTaskList2       0x20004138    0x14  Data  Lc  tasks.o [1]
xFreeBytesRemaining     0x200004a4     0x4  Data  Lc  heap_4.o [1]
xIdleTaskHandle         0x2000414c     0x4  Data  Lc  tasks.o [1]
xMinimumEverFreeBytesRemaining
                        0x200004a8     0x4  Data  Lc  heap_4.o [1]
xNextTaskUnblockTime    0x2000411c     0x4  Data  Lc  tasks.o [1]
xNumOfOverflows         0x20004114     0x4  Data  Lc  tasks.o [1]
xPendingReadyList       0x200040b0    0x14  Data  Lc  tasks.o [1]
xPortStartScheduler     0x08000b09    0xa6  Code  Gb  port.o [1]
xQueueGenericCreate     0x08002695    0x38  Code  Gb  queue.o [1]
xQueueGenericReset      0x0800261d    0x78  Code  Gb  queue.o [1]
xQueueGenericSend       0x080026e3   0x116  Code  Gb  queue.o [1]
xSchedulerRunning       0x20004108     0x4  Data  Lc  tasks.o [1]
xStart                  0x20000498     0x8  Data  Lc  heap_4.o [1]
xSuspendedTaskList      0x200040e8    0x14  Data  Lc  tasks.o [1]
xTaskCheckForTimeOut    0x0800062d    0x5a  Code  Gb  tasks.o [1]
xTaskCreate             0x080001c5    0x58  Code  Gb  tasks.o [1]
xTaskGetSchedulerState  0x08000719    0x18  Code  Gb  tasks.o [1]
xTaskIncrementTick      0x08000483    0xaa  Code  Gb  tasks.o [1]
xTaskPriorityDisinherit
                        0x08000731    0x88  Code  Gb  tasks.o [1]
xTaskRemoveFromEventList
                        0x080005b9    0x44  Code  Gb  tasks.o [1]
xTaskResumeAll          0x080003db    0x8c  Code  Gb  tasks.o [1]
xTasksWaitingTermination
                        0x200040c4    0x14  Data  Lc  tasks.o [1]
xTickCount              0x20004100     0x4  Data  Lc  tasks.o [1]
xYieldPending           0x20004110     0x4  Data  Lc  tasks.o [1]


[1] = C:\Users\klsw7\Documents\SHACS_F446RE\EWARM\SHACS_F446RE\Obj
[2] = command line
[3] = dl7M_tlf.a
[4] = m7M_tls.a
[5] = rt7M_tl.a
[6] = shb_l.a

  12 226 bytes of readonly  code memory
      72 bytes of readonly  data memory
  17 564 bytes of readwrite data memory

Errors: none
Warnings: none
