###############################################################################
#
# IAR ELF Linker V7.80.1.11864/W32 for ARM                14/Aug/2019  16:30:56
# Copyright 2007-2016 IAR Systems AB.
#
#    Output file  =  
#        C:\Users\seungwoo\Documents\SHACS_F446RE\EWARM\SHACS_F446RE\Exe\SHACS_F446RE.out
#    Map file     =  
#        C:\Users\seungwoo\Documents\SHACS_F446RE\EWARM\SHACS_F446RE\List\SHACS_F446RE.map
#    Command line =  
#        C:\Users\seungwoo\Documents\SHACS_F446RE\EWARM\SHACS_F446RE\Obj\cmsis_os.o
#        C:\Users\seungwoo\Documents\SHACS_F446RE\EWARM\SHACS_F446RE\Obj\croutine.o
#        C:\Users\seungwoo\Documents\SHACS_F446RE\EWARM\SHACS_F446RE\Obj\event_groups.o
#        C:\Users\seungwoo\Documents\SHACS_F446RE\EWARM\SHACS_F446RE\Obj\freertos.o
#        C:\Users\seungwoo\Documents\SHACS_F446RE\EWARM\SHACS_F446RE\Obj\heap_4.o
#        C:\Users\seungwoo\Documents\SHACS_F446RE\EWARM\SHACS_F446RE\Obj\list.o
#        C:\Users\seungwoo\Documents\SHACS_F446RE\EWARM\SHACS_F446RE\Obj\main.o
#        C:\Users\seungwoo\Documents\SHACS_F446RE\EWARM\SHACS_F446RE\Obj\port.o
#        C:\Users\seungwoo\Documents\SHACS_F446RE\EWARM\SHACS_F446RE\Obj\portasm.o
#        C:\Users\seungwoo\Documents\SHACS_F446RE\EWARM\SHACS_F446RE\Obj\queue.o
#        C:\Users\seungwoo\Documents\SHACS_F446RE\EWARM\SHACS_F446RE\Obj\startup_stm32f446xx.o
#        C:\Users\seungwoo\Documents\SHACS_F446RE\EWARM\SHACS_F446RE\Obj\stm32f4xx_hal.o
#        C:\Users\seungwoo\Documents\SHACS_F446RE\EWARM\SHACS_F446RE\Obj\stm32f4xx_hal_cortex.o
#        C:\Users\seungwoo\Documents\SHACS_F446RE\EWARM\SHACS_F446RE\Obj\stm32f4xx_hal_dma.o
#        C:\Users\seungwoo\Documents\SHACS_F446RE\EWARM\SHACS_F446RE\Obj\stm32f4xx_hal_dma_ex.o
#        C:\Users\seungwoo\Documents\SHACS_F446RE\EWARM\SHACS_F446RE\Obj\stm32f4xx_hal_exti.o
#        C:\Users\seungwoo\Documents\SHACS_F446RE\EWARM\SHACS_F446RE\Obj\stm32f4xx_hal_flash.o
#        C:\Users\seungwoo\Documents\SHACS_F446RE\EWARM\SHACS_F446RE\Obj\stm32f4xx_hal_flash_ex.o
#        C:\Users\seungwoo\Documents\SHACS_F446RE\EWARM\SHACS_F446RE\Obj\stm32f4xx_hal_flash_ramfunc.o
#        C:\Users\seungwoo\Documents\SHACS_F446RE\EWARM\SHACS_F446RE\Obj\stm32f4xx_hal_gpio.o
#        C:\Users\seungwoo\Documents\SHACS_F446RE\EWARM\SHACS_F446RE\Obj\stm32f4xx_hal_msp.o
#        C:\Users\seungwoo\Documents\SHACS_F446RE\EWARM\SHACS_F446RE\Obj\stm32f4xx_hal_pwr.o
#        C:\Users\seungwoo\Documents\SHACS_F446RE\EWARM\SHACS_F446RE\Obj\stm32f4xx_hal_pwr_ex.o
#        C:\Users\seungwoo\Documents\SHACS_F446RE\EWARM\SHACS_F446RE\Obj\stm32f4xx_hal_rcc.o
#        C:\Users\seungwoo\Documents\SHACS_F446RE\EWARM\SHACS_F446RE\Obj\stm32f4xx_hal_rcc_ex.o
#        C:\Users\seungwoo\Documents\SHACS_F446RE\EWARM\SHACS_F446RE\Obj\stm32f4xx_hal_tim.o
#        C:\Users\seungwoo\Documents\SHACS_F446RE\EWARM\SHACS_F446RE\Obj\stm32f4xx_hal_tim_ex.o
#        C:\Users\seungwoo\Documents\SHACS_F446RE\EWARM\SHACS_F446RE\Obj\stm32f4xx_hal_timebase_tim.o
#        C:\Users\seungwoo\Documents\SHACS_F446RE\EWARM\SHACS_F446RE\Obj\stm32f4xx_hal_uart.o
#        C:\Users\seungwoo\Documents\SHACS_F446RE\EWARM\SHACS_F446RE\Obj\stm32f4xx_it.o
#        C:\Users\seungwoo\Documents\SHACS_F446RE\EWARM\SHACS_F446RE\Obj\stream_buffer.o
#        C:\Users\seungwoo\Documents\SHACS_F446RE\EWARM\SHACS_F446RE\Obj\system_stm32f4xx.o
#        C:\Users\seungwoo\Documents\SHACS_F446RE\EWARM\SHACS_F446RE\Obj\tasks.o
#        C:\Users\seungwoo\Documents\SHACS_F446RE\EWARM\SHACS_F446RE\Obj\timers.o
#        --redirect _Printf=_PrintfFull --redirect _Scanf=_ScanfFull -o
#        C:\Users\seungwoo\Documents\SHACS_F446RE\EWARM\SHACS_F446RE\Exe\SHACS_F446RE.out
#        --map
#        C:\Users\seungwoo\Documents\SHACS_F446RE\EWARM\SHACS_F446RE\List\SHACS_F446RE.map
#        --config
#        C:\Users\seungwoo\Documents\SHACS_F446RE\EWARM/stm32f446xx_flash.icf
#        --semihosting --entry __iar_program_start --vfe
#
###############################################################################

*******************************************************************************
*** RUNTIME MODEL ATTRIBUTES
***

CppFlavor                     = *
__Heap_Handler                = Basic
__SystemLibrary               = DLib
__dlib_dynamic_initialization = normal


*******************************************************************************
*** PLACEMENT SUMMARY
***

"A0":  place at 0x08000000 { ro section .intvec };
"P1":  place in [from 0x08000000 to 0x0807ffff] { ro };
"P2":  place in [from 0x20000000 to 0x2001ffff] { rw, block CSTACK, block HEAP };
initialize by copy { rw };

  Section             Kind        Address    Size  Object
  -------             ----        -------    ----  ------
"A0":                                       0x1c4
  .intvec             ro code  0x08000000   0x1c4  startup_stm32f446xx.o [1]
                             - 0x080001c4   0x1c4

"P1":                                      0x4402
  .text               ro code  0x080001c4  0x119a  xprintffull.o [3]
  .text               ro code  0x0800135e    0x20  xmbtowc.o [3]
  .text               ro code  0x08001380    0x16  strchr.o [5]
  .text               ro code  0x08001398    0x36  strlen.o [5]
  .text               ro code  0x080013d0    0x58  memchr.o [5]
  .text               ro code  0x08001428     0xa  xmbcurmax.o [3]
  .text               ro code  0x08001434    0xb0  xxmemxmalloc.o [3]
  .text               ro code  0x080014e4    0x1a  xwctomb.o [3]
  .text               ro code  0x08001500    0x76  ABImemcpy_unaligned.o [5]
  .text               ro code  0x08001578    0x80  xxmemxfree.o [3]
  .text               ro code  0x080015f8    0xee  I64DivMod.o [5]
  .text               ro code  0x080016e6    0x44  xdnorm.o [4]
  .text               ro code  0x0800172c    0x2e  DblCmpLe.o [4]
  .text               ro code  0x0800175c    0x2e  DblCmpGe.o [4]
  .text               ro code  0x0800178c   0x114  xdscale.o [4]
  .text               ro code  0x080018a0    0x58  DblToI32.o [4]
  .text               ro code  0x080018f8    0x30  I32ToDbl.o [4]
  .text               ro code  0x08001928   0x180  DblSub.o [4]
  .text               ro code  0x08001aa8   0x1a2  DblMul.o [4]
  .text               ro code  0x08001c4c   0x256  DblDiv.o [4]
  .text               ro code  0x08001ea4    0x6c  localeconv.o [3]
  .text               ro code  0x08001f10     0xe  div.o [3]
  .text               ro code  0x08001f20    0x14  setlocale.o [3]
  .text               ro code  0x08001f34    0x60  xencoding_sb.o [3]
  .text               ro code  0x08001f94    0x2c  xgetmemchunk.o [3]
  .text               ro code  0x08001fc0     0x2  I64DivZer.o [5]
  .text               ro code  0x08001fc4    0xd4  DblAdd.o [4]
  .text               ro code  0x08002098     0x2  xtls.o [3]
  .text               ro code  0x0800209c   0x5c6  stm32f4xx_hal_uart.o [1]
  .text               ro code  0x08002664   0x298  stm32f4xx_hal_msp.o [1]
  .text               ro code  0x080028fc     0xc  stm32f4xx_hal.o [1]
  .text               ro code  0x08002908    0x24  stm32f4xx_hal_dma.o [1]
  .text               ro code  0x0800292c     0x2  stm32f4xx_hal_uart.o [1]
  .text               ro code  0x0800292e     0x2  stm32f4xx_hal_uart.o [1]
  .text               ro code  0x08002930     0x2  stm32f4xx_hal_uart.o [1]
  .text               ro code  0x08002934   0x178  stm32f4xx_hal_rcc.o [1]
  .text               ro code  0x08002aac     0x6  ABImemclr4.o [5]
  .text               ro code  0x08002ab4   0x1d8  stm32f4xx_hal_gpio.o [1]
  .text               ro code  0x08002c8c    0x98  stm32f4xx_hal_cortex.o [1]
  .text               ro code  0x08002d24   0x364  stm32f4xx_hal_rcc_ex.o [1]
  .text               ro code  0x08003088    0x7c  stm32f4xx_hal_timebase_tim.o [1]
  .text               ro code  0x08003104    0x32  ABImemset48.o [5]
  .text               ro code  0x08003138   0x266  stm32f4xx_hal_tim.o [1]
  .text               ro code  0x0800339e     0x2  stm32f4xx_hal_tim.o [1]
  .text               ro code  0x080033a0     0x2  stm32f4xx_hal_tim.o [1]
  .text               ro code  0x080033a4   0x378  main.o [1]
  .text               ro code  0x0800371c     0x2  stm32f4xx_hal_tim_ex.o [1]
  .text               ro code  0x0800371e     0x2  stm32f4xx_hal_tim.o [1]
  .text               ro code  0x08003720     0x2  stm32f4xx_hal_tim_ex.o [1]
  .text               ro code  0x08003722     0x2  stm32f4xx_hal_tim.o [1]
  .text               ro code  0x08003724    0x34  stm32f4xx_hal.o [1]
  .text               ro code  0x08003758    0x52  cmsis_os.o [1]
  .text               ro code  0x080037ac    0x74  stm32f4xx_hal_pwr_ex.o [1]
  .text               ro code  0x08003820    0x24  printf.o [3]
  .text               ro code  0x08003844    0x10  stm32f4xx_hal.o [1]
  .text               ro code  0x08003854   0x524  tasks.o [1]
  .text               ro code  0x08003d78   0x1a8  heap_4.o [1]
  .text               ro code  0x08003f20    0x90  list.o [1]
  .text               ro code  0x08003fb0   0x1bc  port.o [1]
  CODE                ro code  0x0800416c    0xb0  portasm.o [1]
  .text               ro code  0x0800421c    0x60  system_stm32f4xx.o [1]
  .text               ro code  0x0800427c    0x48  stm32f4xx_it.o [1]
  .text               ro code  0x080042c4    0x40  zero_init3.o [5]
  .text               ro code  0x08004304    0x38  packbits_init_single.o [5]
  .text               ro code  0x0800433c    0x28  data_init.o [5]
  .text               ro code  0x08004364    0x22  fpinit_M.o [4]
  .iar.init_table     const    0x08004388    0x20  - Linker created -
  .text               ro code  0x080043a8    0x1a  cmain.o [5]
  .text               ro code  0x080043c2     0x4  low_level_init.o [3]
  .text               ro code  0x080043c6     0x4  exit.o [3]
  .text               ro code  0x080043cc     0xa  cexit.o [5]
  .text               ro code  0x080043d8    0x14  exit.o [6]
  .text               ro code  0x080043ec    0x16  xprout.o [3]
  .text               ro code  0x08004404     0xc  putchar.o [3]
  .rodata             const    0x08004410    0x14  main.o [1]
  .text               ro code  0x08004424    0x10  startup_stm32f446xx.o [1]
  .text               ro code  0x08004434     0xc  cstartup_M.o [5]
  .rodata             const    0x08004440     0x8  system_stm32f4xx.o [1]
  .text               ro code  0x08004448     0x4  startup_stm32f446xx.o [1]
  .text               ro code  0x0800444c     0x4  startup_stm32f446xx.o [1]
  .text               ro code  0x08004450     0x4  startup_stm32f446xx.o [1]
  .text               ro code  0x08004454     0x4  startup_stm32f446xx.o [1]
  .text               ro code  0x08004458     0x4  startup_stm32f446xx.o [1]
  .text               ro code  0x0800445c     0x4  startup_stm32f446xx.o [1]
  .text               ro code  0x08004460     0x4  startup_stm32f446xx.o [1]
  .text               ro code  0x08004464     0x4  startup_stm32f446xx.o [1]
  .text               ro code  0x08004468     0x4  startup_stm32f446xx.o [1]
  .text               ro code  0x0800446c     0x4  startup_stm32f446xx.o [1]
  .text               ro code  0x08004470     0x4  startup_stm32f446xx.o [1]
  .text               ro code  0x08004474     0x4  startup_stm32f446xx.o [1]
  .text               ro code  0x08004478     0x4  startup_stm32f446xx.o [1]
  .text               ro code  0x0800447c     0x4  startup_stm32f446xx.o [1]
  .text               ro code  0x08004480     0x4  startup_stm32f446xx.o [1]
  .text               ro code  0x08004484     0x4  startup_stm32f446xx.o [1]
  .text               ro code  0x08004488     0x4  startup_stm32f446xx.o [1]
  .text               ro code  0x0800448c     0x4  startup_stm32f446xx.o [1]
  .text               ro code  0x08004490     0x4  startup_stm32f446xx.o [1]
  .text               ro code  0x08004494     0x4  startup_stm32f446xx.o [1]
  .text               ro code  0x08004498     0x4  startup_stm32f446xx.o [1]
  .text               ro code  0x0800449c     0x4  startup_stm32f446xx.o [1]
  .text               ro code  0x080044a0     0x4  startup_stm32f446xx.o [1]
  .text               ro code  0x080044a4     0x4  startup_stm32f446xx.o [1]
  .text               ro code  0x080044a8     0x4  startup_stm32f446xx.o [1]
  .text               ro code  0x080044ac     0x4  startup_stm32f446xx.o [1]
  .text               ro code  0x080044b0     0x4  startup_stm32f446xx.o [1]
  .text               ro code  0x080044b4     0x4  startup_stm32f446xx.o [1]
  .text               ro code  0x080044b8     0x4  startup_stm32f446xx.o [1]
  .text               ro code  0x080044bc     0x4  startup_stm32f446xx.o [1]
  .text               ro code  0x080044c0     0x4  startup_stm32f446xx.o [1]
  .text               ro code  0x080044c4     0x4  startup_stm32f446xx.o [1]
  .text               ro code  0x080044c8     0x4  startup_stm32f446xx.o [1]
  .text               ro code  0x080044cc     0x4  startup_stm32f446xx.o [1]
  .text               ro code  0x080044d0     0x4  startup_stm32f446xx.o [1]
  .text               ro code  0x080044d4     0x4  startup_stm32f446xx.o [1]
  .text               ro code  0x080044d8     0x4  startup_stm32f446xx.o [1]
  .text               ro code  0x080044dc     0x4  startup_stm32f446xx.o [1]
  .text               ro code  0x080044e0     0x4  startup_stm32f446xx.o [1]
  .text               ro code  0x080044e4     0x4  startup_stm32f446xx.o [1]
  .text               ro code  0x080044e8     0x4  startup_stm32f446xx.o [1]
  .text               ro code  0x080044ec     0x4  startup_stm32f446xx.o [1]
  .text               ro code  0x080044f0     0x4  startup_stm32f446xx.o [1]
  .text               ro code  0x080044f4     0x4  startup_stm32f446xx.o [1]
  .text               ro code  0x080044f8     0x4  startup_stm32f446xx.o [1]
  .text               ro code  0x080044fc     0x4  startup_stm32f446xx.o [1]
  .text               ro code  0x08004500     0x4  startup_stm32f446xx.o [1]
  .text               ro code  0x08004504     0x4  startup_stm32f446xx.o [1]
  .text               ro code  0x08004508     0x4  startup_stm32f446xx.o [1]
  .text               ro code  0x0800450c     0x4  startup_stm32f446xx.o [1]
  .text               ro code  0x08004510     0x4  startup_stm32f446xx.o [1]
  .text               ro code  0x08004514     0x4  startup_stm32f446xx.o [1]
  .text               ro code  0x08004518     0x4  startup_stm32f446xx.o [1]
  .text               ro code  0x0800451c     0x4  startup_stm32f446xx.o [1]
  .text               ro code  0x08004520     0x4  startup_stm32f446xx.o [1]
  .text               ro code  0x08004524     0x4  startup_stm32f446xx.o [1]
  .text               ro code  0x08004528     0x4  startup_stm32f446xx.o [1]
  .text               ro code  0x0800452c     0x4  startup_stm32f446xx.o [1]
  .text               ro code  0x08004530     0x4  startup_stm32f446xx.o [1]
  .text               ro code  0x08004534     0x4  startup_stm32f446xx.o [1]
  .text               ro code  0x08004538     0x4  startup_stm32f446xx.o [1]
  .text               ro code  0x0800453c     0x4  startup_stm32f446xx.o [1]
  .text               ro code  0x08004540     0x4  startup_stm32f446xx.o [1]
  .text               ro code  0x08004544     0x4  startup_stm32f446xx.o [1]
  .text               ro code  0x08004548     0x4  startup_stm32f446xx.o [1]
  .text               ro code  0x0800454c     0x4  startup_stm32f446xx.o [1]
  .text               ro code  0x08004550     0x4  startup_stm32f446xx.o [1]
  .text               ro code  0x08004554     0x4  startup_stm32f446xx.o [1]
  .text               ro code  0x08004558     0x4  startup_stm32f446xx.o [1]
  .text               ro code  0x0800455c     0x4  startup_stm32f446xx.o [1]
  .text               ro code  0x08004560     0x4  startup_stm32f446xx.o [1]
  .text               ro code  0x08004564     0x4  startup_stm32f446xx.o [1]
  .text               ro code  0x08004568     0x4  startup_stm32f446xx.o [1]
  .text               ro code  0x0800456c     0x4  startup_stm32f446xx.o [1]
  .text               ro code  0x08004570     0x4  startup_stm32f446xx.o [1]
  .text               ro code  0x08004574     0x4  startup_stm32f446xx.o [1]
  .text               ro code  0x08004578     0x4  startup_stm32f446xx.o [1]
  .text               ro code  0x0800457c     0x4  startup_stm32f446xx.o [1]
  .text               ro code  0x08004580     0x4  startup_stm32f446xx.o [1]
  .text               ro code  0x08004584     0x4  startup_stm32f446xx.o [1]
  .rodata             const    0x08004588     0x0  zero_init3.o [5]
  .rodata             const    0x08004588     0x0  packbits_init_single.o [5]
  Initializer bytes   const    0x08004588    0x3e  <for P2-1>
                             - 0x080045c6  0x4402

"P2", part 1 of 3:                          0x158
  P2-1                         0x20000000   0x158  <Init block>
    .data             inited   0x20000000     0xc  port.o [1]
    .data             inited   0x2000000c     0xc  stm32f4xx_hal.o [1]
    .data             inited   0x20000018     0x4  system_stm32f4xx.o [1]
    .data             inited   0x2000001c    0x40  xfiles.o [3]
    __DLIB_PERTHREAD  inited   0x2000005c    0x88  localeconv.o [3]
    __DLIB_PERTHREAD  inited   0x200000e4    0x74  setlocale.o [3]
                             - 0x20000158   0x158

"P2", part 2 of 3:                          0xc00
  CSTACK                       0x20000158   0x400  <Block>
    CSTACK            uninit   0x20000158   0x400  <Block tail>
  HEAP                         0x20000558   0x800  <Block>
    HEAP              uninit   0x20000558   0x800  <Block tail>
                             - 0x20000d58   0xc00

"P2", part 3 of 3:                         0x3f68
  .bss                zero     0x20000d58  0x3c18  heap_4.o [1]
  .bss                zero     0x20004970   0x108  main.o [1]
  .bss                zero     0x20004a78    0xa0  tasks.o [1]
  .bss                zero     0x20004b18    0x8c  tasks.o [1]
  .bss                zero     0x20004ba4    0x50  xfiles.o [3]
  .bss                zero     0x20004bf4    0x40  main.o [1]
  .bss                zero     0x20004c34    0x40  main.o [1]
  .bss                zero     0x20004c74    0x40  stm32f4xx_hal_timebase_tim.o [1]
  .bss                zero     0x20004cb4     0x8  xxmemxmalloc.o [3]
  .bss                zero     0x20004cbc     0x4  xgetmemchunk.o [3]
                             - 0x20004cc0  0x3f68


*******************************************************************************
*** INIT TABLE
***

          Address     Size
          -------     ----
Zero (__iar_zero_init3)
    1 destination range, total size 0x3f68:
          0x20000d58  0x3f68

Copy/packbits (__iar_packbits_init_single3)
    1 source range, total size 0x3e (18% of destination):
          0x08004588    0x3e
    1 destination range, total size 0x158:
          0x20000000   0x158



*******************************************************************************
*** MODULE SUMMARY
***

    Module                        ro code  ro data  rw data
    ------                        -------  -------  -------
C:\Users\seungwoo\Documents\SHACS_F446RE\EWARM\SHACS_F446RE\Obj: [1]
    cmsis_os.o                         82
    heap_4.o                          424            15 384
    list.o                            144
    main.o                            888       20      392
    port.o                            444        2       12
    portasm.o                         176
    startup_stm32f446xx.o             788
    stm32f4xx_hal.o                    80        2       12
    stm32f4xx_hal_cortex.o            152
    stm32f4xx_hal_dma.o                36
    stm32f4xx_hal_gpio.o              472
    stm32f4xx_hal_msp.o               664
    stm32f4xx_hal_pwr_ex.o            116
    stm32f4xx_hal_rcc.o               376
    stm32f4xx_hal_rcc_ex.o            868
    stm32f4xx_hal_tim.o               622
    stm32f4xx_hal_tim_ex.o              4
    stm32f4xx_hal_timebase_tim.o      124                64
    stm32f4xx_hal_uart.o            1 484
    stm32f4xx_it.o                     72
    system_stm32f4xx.o                 96        9        4
    tasks.o                         1 316               300
    -------------------------------------------------------
    Total:                          9 428       33   16 168

command line: [2]
    -------------------------------------------------------
    Total:

dl7M_tlf.a: [3]
    div.o                              14
    exit.o                              4
    localeconv.o                      108       25      136
    low_level_init.o                    4
    printf.o                           36
    putchar.o                          12
    setlocale.o                        20       20      116
    xencoding_sb.o                     96
    xfiles.o                                    11      144
    xgetmemchunk.o                     44                 4
    xmbcurmax.o                        10
    xmbtowc.o                          32
    xprintffull.o                   4 506
    xprout.o                           22
    xtls.o                              2
    xwctomb.o                          26
    xxmemxfree.o                      128
    xxmemxmalloc.o                    176                 8
    -------------------------------------------------------
    Total:                          5 240       56      408

m7M_tls.a: [4]
    DblAdd.o                          212
    DblCmpGe.o                         46
    DblCmpLe.o                         46
    DblDiv.o                          598
    DblMul.o                          418
    DblSub.o                          384
    DblToI32.o                         88
    I32ToDbl.o                         48
    fpinit_M.o                         34
    xdnorm.o                           68
    xdscale.o                         276
    -------------------------------------------------------
    Total:                          2 218

rt7M_tl.a: [5]
    ABImemclr4.o                        6
    ABImemcpy_unaligned.o             118
    ABImemset48.o                      50
    I64DivMod.o                       238
    I64DivZer.o                         2
    cexit.o                            10
    cmain.o                            26
    cstartup_M.o                       12
    data_init.o                        40
    memchr.o                           88
    packbits_init_single.o             56
    strchr.o                           22
    strlen.o                           54
    zero_init3.o                       64
    -------------------------------------------------------
    Total:                            786

shb_l.a: [6]
    exit.o                             20
    -------------------------------------------------------
    Total:                             20

    Gaps                               46        2
    Linker created                              33    3 072
-----------------------------------------------------------
    Grand Total:                   17 738      124   19 648


*******************************************************************************
*** ENTRY LIST
***

Entry                      Address    Size  Type      Object
-----                      -------    ----  ----      ------
.iar.init_table$$Base   0x08004388           --   Gb  - Linker created -
.iar.init_table$$Limit  0x080043a8           --   Gb  - Linker created -
?main                   0x080043a9          Code  Gb  cmain.o [5]
AHBPrescTable           0x0800426c    0x10  Data  Gb  system_stm32f4xx.o [1]
APBPrescTable           0x08004440     0x8  Data  Gb  system_stm32f4xx.o [1]
BusFault_Handler        0x08004283     0x2  Code  Gb  stm32f4xx_it.o [1]
CSTACK$$Base            0x20000158           --   Gb  - Linker created -
CSTACK$$Limit           0x20000558           --   Gb  - Linker created -
DebugMon_Handler        0x08004287     0x2  Code  Gb  stm32f4xx_it.o [1]
HAL_DMA_Abort_IT        0x08002909    0x24  Code  Gb  stm32f4xx_hal_dma.o [1]
HAL_GPIO_Init           0x08002ab5   0x19a  Code  Gb  stm32f4xx_hal_gpio.o [1]
HAL_GPIO_TogglePin      0x08002c57     0xe  Code  Gb  stm32f4xx_hal_gpio.o [1]
HAL_GPIO_WritePin       0x08002c4f     0x8  Code  Gb  stm32f4xx_hal_gpio.o [1]
HAL_GetTick             0x080028fd     0xc  Code  Wk  stm32f4xx_hal.o [1]
HAL_IncTick             0x08003845    0x10  Code  Wk  stm32f4xx_hal.o [1]
HAL_Init                0x08003725    0x30  Code  Gb  stm32f4xx_hal.o [1]
HAL_InitTick            0x08003089    0x6c  Code  Gb  stm32f4xx_hal_timebase_tim.o [1]
HAL_MspInit             0x08002665    0x34  Code  Gb  stm32f4xx_hal_msp.o [1]
HAL_NVIC_EnableIRQ      0x08002cfb    0x16  Code  Gb  stm32f4xx_hal_cortex.o [1]
HAL_NVIC_SetPriority    0x08002cc1    0x3a  Code  Gb  stm32f4xx_hal_cortex.o [1]
HAL_NVIC_SetPriorityGrouping
                        0x08002ca7    0x1a  Code  Gb  stm32f4xx_hal_cortex.o [1]
HAL_PWREx_EnableOverDrive
                        0x080037ad    0x44  Code  Gb  stm32f4xx_hal_pwr_ex.o [1]
HAL_RCC_ClockConfig     0x08002935    0xfa  Code  Gb  stm32f4xx_hal_rcc.o [1]
HAL_RCC_GetClockConfig  0x08002a5f    0x34  Code  Gb  stm32f4xx_hal_rcc.o [1]
HAL_RCC_GetPCLK1Freq    0x08002a3b    0x10  Code  Gb  stm32f4xx_hal_rcc.o [1]
HAL_RCC_GetPCLK2Freq    0x08002a4b     0xe  Code  Gb  stm32f4xx_hal_rcc.o [1]
HAL_RCC_GetSysClockFreq
                        0x08002d25    0x4a  Code  Gb  stm32f4xx_hal_rcc_ex.o [1]
HAL_RCC_OscConfig       0x08002d9b   0x2b6  Code  Gb  stm32f4xx_hal_rcc_ex.o [1]
HAL_TIMEx_BreakCallback
                        0x0800371d     0x2  Code  Wk  stm32f4xx_hal_tim_ex.o [1]
HAL_TIMEx_CommutCallback
                        0x08003721     0x2  Code  Wk  stm32f4xx_hal_tim_ex.o [1]
HAL_TIM_Base_Init       0x08003139    0x1a  Code  Gb  stm32f4xx_hal_tim.o [1]
HAL_TIM_Base_MspInit    0x0800339d     0x2  Code  Wk  stm32f4xx_hal_tim.o [1]
HAL_TIM_Base_Start_IT   0x08003153    0x20  Code  Gb  stm32f4xx_hal_tim.o [1]
HAL_TIM_IC_CaptureCallback
                        0x0800339f     0x2  Code  Wk  stm32f4xx_hal_tim.o [1]
HAL_TIM_IRQHandler      0x0800318f   0x142  Code  Gb  stm32f4xx_hal_tim.o [1]
HAL_TIM_OC_DelayElapsedCallback
                        0x080033a1     0x2  Code  Wk  stm32f4xx_hal_tim.o [1]
HAL_TIM_PWM_PulseFinishedCallback
                        0x08003723     0x2  Code  Wk  stm32f4xx_hal_tim.o [1]
HAL_TIM_PeriodElapsedCallback
                        0x08003675     0xe  Code  Gb  main.o [1]
HAL_TIM_TriggerCallback
                        0x0800371f     0x2  Code  Wk  stm32f4xx_hal_tim.o [1]
HAL_UART_ErrorCallback  0x0800292d     0x2  Code  Wk  stm32f4xx_hal_uart.o [1]
HAL_UART_IRQHandler     0x08002281   0x14e  Code  Gb  stm32f4xx_hal_uart.o [1]
HAL_UART_Init           0x0800209d    0x28  Code  Gb  stm32f4xx_hal_uart.o [1]
HAL_UART_MspInit        0x08002699   0x1b0  Code  Gb  stm32f4xx_hal_msp.o [1]
HAL_UART_Receive        0x080021ab    0xa6  Code  Gb  stm32f4xx_hal_uart.o [1]
HAL_UART_RxCpltCallback
                        0x08002931     0x2  Code  Wk  stm32f4xx_hal_uart.o [1]
HAL_UART_Transmit       0x0800210b    0xa0  Code  Gb  stm32f4xx_hal_uart.o [1]
HAL_UART_TxCpltCallback
                        0x0800292f     0x2  Code  Wk  stm32f4xx_hal_uart.o [1]
HEAP$$Base              0x20000558           --   Gb  - Linker created -
HEAP$$Limit             0x20000d58           --   Gb  - Linker created -
HardFault_Handler       0x0800427f     0x2  Code  Gb  stm32f4xx_it.o [1]
LedTask1                0x08003659    0x1c  Code  Gb  main.o [1]
LoadInt                 0x0800083b    0x6e  Code  Lc  xprintffull.o [3]
MemManage_Handler       0x08004281     0x2  Code  Gb  stm32f4xx_it.o [1]
NMI_Handler             0x0800427d     0x2  Code  Gb  stm32f4xx_it.o [1]
PendSV_Handler          0x0800416d          Code  Gb  portasm.o [1]
Region$$Table$$Base     0x08004388           --   Gb  - Linker created -
Region$$Table$$Limit    0x080043a8           --   Gb  - Linker created -
SVC_Handler             0x080041c5          Code  Gb  portasm.o [1]
StartDefaultTask        0x08003615    0x44  Code  Gb  main.o [1]
SysTick_Handler         0x080040fd    0x1e  Code  Gb  port.o [1]
SystemClock_Config      0x0800357d    0x98  Code  Gb  main.o [1]
SystemCoreClock         0x20000018     0x4  Data  Gb  system_stm32f4xx.o [1]
SystemInit              0x0800421d    0x3a  Code  Gb  system_stm32f4xx.o [1]
TIM1_UP_TIM10_IRQHandler
                        0x08004289     0x6  Code  Gb  stm32f4xx_it.o [1]
TIM_Base_SetConfig      0x080032d7    0x98  Code  Gb  stm32f4xx_hal_tim.o [1]
Task2Handle             0x20004a74     0x4  Data  Gb  main.o [1]
UART4_IRQHandler        0x0800429b     0x6  Code  Gb  stm32f4xx_it.o [1]
UART5_IRQHandler        0x080042a1     0x6  Code  Gb  stm32f4xx_it.o [1]
UART_DMAAbortOnError    0x08002445     0xc  Code  Lc  stm32f4xx_hal_uart.o [1]
UART_EndRxTransfer      0x08002425    0x1c  Code  Lc  stm32f4xx_hal_uart.o [1]
UART_Receive_IT         0x08002451    0x92  Code  Lc  stm32f4xx_hal_uart.o [1]
UART_SetConfig          0x080024e3   0x13a  Code  Lc  stm32f4xx_hal_uart.o [1]
UART_WaitOnFlagUntilTimeout
                        0x080023cf    0x56  Code  Lc  stm32f4xx_hal_uart.o [1]
USART1_IRQHandler       0x0800428f     0x6  Code  Gb  stm32f4xx_it.o [1]
USART3_IRQHandler       0x08004295     0x6  Code  Gb  stm32f4xx_it.o [1]
USART6_IRQHandler       0x080042a7     0x6  Code  Gb  stm32f4xx_it.o [1]
UsageFault_Handler      0x08004285     0x2  Code  Gb  stm32f4xx_it.o [1]
_EncodingSb_Mbtowc      0x08001f4f    0x30  Code  Gb  xencoding_sb.o [3]
_EncodingSb_Mbtowc::initial
                        0x08001f8c     0x8  Data  Lc  xencoding_sb.o [3]
_EncodingSb_Wctomb      0x08001f35    0x1a  Code  Gb  xencoding_sb.o [3]
_EncodingSb_Wctomb::initial
                        0x08001f84     0x8  Data  Lc  xencoding_sb.o [3]
_GenldFull              0x080010c1   0x254  Code  Lc  xprintffull.o [3]
_IsdstStr               0x200000e8     0x4  Data  Gb  setlocale.o [3]
_LdtobFull              0x08000cc1   0x3fa  Code  Lc  xprintffull.o [3]
_LitobFull              0x08000bb5   0x10a  Code  Lc  xprintffull.o [3]
_LocaleEncoding         0x08001f21     0xe  Code  Gb  setlocale.o [3]
_LocaleReturnString     0x20000108    0x50  Data  Lc  setlocale.o [3]
_Locale_Profile         0x200000ec    0x1c  Data  Gb  setlocale.o [3]
_Locale_aeabi_lconv     0x200000ac    0x38  Data  Gb  localeconv.o [3]
_Locale_lconv           0x2000005c    0x50  Data  Gb  localeconv.o [3]
_Mbtowc                 0x0800135f    0x20  Code  Gb  xmbtowc.o [3]
_PrintfFull             0x080001c5   0x660  Code  Gb  xprintffull.o [3]
_Prout                  0x080043ed    0x16  Code  Gb  xprout.o [3]
_PutcharsFull           0x08001315    0x2e  Code  Lc  xprintffull.o [3]
_PutstrFull             0x080008a9   0x306  Code  Lc  xprintffull.o [3]
_TzoneStr               0x200000e4     0x4  Data  Gb  setlocale.o [3]
_Wctomb                 0x080014e5    0x1a  Code  Gb  xwctomb.o [3]
__NVIC_SetPriority      0x08002c8d    0x1a  Code  Lc  stm32f4xx_hal_cortex.o [1]
__aeabi_cdcmple         0x0800172d          Code  Gb  DblCmpLe.o [4]
__aeabi_cdrcmple        0x0800175d          Code  Gb  DblCmpGe.o [4]
__aeabi_d2iz            0x080018a1          Code  Gb  DblToI32.o [4]
__aeabi_d2uiz           0x080018cd          Code  Gb  DblToI32.o [4]
__aeabi_ddiv            0x08001c4d          Code  Gb  DblDiv.o [4]
__aeabi_dmul            0x08001aa9          Code  Gb  DblMul.o [4]
__aeabi_dsub            0x08001929          Code  Gb  DblSub.o [4]
__aeabi_i2d             0x080018f9          Code  Gb  I32ToDbl.o [4]
__aeabi_ldiv0           0x08001fc1          Code  Gb  I64DivZer.o [5]
__aeabi_memclr4         0x08002aad          Code  Gb  ABImemclr4.o [5]
__aeabi_ui2d            0x0800190d          Code  Gb  I32ToDbl.o [4]
__aeabi_uldivmod        0x080015f9          Code  Gb  I64DivMod.o [5]
__cmain                 0x080043a9          Code  Gb  cmain.o [5]
__data_Aldata           0x20004cb4     0x8  Data  Gb  xxmemxmalloc.o [3]
__data_GetMemChunk      0x08001f95    0x2c  Code  Gb  xgetmemchunk.o [3]
__data_GetMemChunk::start
                        0x20004cbc     0x4  Data  Lc  xgetmemchunk.o [3]
__exit                  0x080043d9    0x14  Code  Gb  exit.o [6]
__iar_Dnorm             0x080016e7    0x44  Code  Gb  xdnorm.o [4]
__iar_Dscale            0x0800178d   0x114  Code  Gb  xdscale.o [4]
__iar_Locale_lconv_init
                        0x08001ea5    0x3a  Code  Gb  localeconv.o [3]
__iar_Mbcurmax          0x08001429     0xa  Code  Gb  xmbcurmax.o [3]
__iar_Memchr            0x080013d1          Code  Gb  memchr.o [5]
__iar_Memset4_word      0x08003105          Code  Gb  ABImemset48.o [5]
__iar_Memset8_word      0x08003105          Code  Gb  ABImemset48.o [5]
__iar_Stdout            0x2000001c    0x40  Data  Gb  xfiles.o [3]
__iar_Strchr            0x08001381          Code  Gb  strchr.o [5]
__iar_d2uiz             0x080018d9          Code  Gb  DblToI32.o [4]
__iar_dadd              0x08001fc5          Code  Gb  DblAdd.o [4]
__iar_data_init3        0x0800433d    0x28  Code  Gb  data_init.o [5]
__iar_dlib_perthread_access
                        0x08002099     0x2  Code  Gb  xtls.o [3]
__iar_dsub              0x0800193d          Code  Gb  DblSub.o [4]
__iar_dsubStart         0x0800194f          Code  Gb  DblSub.o [4]
__iar_init_vfp          0x08004365          Code  Gb  fpinit_M.o [4]
__iar_packbits_init_single3
                        0x08004305    0x38  Code  Gb  packbits_init_single.o [5]
__iar_program_start     0x08004435          Code  Gb  cstartup_M.o [5]
__iar_ui2d              0x08001911          Code  Gb  I32ToDbl.o [4]
__iar_unaligned___aeabi_memcpy
                        0x08001501          Code  Gb  ABImemcpy_unaligned.o [5]
__iar_unaligned___aeabi_memcpy4
                        0x08001521          Code  Gb  ABImemcpy_unaligned.o [5]
__iar_unaligned___aeabi_memcpy8
                        0x08001521          Code  Gb  ABImemcpy_unaligned.o [5]
__iar_zero_init3        0x080042c5    0x40  Code  Gb  zero_init3.o [5]
__low_level_init        0x080043c3     0x4  Code  Gb  low_level_init.o [3]
__vector_table          0x08000000          Data  Gb  startup_stm32f446xx.o [1]
_call_main              0x080043b5          Code  Gb  cmain.o [5]
_exit                   0x080043cd          Code  Gb  cexit.o [5]
_main                   0x080043bf          Code  Gb  cmain.o [5]
defaultTaskHandle       0x20004a70     0x4  Data  Gb  main.o [1]
div                     0x08001f11     0xe  Code  Gb  div.o [3]
exit                    0x080043c7     0x4  Code  Gb  exit.o [3]
fputc                   0x080033a5    0x14  Code  Gb  main.o [1]
free                    0x08001579    0x7a  Code  Gb  xxmemxfree.o [3]
htim1                   0x20004c74    0x40  Data  Gb  stm32f4xx_hal_timebase_tim.o [1]
huart1                  0x200049b0    0x40  Data  Gb  main.o [1]
huart2                  0x20004c34    0x40  Data  Gb  main.o [1]
huart3                  0x200049f0    0x40  Data  Gb  main.o [1]
huart4                  0x20004bf4    0x40  Data  Gb  main.o [1]
huart5                  0x20004970    0x40  Data  Gb  main.o [1]
huart6                  0x20004a30    0x40  Data  Gb  main.o [1]
localeconv              0x08001edf    0x16  Code  Gb  localeconv.o [3]
main                    0x080033b9   0x1aa  Code  Gb  main.o [1]
makeFreeRtosPriority    0x08003759     0xc  Code  Lc  cmsis_os.o [1]
malloc                  0x08001435    0xac  Code  Gb  xxmemxmalloc.o [3]
memchr                  0x080013d1          Code  Gb  memchr.o [5]
obuf                    0x20004ba4    0x50  Data  Lc  xfiles.o [3]
osDelay                 0x0800379d     0xe  Code  Gb  cmsis_os.o [1]
osKernelStart           0x08003765     0xa  Code  Gb  cmsis_os.o [1]
osThreadCreate          0x0800376f    0x2e  Code  Gb  cmsis_os.o [1]
printf                  0x08003821    0x24  Code  Gb  printf.o [3]
prvAddCurrentTaskToDelayedList
                        0x08003d01    0x5a  Code  Lc  tasks.o [1]
prvAddNewTaskToReadyList
                        0x08003925    0x9a  Code  Lc  tasks.o [1]
prvDeleteTCB            0x08003c85    0x14  Code  Lc  tasks.o [1]
prvIdleTask             0x08003c31    0x40  Code  Lc  tasks.o [1]
prvInitialiseNewTask    0x080038ad    0x78  Code  Lc  tasks.o [1]
prvInsertBlockIntoFreeList
                        0x08003ed5    0x46  Code  Lc  heap_4.o [1]
prvResetNextTaskUnblockTime
                        0x08003c99    0x1c  Code  Lc  tasks.o [1]
prvTaskExitError        0x08003fd9    0x28  Code  Lc  port.o [1]
putchar                 0x08004405     0xc  Code  Gb  putchar.o [3]
pvPortMalloc            0x08003d79    0xf8  Code  Gb  heap_4.o [1]
pxCurrentTCB            0x20004aa0     0x4  Data  Gb  tasks.o [1]
pxDelayedTaskList       0x20004aa4     0x4  Data  Lc  tasks.o [1]
pxEnd                   0x20000d60     0x4  Data  Lc  heap_4.o [1]
pxOverflowDelayedTaskList
                        0x20004aa8     0x4  Data  Lc  tasks.o [1]
pxPortInitialiseStack   0x08003fb1    0x26  Code  Gb  port.o [1]
pxReadyTasksLists       0x20004b18    0x8c  Data  Lc  tasks.o [1]
strchr                  0x08001381          Code  Gb  strchr.o [5]
strlen                  0x08001399          Code  Gb  strlen.o [5]
ucHeap                  0x20000d70  0x3c00  Data  Lc  heap_4.o [1]
ucMaxSysCallPriority    0x20000000     0x1  Data  Lc  port.o [1]
ulMaxPRIGROUPValue      0x20000008     0x4  Data  Lc  port.o [1]
uwTick                  0x20000010     0x4  Data  Gb  stm32f4xx_hal.o [1]
uwTickFreq              0x2000000c     0x1  Data  Gb  stm32f4xx_hal.o [1]
uwTickPrio              0x20000014     0x4  Data  Gb  stm32f4xx_hal.o [1]
uxCriticalNesting       0x20000004     0x4  Data  Lc  port.o [1]
uxCurrentNumberOfTasks  0x20004ac4     0x4  Data  Lc  tasks.o [1]
uxDeletedTasksWaitingCleanUp
                        0x20004aac     0x4  Data  Lc  tasks.o [1]
uxListRemove            0x08003f8b    0x26  Code  Gb  list.o [1]
uxPendedTicks           0x20004ad4     0x4  Data  Lc  tasks.o [1]
uxSchedulerSuspended    0x20004ae8     0x4  Data  Lc  tasks.o [1]
uxTaskNumber            0x20004ae0     0x4  Data  Lc  tasks.o [1]
uxTopReadyPriority      0x20004acc     0x4  Data  Lc  tasks.o [1]
vListInitialise         0x08003f21    0x1a  Code  Gb  list.o [1]
vListInitialiseItem     0x08003f3b     0x6  Code  Gb  list.o [1]
vListInsert             0x08003f59    0x32  Code  Gb  list.o [1]
vListInsertEnd          0x08003f41    0x18  Code  Gb  list.o [1]
vPortEnableVFP          0x08004201          Code  Gb  portasm.o [1]
vPortEnterCritical      0x080040a7    0x32  Code  Gb  port.o [1]
vPortExitCritical       0x080040d9    0x24  Code  Gb  port.o [1]
vPortFree               0x08003e83    0x44  Code  Gb  heap_4.o [1]
vPortSetupTimerInterrupt
                        0x08004145    0x28  Code  Wk  port.o [1]
vPortStartFirstTask     0x080041e1          Code  Gb  portasm.o [1]
vTaskDelay              0x080039e1    0x28  Code  Gb  tasks.o [1]
vTaskStartScheduler     0x08003a09    0x56  Code  Gb  tasks.o [1]
vTaskSuspendAll         0x08003a5f     0xc  Code  Gb  tasks.o [1]
vTaskSwitchContext      0x08003bd7    0x52  Code  Gb  tasks.o [1]
xBlockAllocatedBit      0x20000d6c     0x4  Data  Lc  heap_4.o [1]
xDelayedTaskList1       0x20004aec    0x14  Data  Lc  tasks.o [1]
xDelayedTaskList2       0x20004b00    0x14  Data  Lc  tasks.o [1]
xFreeBytesRemaining     0x20000d64     0x4  Data  Lc  heap_4.o [1]
xIdleTaskHandle         0x20004b14     0x4  Data  Lc  tasks.o [1]
xMinimumEverFreeBytesRemaining
                        0x20000d68     0x4  Data  Lc  heap_4.o [1]
xNextTaskUnblockTime    0x20004ae4     0x4  Data  Lc  tasks.o [1]
xNumOfOverflows         0x20004adc     0x4  Data  Lc  tasks.o [1]
xPendingReadyList       0x20004a78    0x14  Data  Lc  tasks.o [1]
xPortStartScheduler     0x08004001    0xa6  Code  Gb  port.o [1]
xSchedulerRunning       0x20004ad0     0x4  Data  Lc  tasks.o [1]
xStart                  0x20000d58     0x8  Data  Lc  heap_4.o [1]
xSuspendedTaskList      0x20004ab0    0x14  Data  Lc  tasks.o [1]
xTaskCreate             0x08003855    0x58  Code  Gb  tasks.o [1]
xTaskIncrementTick      0x08003b13    0xaa  Code  Gb  tasks.o [1]
xTaskResumeAll          0x08003a6b    0x8c  Code  Gb  tasks.o [1]
xTasksWaitingTermination
                        0x20004a8c    0x14  Data  Lc  tasks.o [1]
xTickCount              0x20004ac8     0x4  Data  Lc  tasks.o [1]
xYieldPending           0x20004ad8     0x4  Data  Lc  tasks.o [1]


[1] = C:\Users\seungwoo\Documents\SHACS_F446RE\EWARM\SHACS_F446RE\Obj
[2] = command line
[3] = dl7M_tlf.a
[4] = m7M_tls.a
[5] = rt7M_tl.a
[6] = shb_l.a

  17 738 bytes of readonly  code memory
     124 bytes of readonly  data memory
  19 648 bytes of readwrite data memory

Errors: none
Warnings: none
